******************************************************************************
                  TI ARM Linker PC v15.12.1                    
******************************************************************************
>> Linked Fri Jun 24 17:01:22 2016

OUTPUT FILE NAME:   <Exoskeleton.out>
ENTRY POINT SYMBOL: "_c_int00"  address: 00004cd1


MEMORY CONFIGURATION

         name            origin    length      used     unused   attr    fill
----------------------  --------  ---------  --------  --------  ----  --------
  FLASH                 00000000   00040000  0000544e  0003abb2  R  X
  SRAM                  20000000   00008000  00007fc8  00000038  RW X


SEGMENT ALLOCATION MAP

run origin  load origin   length   init length attrs members
----------  ----------- ---------- ----------- ----- -------
00000000    00000000    00005454   00005454    r-x
  00000000    00000000    0000026c   0000026c    r-- .intvecs
  0000026c    0000026c    00004f22   00004f22    r-x .text
  00005190    00005190    0000021c   0000021c    r-- .const
  000053b0    000053b0    000000a4   000000a4    r-- .cinit
20000000    20000000    00007fc8   00000000    rw-
  20000000    20000000    00007400   00000000    rw- .stack
  20007400    20007400    00000800   00000000    rw- .sysmem
  20007c00    20007c00    000001fc   00000000    rw- .data
  20007dfc    20007dfc    000001cc   00000000    rw- .bss


SECTION ALLOCATION MAP

 output                                  attributes/
section   page    origin      length       input sections
--------  ----  ----------  ----------   ----------------
.intvecs   0    00000000    0000026c     
                  00000000    0000026c     tm4c123gh6pm_startup_ccs.obj (.intvecs)

.text      0    0000026c    00004f22     
                  0000026c    00001110     rtsv7M4_T_le_v4SPD16_eabi.lib : _printfi.obj (.text)
                  0000137c    0000092a                                   : _scanfi.obj (.text)
                  00001ca6    00000002                                   : mpu_init.obj (.text)
                  00001ca8    000003fc     main1.obj (.text)
                  000020a4    000003dc     rtsv7M4_T_le_v4SPD16_eabi.lib : memory.obj (.text)
                  00002480    00000324                                   : trgdrv.obj (.text)
                  000027a4    0000030c                                   : lowlev.obj (.text)
                  00002ab0    0000023c                                   : strtod.obj (.text)
                  00002cec    000001f4                                   : ull_div_t2.obj (.text)
                  00002ee0    000001e4                                   : strtoll.obj (.text)
                  000030c4    000001d0                                   : fscanf.obj (.text)
                  00003294    000001c4                                   : fopen.obj (.text)
                  00003458    000001b6                                   : fd_add_t2.obj (.text)
                  0000360e    00000002                                   : startup.obj (.text)
                  00003610    0000016c                                   : strtoull.obj (.text)
                  0000377c    00000136                                   : fd_div_t2.obj (.text)
                  000038b2    00000002     --HOLE-- [fill = 0]
                  000038b4    00000134                                   : fputs.obj (.text)
                  000039e8    00000134                                   : strtol.obj (.text)
                  00003b1c    00000132     driverlib.lib : gpio.obj (.text:GPIOPadConfigSet)
                  00003c4e    00000002     --HOLE-- [fill = 0]
                  00003c50    00000114     rtsv7M4_T_le_v4SPD16_eabi.lib : strtoul.obj (.text)
                  00003d64    00000110     driverlib.lib : sysctl.obj (.text:SysCtlClockGet)
                  00003e74    000000fc     rtsv7M4_T_le_v4SPD16_eabi.lib : fd_mul_t2.obj (.text)
                  00003f70    000000fc                                   : s_scalbn.obj (.text)
                  0000406c    000000f4     driverlib.lib : sysctl.obj (.text:SysCtlClockSet)
                  00004160    000000dc     rtsv7M4_T_le_v4SPD16_eabi.lib : setvbuf.obj (.text)
                  0000423c    000000c8                                   : fflush.obj (.text)
                  00004304    000000ac                                   : _io_perm.obj (.text)
                  000043b0    000000a0                                   : _bufread.obj (.text)
                  00004450    0000009c                                   : memcpy_t2.obj (.text)
                  000044ec    00000098                                   : fclose.obj (.text)
                  00004584    00000098                                   : fputc.obj (.text)
                  0000461c    00000090                                   : fgetc.obj (.text)
                  000046ac    00000086                                   : fd_cmp_t2.obj (.text:__aeabi_cdcmple)
                  00004732    00000086                                   : fd_cmp_t2.obj (.text:__aeabi_cdrcmple)
                  000047b8    00000080                                   : ungetc.obj (.text)
                  00004838    0000007a     driverlib.lib : adc.obj (.text:ADCSequenceStepConfigure)
                  000048b2    0000007a     rtsv7M4_T_le_v4SPD16_eabi.lib : memset_t2.obj (.text)
                  0000492c    00000070                                   : autoinit.obj (.text)
                  0000499c    0000006e                                   : fd_tos_t2.obj (.text)
                  00004a0a    00000002     --HOLE-- [fill = 0]
                  00004a0c    0000006c                                   : fprintf.obj (.text)
                  00004a78    0000006a                                   : copy_decompress_rle.obj (.text)
                  00004ae2    00000002     --HOLE-- [fill = 0]
                  00004ae4    00000068                                   : trgmsg.obj (.text)
                  00004b4c    00000064                                   : fseek.obj (.text)
                  00004bb0    00000064                                   : ftell.obj (.text)
                  00004c14    00000064                                   : s_frexp.obj (.text)
                  00004c78    00000056                                   : ltoa.obj (.text)
                  00004cce    00000002     --HOLE-- [fill = 0]
                  00004cd0    00000054                                   : boot.obj (.text)
                  00004d24    00000054                                   : exit.obj (.text)
                  00004d78    0000004c                                   : atoi.obj (.text)
                  00004dc4    0000004c                                   : cpy_tbl.obj (.text)
                  00004e10    00000048                                   : fd_toi_t2.obj (.text)
                  00004e58    0000003e     driverlib.lib : adc.obj (.text:ADCSequenceConfigure)
                  00004e96    00000002     --HOLE-- [fill = 0]
                  00004e98    00000038                   : sysctl.obj (.text:SysCtlPeripheralReady)
                  00004ed0    00000034                   : sysctl.obj (.text:SysCtlPeripheralEnable)
                  00004f04    00000030     rtsv7M4_T_le_v4SPD16_eabi.lib : strncpy.obj (.text)
                  00004f34    0000002e     driverlib.lib : adc.obj (.text:ADCIntStatus)
                  00004f62    0000002e     rtsv7M4_T_le_v4SPD16_eabi.lib : i_tofd_t2.obj (.text)
                  00004f90    0000002a     driverlib.lib : gpio.obj (.text:GPIODirModeSet)
                  00004fba    00000020     rtsv7M4_T_le_v4SPD16_eabi.lib : memchr.obj (.text)
                  00004fda    0000001e     driverlib.lib : adc.obj (.text:ADCSequenceDataGet)
                  00004ff8    0000001e     rtsv7M4_T_le_v4SPD16_eabi.lib : strcat.obj (.text)
                  00005016    0000001c                                   : memccpy.obj (.text)
                  00005032    00000018     driverlib.lib : adc.obj (.text:ADCProcessorTrigger)
                  0000504a    00000018                   : gpio.obj (.text:GPIOPinTypeGPIOOutput)
                  00005062    00000002     --HOLE-- [fill = 0]
                  00005064    00000018     rtsv7M4_T_le_v4SPD16_eabi.lib : args_main.obj (.text)
                  0000507c    00000018                                   : ll_mul_t2.obj (.text)
                  00005094    00000018                                   : strcmp.obj (.text)
                  000050ac    00000018                                   : strrchr.obj (.text)
                  000050c4    00000016                                   : strchr.obj (.text)
                  000050da    00000002     --HOLE-- [fill = 0]
                  000050dc    00000014                                   : _lock.obj (.text)
                  000050f0    00000014                                   : s_copysign.obj (.text)
                  00005104    00000014                                   : strcpy.obj (.text)
                  00005118    00000014                                   : strlen.obj (.text)
                  0000512c    00000012     driverlib.lib : gpio.obj (.text:GPIOPinTypeADC)
                  0000513e    0000000e                   : adc.obj (.text:ADCSequenceEnable)
                  0000514c    0000000e     rtsv7M4_T_le_v4SPD16_eabi.lib : copy_decompress_none.obj (.text:decompress:none)
                  0000515a    0000000c     tm4c123gh6pm_startup_ccs.obj (.text)
                  00005166    0000000a     driverlib.lib : adc.obj (.text:ADCIntClear)
                  00005170    00000008     rtsv7M4_T_le_v4SPD16_eabi.lib : rewind.obj (.text)
                  00005178    00000006     driverlib.lib : gpio.obj (.text:GPIOPinWrite)
                  0000517e    00000006                   : sysctl.obj (.text:SysCtlDelay)
                  00005184    00000006     rtsv7M4_T_le_v4SPD16_eabi.lib : copy_decompress_rle.obj (.text:decompress:rle24)
                  0000518a    00000004                                   : pre_init.obj (.text)

.const     0    00005190    0000021c     
                  00005190    00000101     rtsv7M4_T_le_v4SPD16_eabi.lib : ctype.obj (.const:.string:_ctypes_)
                  00005291    00000007     --HOLE-- [fill = 0]
                  00005298    00000098                                   : strtod.obj (.const:$O1$$)
                  00005330    0000006c     driverlib.lib : sysctl.obj (.const:g_pui32Xtals)
                  0000539c    00000010     rtsv7M4_T_le_v4SPD16_eabi.lib : _scanfi.obj (.const:$O1$$)

.cinit     0    000053b0    000000a4     
                  000053b0    0000007d     (.cinit..data.load) [load image, compression = rle]
                  0000542d    00000003     --HOLE-- [fill = 0]
                  00005430    0000000b     (.cinit..bss.load) [load image, compression = rle]
                  0000543b    00000001     --HOLE-- [fill = 0]
                  0000543c    00000008     (__TI_handler_table)
                  00005444    00000010     (__TI_cinit_table)

.init_array 
*          0    00000000    00000000     UNINITIALIZED

.stack     0    20000000    00007400     UNINITIALIZED
                  20000000    00007400     --HOLE--

.sysmem    0    20007400    00000800     UNINITIALIZED
                  20007400    00000008     rtsv7M4_T_le_v4SPD16_eabi.lib : memory.obj (.sysmem)
                  20007408    000007f8     --HOLE--

.data      0    20007c00    000001fc     UNINITIALIZED
                  20007c00    000000f0     rtsv7M4_T_le_v4SPD16_eabi.lib : defs.obj (.data:_ftable)
                  20007cf0    000000d0                                   : lowlev.obj (.data:$O1$$)
                  20007dc0    00000010                                   : defs.obj (.data)
                  20007dd0    0000000c                                   : exit.obj (.data:$O1$$)
                  20007ddc    0000000c                                   : memory.obj (.data:$O1$$)
                  20007de8    00000008                                   : _lock.obj (.data:$O1$$)
                  20007df0    00000004                                   : errno.obj (.data)
                  20007df4    00000004                                   : fopen.obj (.data)
                  20007df8    00000004                                   : stkdepth_vars.obj (.data)

.bss       0    20007dfc    000001cc     UNINITIALIZED
                  20007dfc    00000120     rtsv7M4_T_le_v4SPD16_eabi.lib : trgmsg.obj (.bss:_CIOBUF_)
                  20007f1c    000000a0     (.common:__TI_tmpnams)
                  20007fbc    00000008                                   : trgdrv.obj (.bss:parmbuf)
                  20007fc4    00000004     (.common:fp)

MODULE SUMMARY

       Module                         code    ro data   rw data
       ------                         ----    -------   -------
    .\
       main1.obj                      1020    0         4      
       tm4c123gh6pm_startup_ccs.obj   12      620       0      
    +--+------------------------------+-------+---------+---------+
       Total:                         1032    620       4      
                                                               
    C:/ti/TivaWare_C_Series-2.1.2.111/driverlib/ccs/Debug/driverlib.lib
       sysctl.obj                     630     108       0      
       gpio.obj                       396     0         0      
       adc.obj                        308     0         0      
    +--+------------------------------+-------+---------+---------+
       Total:                         1334    108       0      
                                                               
    C:\ti\ccsv6\tools\compiler\ti-cgt-arm_15.12.1.LTS\lib\rtsv7M4_T_le_v4SPD16_eabi.lib
       _printfi.obj                   4368    0         0      
       _scanfi.obj                    2346    16        0      
       memory.obj                     988     0         12     
       lowlev.obj                     780     0         208    
       trgdrv.obj                     804     0         8      
       strtod.obj                     572     152       0      
       ull_div_t2.obj                 500     0         0      
       strtoll.obj                    484     0         0      
       fscanf.obj                     464     0         0      
       fopen.obj                      452     0         4      
       fd_add_t2.obj                  438     0         0      
       defs.obj                       0       0         416    
       trgmsg.obj                     104     0         288    
       strtoull.obj                   364     0         0      
       fd_div_t2.obj                  310     0         0      
       fputs.obj                      308     0         0      
       strtol.obj                     308     0         0      
       strtoul.obj                    276     0         0      
       fd_cmp_t2.obj                  268     0         0      
       ctype.obj                      0       257       0      
       fd_mul_t2.obj                  252     0         0      
       s_scalbn.obj                   252     0         0      
       setvbuf.obj                    220     0         0      
       fflush.obj                     200     0         0      
       _io_perm.obj                   172     0         0      
       _bufread.obj                   160     0         0      
       memcpy_t2.obj                  156     0         0      
       fclose.obj                     152     0         0      
       fputc.obj                      152     0         0      
       fgetc.obj                      144     0         0      
       ungetc.obj                     128     0         0      
       memset_t2.obj                  122     0         0      
       autoinit.obj                   112     0         0      
       copy_decompress_rle.obj        112     0         0      
       fd_tos_t2.obj                  110     0         0      
       fprintf.obj                    108     0         0      
       fseek.obj                      100     0         0      
       ftell.obj                      100     0         0      
       s_frexp.obj                    100     0         0      
       exit.obj                       84      0         12     
       ltoa.obj                       86      0         0      
       boot.obj                       84      0         0      
       atoi.obj                       76      0         0      
       cpy_tbl.obj                    76      0         0      
       fd_toi_t2.obj                  72      0         0      
       strncpy.obj                    48      0         0      
       i_tofd_t2.obj                  46      0         0      
       memchr.obj                     32      0         0      
       strcat.obj                     30      0         0      
       _lock.obj                      20      0         8      
       memccpy.obj                    28      0         0      
       args_main.obj                  24      0         0      
       ll_mul_t2.obj                  24      0         0      
       strcmp.obj                     24      0         0      
       strrchr.obj                    24      0         0      
       strchr.obj                     22      0         0      
       s_copysign.obj                 20      0         0      
       strcpy.obj                     20      0         0      
       strlen.obj                     20      0         0      
       copy_decompress_none.obj       14      0         0      
       rewind.obj                     8       0         0      
       errno.obj                      0       0         4      
       pre_init.obj                   4       0         0      
       stkdepth_vars.obj              0       0         4      
       mpu_init.obj                   2       0         0      
       startup.obj                    2       0         0      
    +--+------------------------------+-------+---------+---------+
       Total:                         17876   425       964    
                                                               
       Heap:                          0       0         2048   
       Stack:                         0       0         29696  
       Linker Generated:              0       160       0      
    +--+------------------------------+-------+---------+---------+
       Grand Total:                   20242   1313      32712  


LINKER GENERATED COPY TABLES

__TI_cinit_table @ 00005444 records: 2, size/record: 8, table size: 16
	.data: load addr=000053b0, load size=0000007d bytes, run addr=20007c00, run size=000001fc bytes, compression=rle
	.bss: load addr=00005430, load size=0000000b bytes, run addr=20007dfc, run size=000001cc bytes, compression=rle


LINKER GENERATED HANDLER TABLE

__TI_handler_table @ 0000543c records: 2, size/record: 4, table size: 8
	index: 0, handler: __TI_decompress_rle24
	index: 1, handler: __TI_decompress_none


GLOBAL SYMBOLS: SORTED ALPHABETICALLY BY Name 

address   name                           
-------   ----                           
00005167  ADCIntClear                    
00004f35  ADCIntStatus                   
00005033  ADCProcessorTrigger            
00004e59  ADCSequenceConfigure           
00004fdb  ADCSequenceDataGet             
0000513f  ADCSequenceEnable              
00004839  ADCSequenceStepConfigure       
00004d25  C$$EXIT                        
00004b13  C$$IO$$                        
00004f91  GPIODirModeSet                 
00003b1d  GPIOPadConfigSet               
0000512d  GPIOPinTypeADC                 
0000504b  GPIOPinTypeGPIOOutput          
00005179  GPIOPinWrite                   
00002757  HOSTclock                      
0000271f  HOSTclose                      
000026e1  HOSTgetenv                     
00002685  HOSTlseek                      
00002633  HOSTopen                       
000025e7  HOSTread                       
00002589  HOSTrename                     
0000254f  HOSTtime                       
00002505  HOSTtime64                     
000024cd  HOSTunlink                     
00002481  HOSTwrite                      
0000515b  ResetISR                       
UNDEFED   SHT$$INIT_ARRAY$$Base          
UNDEFED   SHT$$INIT_ARRAY$$Limit         
00003d65  SysCtlClockGet                 
0000406d  SysCtlClockSet                 
0000517f  SysCtlDelay                    
00004ed1  SysCtlPeripheralEnable         
00004e99  SysCtlPeripheralReady          
20007dfc  __CIOBUF_                      
20007400  __STACK_END                    
00007400  __STACK_SIZE                   
20000200  __STACK_TOP                    
00000800  __SYSMEM_SIZE                  
00005444  __TI_CINIT_Base                
00005454  __TI_CINIT_Limit               
0000543c  __TI_Handler_Table_Base        
00005444  __TI_Handler_Table_Limit       
0000492d  __TI_auto_init                 
000043b1  __TI_buff_read                 
0000335d  __TI_cleanup                   
20007dd0  __TI_cleanup_ptr               
000044ed  __TI_closefile                 
0000514d  __TI_decompress_none           
00005185  __TI_decompress_rle24          
0000423d  __TI_doflush                   
20007dd4  __TI_dtors_ptr                 
20007dd8  __TI_enable_exit_profile_output
20007dc0  __TI_ft_end                    
ffffffff  __TI_pprof_out_hndl            
00001077  __TI_printfi                   
ffffffff  __TI_prof_data_size            
ffffffff  __TI_prof_data_start           
00004367  __TI_rd_ok                     
00004b17  __TI_readmsg                   
000017f9  __TI_scanfi                    
00000000  __TI_static_base__             
20007f1c  __TI_tmpnams                   
00004ae5  __TI_writemsg                  
00004305  __TI_wrt_ok                    
000046ad  __aeabi_cdcmpeq                
000046ad  __aeabi_cdcmple                
00004733  __aeabi_cdrcmple               
0000499d  __aeabi_d2f                    
00004e11  __aeabi_d2iz                   
00003463  __aeabi_dadd                   
0000377d  __aeabi_ddiv                   
00003e75  __aeabi_dmul                   
00003459  __aeabi_dsub                   
00004f63  __aeabi_i2d                    
0000507d  __aeabi_lmul                   
000048b3  __aeabi_memclr                 
000048b3  __aeabi_memclr4                
000048b3  __aeabi_memclr8                
00004451  __aeabi_memcpy                 
00004451  __aeabi_memcpy4                
00004451  __aeabi_memcpy8                
000048b5  __aeabi_memset                 
000048b5  __aeabi_memset4                
000048b5  __aeabi_memset8                
20007dcc  __aeabi_stderr                 
20007dc4  __aeabi_stdin                  
20007dc8  __aeabi_stdout                 
00002ced  __aeabi_uldivmod               
ffffffff  __binit__                      
ffffffff  __c_args__                     
00001ca7  __mpu_init                     
20000000  __stack                        
00005065  _args_main                     
00004cd1  _c_int00                       
00005190  _ctypes_                       
20007c00  _ftable                        
20007de8  _lock                          
000050eb  _nop                           
000050e3  _register_lock                 
000050dd  _register_unlock               
20007400  _sys_memory                    
0000360f  _system_post_cinit             
0000518b  _system_pre_init               
20007dec  _unlock                        
00004d29  abort                          
00002a05  add_device                     
00004d79  atoi                           
ffffffff  binit                          
0000244d  calloc                         
000029b5  close                          
00004dc5  copy_in                        
000050f1  copysign                       
000050f1  copysignl                      
20007df0  errno                          
00004d31  exit                           
00004553  fclose                         
00004289  fflush                         
0000461d  fgetc                          
000033b3  fopen                          
20007fc4  fp                             
00004a15  fprintf                        
00004585  fputc                          
000038b5  fputs                          
0000219b  free                           
00003389  freopen                        
00004c15  frexp                          
00004c15  frexpl                         
00003225  fscanf                         
00004b4d  fseek                          
00004bb1  ftell                          
00000000  g_pfnVectors                   
0000461d  getc                           
00004699  getchar                        
00001cfb  itoa                           
00003f71  ldexp                          
00003f71  ldexpl                         
00002991  lseek                          
00004c79  ltoa                           
00001ee5  main                           
20007df8  main_func_sp                   
00002133  malloc                         
00002369  memalign                       
00005017  memccpy                        
00004fbb  memchr                         
00004451  memcpy                         
000048bb  memset                         
000020a5  minit                          
000028e3  open                           
00001da9  openOutputFile                 
00001e61  printDataToFiles               
00004585  putc                           
00004609  putchar                        
000039c1  puts                           
000028bf  read                           
0000225d  realloc                        
00002835  remove                         
00002897  remove_device                  
00002859  rename                         
00001ca9  reverse                        
00005171  rewind                         
00003f71  scalbn                         
00003f71  scalbnl                        
000031d7  scanf                          
00004161  setvbuf                        
00004ff9  strcat                         
000050c5  strchr                         
00005095  strcmp                         
00005105  strcpy                         
00005119  strlen                         
00004f05  strncpy                        
000050ad  strrchr                        
00002ab1  strtod                         
000039e9  strtol                         
00002ab1  strtold                        
00002ee1  strtoll                        
00003c51  strtoul                        
00003611  strtoull                       
000047b9  ungetc                         
00002835  unlink                         
00003197  vfscanf                        
00003159  vscanf                         
000027a5  write                          


GLOBAL SYMBOLS: SORTED BY Symbol Address 

address   name                           
-------   ----                           
00000000  __TI_static_base__             
00000000  g_pfnVectors                   
00000800  __SYSMEM_SIZE                  
00001077  __TI_printfi                   
000017f9  __TI_scanfi                    
00001ca7  __mpu_init                     
00001ca9  reverse                        
00001cfb  itoa                           
00001da9  openOutputFile                 
00001e61  printDataToFiles               
00001ee5  main                           
000020a5  minit                          
00002133  malloc                         
0000219b  free                           
0000225d  realloc                        
00002369  memalign                       
0000244d  calloc                         
00002481  HOSTwrite                      
000024cd  HOSTunlink                     
00002505  HOSTtime64                     
0000254f  HOSTtime                       
00002589  HOSTrename                     
000025e7  HOSTread                       
00002633  HOSTopen                       
00002685  HOSTlseek                      
000026e1  HOSTgetenv                     
0000271f  HOSTclose                      
00002757  HOSTclock                      
000027a5  write                          
00002835  remove                         
00002835  unlink                         
00002859  rename                         
00002897  remove_device                  
000028bf  read                           
000028e3  open                           
00002991  lseek                          
000029b5  close                          
00002a05  add_device                     
00002ab1  strtod                         
00002ab1  strtold                        
00002ced  __aeabi_uldivmod               
00002ee1  strtoll                        
00003159  vscanf                         
00003197  vfscanf                        
000031d7  scanf                          
00003225  fscanf                         
0000335d  __TI_cleanup                   
00003389  freopen                        
000033b3  fopen                          
00003459  __aeabi_dsub                   
00003463  __aeabi_dadd                   
0000360f  _system_post_cinit             
00003611  strtoull                       
0000377d  __aeabi_ddiv                   
000038b5  fputs                          
000039c1  puts                           
000039e9  strtol                         
00003b1d  GPIOPadConfigSet               
00003c51  strtoul                        
00003d65  SysCtlClockGet                 
00003e75  __aeabi_dmul                   
00003f71  ldexp                          
00003f71  ldexpl                         
00003f71  scalbn                         
00003f71  scalbnl                        
0000406d  SysCtlClockSet                 
00004161  setvbuf                        
0000423d  __TI_doflush                   
00004289  fflush                         
00004305  __TI_wrt_ok                    
00004367  __TI_rd_ok                     
000043b1  __TI_buff_read                 
00004451  __aeabi_memcpy                 
00004451  __aeabi_memcpy4                
00004451  __aeabi_memcpy8                
00004451  memcpy                         
000044ed  __TI_closefile                 
00004553  fclose                         
00004585  fputc                          
00004585  putc                           
00004609  putchar                        
0000461d  fgetc                          
0000461d  getc                           
00004699  getchar                        
000046ad  __aeabi_cdcmpeq                
000046ad  __aeabi_cdcmple                
00004733  __aeabi_cdrcmple               
000047b9  ungetc                         
00004839  ADCSequenceStepConfigure       
000048b3  __aeabi_memclr                 
000048b3  __aeabi_memclr4                
000048b3  __aeabi_memclr8                
000048b5  __aeabi_memset                 
000048b5  __aeabi_memset4                
000048b5  __aeabi_memset8                
000048bb  memset                         
0000492d  __TI_auto_init                 
0000499d  __aeabi_d2f                    
00004a15  fprintf                        
00004ae5  __TI_writemsg                  
00004b13  C$$IO$$                        
00004b17  __TI_readmsg                   
00004b4d  fseek                          
00004bb1  ftell                          
00004c15  frexp                          
00004c15  frexpl                         
00004c79  ltoa                           
00004cd1  _c_int00                       
00004d25  C$$EXIT                        
00004d29  abort                          
00004d31  exit                           
00004d79  atoi                           
00004dc5  copy_in                        
00004e11  __aeabi_d2iz                   
00004e59  ADCSequenceConfigure           
00004e99  SysCtlPeripheralReady          
00004ed1  SysCtlPeripheralEnable         
00004f05  strncpy                        
00004f35  ADCIntStatus                   
00004f63  __aeabi_i2d                    
00004f91  GPIODirModeSet                 
00004fbb  memchr                         
00004fdb  ADCSequenceDataGet             
00004ff9  strcat                         
00005017  memccpy                        
00005033  ADCProcessorTrigger            
0000504b  GPIOPinTypeGPIOOutput          
00005065  _args_main                     
0000507d  __aeabi_lmul                   
00005095  strcmp                         
000050ad  strrchr                        
000050c5  strchr                         
000050dd  _register_unlock               
000050e3  _register_lock                 
000050eb  _nop                           
000050f1  copysign                       
000050f1  copysignl                      
00005105  strcpy                         
00005119  strlen                         
0000512d  GPIOPinTypeADC                 
0000513f  ADCSequenceEnable              
0000514d  __TI_decompress_none           
0000515b  ResetISR                       
00005167  ADCIntClear                    
00005171  rewind                         
00005179  GPIOPinWrite                   
0000517f  SysCtlDelay                    
00005185  __TI_decompress_rle24          
0000518b  _system_pre_init               
00005190  _ctypes_                       
0000543c  __TI_Handler_Table_Base        
00005444  __TI_CINIT_Base                
00005444  __TI_Handler_Table_Limit       
00005454  __TI_CINIT_Limit               
00007400  __STACK_SIZE                   
20000000  __stack                        
20000200  __STACK_TOP                    
20007400  __STACK_END                    
20007400  _sys_memory                    
20007c00  _ftable                        
20007dc0  __TI_ft_end                    
20007dc4  __aeabi_stdin                  
20007dc8  __aeabi_stdout                 
20007dcc  __aeabi_stderr                 
20007dd0  __TI_cleanup_ptr               
20007dd4  __TI_dtors_ptr                 
20007dd8  __TI_enable_exit_profile_output
20007de8  _lock                          
20007dec  _unlock                        
20007df0  errno                          
20007df8  main_func_sp                   
20007dfc  __CIOBUF_                      
20007f1c  __TI_tmpnams                   
20007fc4  fp                             
ffffffff  __TI_pprof_out_hndl            
ffffffff  __TI_prof_data_size            
ffffffff  __TI_prof_data_start           
ffffffff  __binit__                      
ffffffff  __c_args__                     
ffffffff  binit                          
UNDEFED   SHT$$INIT_ARRAY$$Base          
UNDEFED   SHT$$INIT_ARRAY$$Limit         

[182 symbols]
