<?xml version="1.0"?>
<link_info>
   <banner>TI ARM Linker PC v15.12.1.LTS</banner>
   <copyright>Copyright (c) 1996-2015 Texas Instruments Incorporated</copyright>
   <link_time>0x576480f2</link_time>
   <link_errors>0x0</link_errors>
   <output_file>Exoskeleton.out</output_file>
   <entry_point>
      <name>_c_int00</name>
      <address>0x4c59</address>
   </entry_point>
   <input_file_list>
      <input_file id="fl-2">
         <path>.\</path>
         <kind>object</kind>
         <file>main.obj</file>
         <name>main.obj</name>
      </input_file>
      <input_file id="fl-3">
         <path>.\</path>
         <kind>object</kind>
         <file>tm4c123gh6pm_startup_ccs.obj</file>
         <name>tm4c123gh6pm_startup_ccs.obj</name>
      </input_file>
      <input_file id="fl-be">
         <path>C:\ti\ccsv6\tools\compiler\ti-cgt-arm_15.12.1.LTS\lib\</path>
         <kind>archive</kind>
         <file>rtsv7M4_T_le_v4SPD16_eabi.lib</file>
         <name>boot.obj</name>
      </input_file>
      <input_file id="fl-bf">
         <path>C:\ti\ccsv6\tools\compiler\ti-cgt-arm_15.12.1.LTS\lib\</path>
         <kind>archive</kind>
         <file>rtsv7M4_T_le_v4SPD16_eabi.lib</file>
         <name>copy_decompress_none.obj</name>
      </input_file>
      <input_file id="fl-c0">
         <path>C:\ti\ccsv6\tools\compiler\ti-cgt-arm_15.12.1.LTS\lib\</path>
         <kind>archive</kind>
         <file>rtsv7M4_T_le_v4SPD16_eabi.lib</file>
         <name>copy_decompress_rle.obj</name>
      </input_file>
      <input_file id="fl-c1">
         <path>C:\ti\ccsv6\tools\compiler\ti-cgt-arm_15.12.1.LTS\lib\</path>
         <kind>archive</kind>
         <file>rtsv7M4_T_le_v4SPD16_eabi.lib</file>
         <name>copy_zero_init.obj</name>
      </input_file>
      <input_file id="fl-c2">
         <path>C:\ti\ccsv6\tools\compiler\ti-cgt-arm_15.12.1.LTS\lib\</path>
         <kind>archive</kind>
         <file>rtsv7M4_T_le_v4SPD16_eabi.lib</file>
         <name>exit.obj</name>
      </input_file>
      <input_file id="fl-c3">
         <path>C:\ti\ccsv6\tools\compiler\ti-cgt-arm_15.12.1.LTS\lib\</path>
         <kind>archive</kind>
         <file>rtsv7M4_T_le_v4SPD16_eabi.lib</file>
         <name>fclose.obj</name>
      </input_file>
      <input_file id="fl-c4">
         <path>C:\ti\ccsv6\tools\compiler\ti-cgt-arm_15.12.1.LTS\lib\</path>
         <kind>archive</kind>
         <file>rtsv7M4_T_le_v4SPD16_eabi.lib</file>
         <name>fflush.obj</name>
      </input_file>
      <input_file id="fl-c5">
         <path>C:\ti\ccsv6\tools\compiler\ti-cgt-arm_15.12.1.LTS\lib\</path>
         <kind>archive</kind>
         <file>rtsv7M4_T_le_v4SPD16_eabi.lib</file>
         <name>fopen.obj</name>
      </input_file>
      <input_file id="fl-c6">
         <path>C:\ti\ccsv6\tools\compiler\ti-cgt-arm_15.12.1.LTS\lib\</path>
         <kind>archive</kind>
         <file>rtsv7M4_T_le_v4SPD16_eabi.lib</file>
         <name>fprintf.obj</name>
      </input_file>
      <input_file id="fl-c7">
         <path>C:\ti\ccsv6\tools\compiler\ti-cgt-arm_15.12.1.LTS\lib\</path>
         <kind>archive</kind>
         <file>rtsv7M4_T_le_v4SPD16_eabi.lib</file>
         <name>fputc.obj</name>
      </input_file>
      <input_file id="fl-c8">
         <path>C:\ti\ccsv6\tools\compiler\ti-cgt-arm_15.12.1.LTS\lib\</path>
         <kind>archive</kind>
         <file>rtsv7M4_T_le_v4SPD16_eabi.lib</file>
         <name>fputs.obj</name>
      </input_file>
      <input_file id="fl-c9">
         <path>C:\ti\ccsv6\tools\compiler\ti-cgt-arm_15.12.1.LTS\lib\</path>
         <kind>archive</kind>
         <file>rtsv7M4_T_le_v4SPD16_eabi.lib</file>
         <name>fscanf.obj</name>
      </input_file>
      <input_file id="fl-ca">
         <path>C:\ti\ccsv6\tools\compiler\ti-cgt-arm_15.12.1.LTS\lib\</path>
         <kind>archive</kind>
         <file>rtsv7M4_T_le_v4SPD16_eabi.lib</file>
         <name>fseek.obj</name>
      </input_file>
      <input_file id="fl-cb">
         <path>C:\ti\ccsv6\tools\compiler\ti-cgt-arm_15.12.1.LTS\lib\</path>
         <kind>archive</kind>
         <file>rtsv7M4_T_le_v4SPD16_eabi.lib</file>
         <name>ftell.obj</name>
      </input_file>
      <input_file id="fl-cc">
         <path>C:\ti\ccsv6\tools\compiler\ti-cgt-arm_15.12.1.LTS\lib\</path>
         <kind>archive</kind>
         <file>rtsv7M4_T_le_v4SPD16_eabi.lib</file>
         <name>lowlev.obj</name>
      </input_file>
      <input_file id="fl-cd">
         <path>C:\ti\ccsv6\tools\compiler\ti-cgt-arm_15.12.1.LTS\lib\</path>
         <kind>archive</kind>
         <file>rtsv7M4_T_le_v4SPD16_eabi.lib</file>
         <name>memchr.obj</name>
      </input_file>
      <input_file id="fl-ce">
         <path>C:\ti\ccsv6\tools\compiler\ti-cgt-arm_15.12.1.LTS\lib\</path>
         <kind>archive</kind>
         <file>rtsv7M4_T_le_v4SPD16_eabi.lib</file>
         <name>memcpy_t2.obj</name>
      </input_file>
      <input_file id="fl-cf">
         <path>C:\ti\ccsv6\tools\compiler\ti-cgt-arm_15.12.1.LTS\lib\</path>
         <kind>archive</kind>
         <file>rtsv7M4_T_le_v4SPD16_eabi.lib</file>
         <name>memory.obj</name>
      </input_file>
      <input_file id="fl-d0">
         <path>C:\ti\ccsv6\tools\compiler\ti-cgt-arm_15.12.1.LTS\lib\</path>
         <kind>archive</kind>
         <file>rtsv7M4_T_le_v4SPD16_eabi.lib</file>
         <name>memset_t2.obj</name>
      </input_file>
      <input_file id="fl-d1">
         <path>C:\ti\ccsv6\tools\compiler\ti-cgt-arm_15.12.1.LTS\lib\</path>
         <kind>archive</kind>
         <file>rtsv7M4_T_le_v4SPD16_eabi.lib</file>
         <name>mpu_init.obj</name>
      </input_file>
      <input_file id="fl-d2">
         <path>C:\ti\ccsv6\tools\compiler\ti-cgt-arm_15.12.1.LTS\lib\</path>
         <kind>archive</kind>
         <file>rtsv7M4_T_le_v4SPD16_eabi.lib</file>
         <name>pre_init.obj</name>
      </input_file>
      <input_file id="fl-d3">
         <path>C:\ti\ccsv6\tools\compiler\ti-cgt-arm_15.12.1.LTS\lib\</path>
         <kind>archive</kind>
         <file>rtsv7M4_T_le_v4SPD16_eabi.lib</file>
         <name>remove.obj</name>
      </input_file>
      <input_file id="fl-d4">
         <path>C:\ti\ccsv6\tools\compiler\ti-cgt-arm_15.12.1.LTS\lib\</path>
         <kind>archive</kind>
         <file>rtsv7M4_T_le_v4SPD16_eabi.lib</file>
         <name>rewind.obj</name>
      </input_file>
      <input_file id="fl-d5">
         <path>C:\ti\ccsv6\tools\compiler\ti-cgt-arm_15.12.1.LTS\lib\</path>
         <kind>archive</kind>
         <file>rtsv7M4_T_le_v4SPD16_eabi.lib</file>
         <name>stkdepth_vars.obj</name>
      </input_file>
      <input_file id="fl-d6">
         <path>C:\ti\ccsv6\tools\compiler\ti-cgt-arm_15.12.1.LTS\lib\</path>
         <kind>archive</kind>
         <file>rtsv7M4_T_le_v4SPD16_eabi.lib</file>
         <name>strcat.obj</name>
      </input_file>
      <input_file id="fl-d7">
         <path>C:\ti\ccsv6\tools\compiler\ti-cgt-arm_15.12.1.LTS\lib\</path>
         <kind>archive</kind>
         <file>rtsv7M4_T_le_v4SPD16_eabi.lib</file>
         <name>strchr.obj</name>
      </input_file>
      <input_file id="fl-d8">
         <path>C:\ti\ccsv6\tools\compiler\ti-cgt-arm_15.12.1.LTS\lib\</path>
         <kind>archive</kind>
         <file>rtsv7M4_T_le_v4SPD16_eabi.lib</file>
         <name>strcmp.obj</name>
      </input_file>
      <input_file id="fl-d9">
         <path>C:\ti\ccsv6\tools\compiler\ti-cgt-arm_15.12.1.LTS\lib\</path>
         <kind>archive</kind>
         <file>rtsv7M4_T_le_v4SPD16_eabi.lib</file>
         <name>strcpy.obj</name>
      </input_file>
      <input_file id="fl-da">
         <path>C:\ti\ccsv6\tools\compiler\ti-cgt-arm_15.12.1.LTS\lib\</path>
         <kind>archive</kind>
         <file>rtsv7M4_T_le_v4SPD16_eabi.lib</file>
         <name>strlen.obj</name>
      </input_file>
      <input_file id="fl-db">
         <path>C:\ti\ccsv6\tools\compiler\ti-cgt-arm_15.12.1.LTS\lib\</path>
         <kind>archive</kind>
         <file>rtsv7M4_T_le_v4SPD16_eabi.lib</file>
         <name>strncpy.obj</name>
      </input_file>
      <input_file id="fl-dc">
         <path>C:\ti\ccsv6\tools\compiler\ti-cgt-arm_15.12.1.LTS\lib\</path>
         <kind>archive</kind>
         <file>rtsv7M4_T_le_v4SPD16_eabi.lib</file>
         <name>trgdrv.obj</name>
      </input_file>
      <input_file id="fl-dd">
         <path>C:\ti\ccsv6\tools\compiler\ti-cgt-arm_15.12.1.LTS\lib\</path>
         <kind>archive</kind>
         <file>rtsv7M4_T_le_v4SPD16_eabi.lib</file>
         <name>trgmsg.obj</name>
      </input_file>
      <input_file id="fl-de">
         <path>C:\ti\ccsv6\tools\compiler\ti-cgt-arm_15.12.1.LTS\lib\</path>
         <kind>archive</kind>
         <file>rtsv7M4_T_le_v4SPD16_eabi.lib</file>
         <name>ungetc.obj</name>
      </input_file>
      <input_file id="fl-df">
         <path>C:\ti\ccsv6\tools\compiler\ti-cgt-arm_15.12.1.LTS\lib\</path>
         <kind>archive</kind>
         <file>rtsv7M4_T_le_v4SPD16_eabi.lib</file>
         <name>_io_perm.obj</name>
      </input_file>
      <input_file id="fl-e0">
         <path>C:\ti\ccsv6\tools\compiler\ti-cgt-arm_15.12.1.LTS\lib\</path>
         <kind>archive</kind>
         <file>rtsv7M4_T_le_v4SPD16_eabi.lib</file>
         <name>_lock.obj</name>
      </input_file>
      <input_file id="fl-e1">
         <path>C:\ti\ccsv6\tools\compiler\ti-cgt-arm_15.12.1.LTS\lib\</path>
         <kind>archive</kind>
         <file>rtsv7M4_T_le_v4SPD16_eabi.lib</file>
         <name>_printfi.obj</name>
      </input_file>
      <input_file id="fl-e2">
         <path>C:\ti\ccsv6\tools\compiler\ti-cgt-arm_15.12.1.LTS\lib\</path>
         <kind>archive</kind>
         <file>rtsv7M4_T_le_v4SPD16_eabi.lib</file>
         <name>_scanfi.obj</name>
      </input_file>
      <input_file id="fl-e3">
         <path>C:\ti\ccsv6\tools\compiler\ti-cgt-arm_15.12.1.LTS\lib\</path>
         <kind>archive</kind>
         <file>rtsv7M4_T_le_v4SPD16_eabi.lib</file>
         <name>args_main.obj</name>
      </input_file>
      <input_file id="fl-e4">
         <path>C:\ti\ccsv6\tools\compiler\ti-cgt-arm_15.12.1.LTS\lib\</path>
         <kind>archive</kind>
         <file>rtsv7M4_T_le_v4SPD16_eabi.lib</file>
         <name>atoi.obj</name>
      </input_file>
      <input_file id="fl-e5">
         <path>C:\ti\ccsv6\tools\compiler\ti-cgt-arm_15.12.1.LTS\lib\</path>
         <kind>archive</kind>
         <file>rtsv7M4_T_le_v4SPD16_eabi.lib</file>
         <name>autoinit.obj</name>
      </input_file>
      <input_file id="fl-e6">
         <path>C:\ti\ccsv6\tools\compiler\ti-cgt-arm_15.12.1.LTS\lib\</path>
         <kind>archive</kind>
         <file>rtsv7M4_T_le_v4SPD16_eabi.lib</file>
         <name>cpy_tbl.obj</name>
      </input_file>
      <input_file id="fl-e7">
         <path>C:\ti\ccsv6\tools\compiler\ti-cgt-arm_15.12.1.LTS\lib\</path>
         <kind>archive</kind>
         <file>rtsv7M4_T_le_v4SPD16_eabi.lib</file>
         <name>ctype.obj</name>
      </input_file>
      <input_file id="fl-e8">
         <path>C:\ti\ccsv6\tools\compiler\ti-cgt-arm_15.12.1.LTS\lib\</path>
         <kind>archive</kind>
         <file>rtsv7M4_T_le_v4SPD16_eabi.lib</file>
         <name>defs.obj</name>
      </input_file>
      <input_file id="fl-e9">
         <path>C:\ti\ccsv6\tools\compiler\ti-cgt-arm_15.12.1.LTS\lib\</path>
         <kind>archive</kind>
         <file>rtsv7M4_T_le_v4SPD16_eabi.lib</file>
         <name>errno.obj</name>
      </input_file>
      <input_file id="fl-ea">
         <path>C:\ti\ccsv6\tools\compiler\ti-cgt-arm_15.12.1.LTS\lib\</path>
         <kind>archive</kind>
         <file>rtsv7M4_T_le_v4SPD16_eabi.lib</file>
         <name>fd_add_t2.obj</name>
      </input_file>
      <input_file id="fl-eb">
         <path>C:\ti\ccsv6\tools\compiler\ti-cgt-arm_15.12.1.LTS\lib\</path>
         <kind>archive</kind>
         <file>rtsv7M4_T_le_v4SPD16_eabi.lib</file>
         <name>fd_cmp_t2.obj</name>
      </input_file>
      <input_file id="fl-ec">
         <path>C:\ti\ccsv6\tools\compiler\ti-cgt-arm_15.12.1.LTS\lib\</path>
         <kind>archive</kind>
         <file>rtsv7M4_T_le_v4SPD16_eabi.lib</file>
         <name>fd_div_t2.obj</name>
      </input_file>
      <input_file id="fl-ed">
         <path>C:\ti\ccsv6\tools\compiler\ti-cgt-arm_15.12.1.LTS\lib\</path>
         <kind>archive</kind>
         <file>rtsv7M4_T_le_v4SPD16_eabi.lib</file>
         <name>fd_mul_t2.obj</name>
      </input_file>
      <input_file id="fl-ee">
         <path>C:\ti\ccsv6\tools\compiler\ti-cgt-arm_15.12.1.LTS\lib\</path>
         <kind>archive</kind>
         <file>rtsv7M4_T_le_v4SPD16_eabi.lib</file>
         <name>fd_toi_t2.obj</name>
      </input_file>
      <input_file id="fl-ef">
         <path>C:\ti\ccsv6\tools\compiler\ti-cgt-arm_15.12.1.LTS\lib\</path>
         <kind>archive</kind>
         <file>rtsv7M4_T_le_v4SPD16_eabi.lib</file>
         <name>fd_tos_t2.obj</name>
      </input_file>
      <input_file id="fl-f0">
         <path>C:\ti\ccsv6\tools\compiler\ti-cgt-arm_15.12.1.LTS\lib\</path>
         <kind>archive</kind>
         <file>rtsv7M4_T_le_v4SPD16_eabi.lib</file>
         <name>fgetc.obj</name>
      </input_file>
      <input_file id="fl-f1">
         <path>C:\ti\ccsv6\tools\compiler\ti-cgt-arm_15.12.1.LTS\lib\</path>
         <kind>archive</kind>
         <file>rtsv7M4_T_le_v4SPD16_eabi.lib</file>
         <name>i_tofd_t2.obj</name>
      </input_file>
      <input_file id="fl-f2">
         <path>C:\ti\ccsv6\tools\compiler\ti-cgt-arm_15.12.1.LTS\lib\</path>
         <kind>archive</kind>
         <file>rtsv7M4_T_le_v4SPD16_eabi.lib</file>
         <name>ltoa.obj</name>
      </input_file>
      <input_file id="fl-f3">
         <path>C:\ti\ccsv6\tools\compiler\ti-cgt-arm_15.12.1.LTS\lib\</path>
         <kind>archive</kind>
         <file>rtsv7M4_T_le_v4SPD16_eabi.lib</file>
         <name>memccpy.obj</name>
      </input_file>
      <input_file id="fl-f4">
         <path>C:\ti\ccsv6\tools\compiler\ti-cgt-arm_15.12.1.LTS\lib\</path>
         <kind>archive</kind>
         <file>rtsv7M4_T_le_v4SPD16_eabi.lib</file>
         <name>s_frexp.obj</name>
      </input_file>
      <input_file id="fl-f5">
         <path>C:\ti\ccsv6\tools\compiler\ti-cgt-arm_15.12.1.LTS\lib\</path>
         <kind>archive</kind>
         <file>rtsv7M4_T_le_v4SPD16_eabi.lib</file>
         <name>s_scalbn.obj</name>
      </input_file>
      <input_file id="fl-f6">
         <path>C:\ti\ccsv6\tools\compiler\ti-cgt-arm_15.12.1.LTS\lib\</path>
         <kind>archive</kind>
         <file>rtsv7M4_T_le_v4SPD16_eabi.lib</file>
         <name>setvbuf.obj</name>
      </input_file>
      <input_file id="fl-f7">
         <path>C:\ti\ccsv6\tools\compiler\ti-cgt-arm_15.12.1.LTS\lib\</path>
         <kind>archive</kind>
         <file>rtsv7M4_T_le_v4SPD16_eabi.lib</file>
         <name>startup.obj</name>
      </input_file>
      <input_file id="fl-f8">
         <path>C:\ti\ccsv6\tools\compiler\ti-cgt-arm_15.12.1.LTS\lib\</path>
         <kind>archive</kind>
         <file>rtsv7M4_T_le_v4SPD16_eabi.lib</file>
         <name>strrchr.obj</name>
      </input_file>
      <input_file id="fl-f9">
         <path>C:\ti\ccsv6\tools\compiler\ti-cgt-arm_15.12.1.LTS\lib\</path>
         <kind>archive</kind>
         <file>rtsv7M4_T_le_v4SPD16_eabi.lib</file>
         <name>strtod.obj</name>
      </input_file>
      <input_file id="fl-fa">
         <path>C:\ti\ccsv6\tools\compiler\ti-cgt-arm_15.12.1.LTS\lib\</path>
         <kind>archive</kind>
         <file>rtsv7M4_T_le_v4SPD16_eabi.lib</file>
         <name>strtol.obj</name>
      </input_file>
      <input_file id="fl-fb">
         <path>C:\ti\ccsv6\tools\compiler\ti-cgt-arm_15.12.1.LTS\lib\</path>
         <kind>archive</kind>
         <file>rtsv7M4_T_le_v4SPD16_eabi.lib</file>
         <name>strtoll.obj</name>
      </input_file>
      <input_file id="fl-fc">
         <path>C:\ti\ccsv6\tools\compiler\ti-cgt-arm_15.12.1.LTS\lib\</path>
         <kind>archive</kind>
         <file>rtsv7M4_T_le_v4SPD16_eabi.lib</file>
         <name>strtoul.obj</name>
      </input_file>
      <input_file id="fl-fd">
         <path>C:\ti\ccsv6\tools\compiler\ti-cgt-arm_15.12.1.LTS\lib\</path>
         <kind>archive</kind>
         <file>rtsv7M4_T_le_v4SPD16_eabi.lib</file>
         <name>strtoull.obj</name>
      </input_file>
      <input_file id="fl-fe">
         <path>C:\ti\ccsv6\tools\compiler\ti-cgt-arm_15.12.1.LTS\lib\</path>
         <kind>archive</kind>
         <file>rtsv7M4_T_le_v4SPD16_eabi.lib</file>
         <name>ull_div_t2.obj</name>
      </input_file>
      <input_file id="fl-ff">
         <path>C:\ti\ccsv6\tools\compiler\ti-cgt-arm_15.12.1.LTS\lib\</path>
         <kind>archive</kind>
         <file>rtsv7M4_T_le_v4SPD16_eabi.lib</file>
         <name>_bufread.obj</name>
      </input_file>
      <input_file id="fl-100">
         <path>C:\ti\ccsv6\tools\compiler\ti-cgt-arm_15.12.1.LTS\lib\</path>
         <kind>archive</kind>
         <file>rtsv7M4_T_le_v4SPD16_eabi.lib</file>
         <name>ll_mul_t2.obj</name>
      </input_file>
      <input_file id="fl-101">
         <path>C:\ti\ccsv6\tools\compiler\ti-cgt-arm_15.12.1.LTS\lib\</path>
         <kind>archive</kind>
         <file>rtsv7M4_T_le_v4SPD16_eabi.lib</file>
         <name>s_copysign.obj</name>
      </input_file>
      <input_file id="fl-102">
         <path>C:\ti\TivaWare_C_Series-2.1.2.111\driverlib\ccs\Debug\</path>
         <kind>archive</kind>
         <file>driverlib.lib</file>
         <name>adc.obj</name>
      </input_file>
      <input_file id="fl-103">
         <path>C:\ti\TivaWare_C_Series-2.1.2.111\driverlib\ccs\Debug\</path>
         <kind>archive</kind>
         <file>driverlib.lib</file>
         <name>gpio.obj</name>
      </input_file>
      <input_file id="fl-104">
         <path>C:\ti\TivaWare_C_Series-2.1.2.111\driverlib\ccs\Debug\</path>
         <kind>archive</kind>
         <file>driverlib.lib</file>
         <name>interrupt.obj</name>
      </input_file>
      <input_file id="fl-105">
         <path>C:\ti\TivaWare_C_Series-2.1.2.111\driverlib\ccs\Debug\</path>
         <kind>archive</kind>
         <file>driverlib.lib</file>
         <name>sysctl.obj</name>
      </input_file>
      <input_file id="fl-106">
         <path>C:\ti\TivaWare_C_Series-2.1.2.111\driverlib\ccs\Debug\</path>
         <kind>archive</kind>
         <file>driverlib.lib</file>
         <name>cpu.obj</name>
      </input_file>
   </input_file_list>
   <object_component_list>
      <object_component id="oc-f">
         <name>.intvecs</name>
         <load_address>0x0</load_address>
         <run_address>0x0</run_address>
         <size>0x26c</size>
         <input_file_ref idref="fl-3"/>
      </object_component>
      <object_component id="oc-1d6">
         <name>.text</name>
         <load_address>0x26c</load_address>
         <run_address>0x26c</run_address>
         <size>0x1110</size>
         <input_file_ref idref="fl-e1"/>
      </object_component>
      <object_component id="oc-1ab">
         <name>.text</name>
         <load_address>0x137c</load_address>
         <run_address>0x137c</run_address>
         <size>0x92a</size>
         <input_file_ref idref="fl-e2"/>
      </object_component>
      <object_component id="oc-5c">
         <name>.text</name>
         <load_address>0x1ca6</load_address>
         <run_address>0x1ca6</run_address>
         <size>0x2</size>
         <input_file_ref idref="fl-d1"/>
      </object_component>
      <object_component id="oc-1bb">
         <name>.text</name>
         <load_address>0x1ca8</load_address>
         <run_address>0x1ca8</run_address>
         <size>0x3dc</size>
         <input_file_ref idref="fl-cf"/>
      </object_component>
      <object_component id="oc-b2">
         <name>.text</name>
         <load_address>0x2084</load_address>
         <run_address>0x2084</run_address>
         <size>0x384</size>
         <input_file_ref idref="fl-2"/>
      </object_component>
      <object_component id="oc-308">
         <name>.text</name>
         <load_address>0x2408</load_address>
         <run_address>0x2408</run_address>
         <size>0x324</size>
         <input_file_ref idref="fl-dc"/>
      </object_component>
      <object_component id="oc-17c">
         <name>.text</name>
         <load_address>0x272c</load_address>
         <run_address>0x272c</run_address>
         <size>0x30c</size>
         <input_file_ref idref="fl-cc"/>
      </object_component>
      <object_component id="oc-254">
         <name>.text</name>
         <load_address>0x2a38</load_address>
         <run_address>0x2a38</run_address>
         <size>0x23c</size>
         <input_file_ref idref="fl-f9"/>
      </object_component>
      <object_component id="oc-2a1">
         <name>.text</name>
         <load_address>0x2c74</load_address>
         <run_address>0x2c74</run_address>
         <size>0x1f4</size>
         <input_file_ref idref="fl-fe"/>
      </object_component>
      <object_component id="oc-265">
         <name>.text</name>
         <load_address>0x2e68</load_address>
         <run_address>0x2e68</run_address>
         <size>0x1e4</size>
         <input_file_ref idref="fl-fb"/>
      </object_component>
      <object_component id="oc-fd">
         <name>.text</name>
         <load_address>0x304c</load_address>
         <run_address>0x304c</run_address>
         <size>0x1d0</size>
         <input_file_ref idref="fl-c9"/>
      </object_component>
      <object_component id="oc-e5">
         <name>.text</name>
         <load_address>0x321c</load_address>
         <run_address>0x321c</run_address>
         <size>0x1c4</size>
         <input_file_ref idref="fl-c5"/>
      </object_component>
      <object_component id="oc-2ca">
         <name>.text</name>
         <load_address>0x33e0</load_address>
         <run_address>0x33e0</run_address>
         <size>0x1b6</size>
         <input_file_ref idref="fl-ea"/>
      </object_component>
      <object_component id="oc-aa">
         <name>.text</name>
         <load_address>0x3596</load_address>
         <run_address>0x3596</run_address>
         <size>0x2</size>
         <input_file_ref idref="fl-f7"/>
      </object_component>
      <object_component id="oc-24e">
         <name>.text</name>
         <load_address>0x3598</load_address>
         <run_address>0x3598</run_address>
         <size>0x16c</size>
         <input_file_ref idref="fl-fd"/>
      </object_component>
      <object_component id="oc-2b0">
         <name>.text</name>
         <load_address>0x3704</load_address>
         <run_address>0x3704</run_address>
         <size>0x136</size>
         <input_file_ref idref="fl-ec"/>
      </object_component>
      <object_component id="oc-1d0">
         <name>.text</name>
         <load_address>0x383c</load_address>
         <run_address>0x383c</run_address>
         <size>0x134</size>
         <input_file_ref idref="fl-c8"/>
      </object_component>
      <object_component id="oc-25f">
         <name>.text</name>
         <load_address>0x3970</load_address>
         <run_address>0x3970</run_address>
         <size>0x134</size>
         <input_file_ref idref="fl-fa"/>
      </object_component>
      <object_component id="oc-1e7">
         <name>.text:GPIOPadConfigSet</name>
         <load_address>0x3aa4</load_address>
         <run_address>0x3aa4</run_address>
         <size>0x132</size>
         <input_file_ref idref="fl-103"/>
      </object_component>
      <object_component id="oc-248">
         <name>.text</name>
         <load_address>0x3bd8</load_address>
         <run_address>0x3bd8</run_address>
         <size>0x114</size>
         <input_file_ref idref="fl-fc"/>
      </object_component>
      <object_component id="oc-157">
         <name>.text:SysCtlClockGet</name>
         <load_address>0x3cec</load_address>
         <run_address>0x3cec</run_address>
         <size>0x110</size>
         <input_file_ref idref="fl-105"/>
      </object_component>
      <object_component id="oc-2ab">
         <name>.text</name>
         <load_address>0x3dfc</load_address>
         <run_address>0x3dfc</run_address>
         <size>0xfc</size>
         <input_file_ref idref="fl-ed"/>
      </object_component>
      <object_component id="oc-2d5">
         <name>.text</name>
         <load_address>0x3ef8</load_address>
         <run_address>0x3ef8</run_address>
         <size>0xfc</size>
         <input_file_ref idref="fl-f5"/>
      </object_component>
      <object_component id="oc-11b">
         <name>.text:SysCtlClockSet</name>
         <load_address>0x3ff4</load_address>
         <run_address>0x3ff4</run_address>
         <size>0xf4</size>
         <input_file_ref idref="fl-105"/>
      </object_component>
      <object_component id="oc-232">
         <name>.text</name>
         <load_address>0x40e8</load_address>
         <run_address>0x40e8</run_address>
         <size>0xdc</size>
         <input_file_ref idref="fl-f6"/>
      </object_component>
      <object_component id="oc-18b">
         <name>.text</name>
         <load_address>0x41c4</load_address>
         <run_address>0x41c4</run_address>
         <size>0xc8</size>
         <input_file_ref idref="fl-c4"/>
      </object_component>
      <object_component id="oc-23a">
         <name>.text</name>
         <load_address>0x428c</load_address>
         <run_address>0x428c</run_address>
         <size>0xac</size>
         <input_file_ref idref="fl-df"/>
      </object_component>
      <object_component id="oc-240">
         <name>.text</name>
         <load_address>0x4338</load_address>
         <run_address>0x4338</run_address>
         <size>0xa0</size>
         <input_file_ref idref="fl-ff"/>
      </object_component>
      <object_component id="oc-37">
         <name>.text</name>
         <load_address>0x43d8</load_address>
         <run_address>0x43d8</run_address>
         <size>0x9c</size>
         <input_file_ref idref="fl-ce"/>
      </object_component>
      <object_component id="oc-103">
         <name>.text</name>
         <load_address>0x4474</load_address>
         <run_address>0x4474</run_address>
         <size>0x98</size>
         <input_file_ref idref="fl-c3"/>
      </object_component>
      <object_component id="oc-1ca">
         <name>.text</name>
         <load_address>0x450c</load_address>
         <run_address>0x450c</run_address>
         <size>0x98</size>
         <input_file_ref idref="fl-c7"/>
      </object_component>
      <object_component id="oc-1a5">
         <name>.text</name>
         <load_address>0x45a4</load_address>
         <run_address>0x45a4</run_address>
         <size>0x90</size>
         <input_file_ref idref="fl-f0"/>
      </object_component>
      <object_component id="oc-2a6">
         <name>.text:__aeabi_cdcmple</name>
         <load_address>0x4634</load_address>
         <run_address>0x4634</run_address>
         <size>0x86</size>
         <input_file_ref idref="fl-eb"/>
      </object_component>
      <object_component id="oc-2b5">
         <name>.text:__aeabi_cdrcmple</name>
         <load_address>0x46ba</load_address>
         <run_address>0x46ba</run_address>
         <size>0x86</size>
         <input_file_ref idref="fl-eb"/>
      </object_component>
      <object_component id="oc-19f">
         <name>.text</name>
         <load_address>0x4740</load_address>
         <run_address>0x4740</run_address>
         <size>0x80</size>
         <input_file_ref idref="fl-de"/>
      </object_component>
      <object_component id="oc-133">
         <name>.text:ADCSequenceStepConfigure</name>
         <load_address>0x47c0</load_address>
         <run_address>0x47c0</run_address>
         <size>0x7a</size>
         <input_file_ref idref="fl-102"/>
      </object_component>
      <object_component id="oc-50">
         <name>.text</name>
         <load_address>0x483a</load_address>
         <run_address>0x483a</run_address>
         <size>0x7a</size>
         <input_file_ref idref="fl-d0"/>
      </object_component>
      <object_component id="oc-68">
         <name>.text</name>
         <load_address>0x48b4</load_address>
         <run_address>0x48b4</run_address>
         <size>0x70</size>
         <input_file_ref idref="fl-e5"/>
      </object_component>
      <object_component id="oc-25a">
         <name>.text</name>
         <load_address>0x4924</load_address>
         <run_address>0x4924</run_address>
         <size>0x6e</size>
         <input_file_ref idref="fl-ef"/>
      </object_component>
      <object_component id="oc-115">
         <name>.text</name>
         <load_address>0x4994</load_address>
         <run_address>0x4994</run_address>
         <size>0x6c</size>
         <input_file_ref idref="fl-c6"/>
      </object_component>
      <object_component id="oc-43">
         <name>.text</name>
         <load_address>0x4a00</load_address>
         <run_address>0x4a00</run_address>
         <size>0x6a</size>
         <input_file_ref idref="fl-c0"/>
      </object_component>
      <object_component id="oc-378">
         <name>.text</name>
         <load_address>0x4a6c</load_address>
         <run_address>0x4a6c</run_address>
         <size>0x68</size>
         <input_file_ref idref="fl-dd"/>
      </object_component>
      <object_component id="oc-eb">
         <name>.text</name>
         <load_address>0x4ad4</load_address>
         <run_address>0x4ad4</run_address>
         <size>0x64</size>
         <input_file_ref idref="fl-ca"/>
      </object_component>
      <object_component id="oc-f1">
         <name>.text</name>
         <load_address>0x4b38</load_address>
         <run_address>0x4b38</run_address>
         <size>0x64</size>
         <input_file_ref idref="fl-cb"/>
      </object_component>
      <object_component id="oc-2cf">
         <name>.text</name>
         <load_address>0x4b9c</load_address>
         <run_address>0x4b9c</run_address>
         <size>0x64</size>
         <input_file_ref idref="fl-f4"/>
      </object_component>
      <object_component id="oc-2bf">
         <name>.text</name>
         <load_address>0x4c00</load_address>
         <run_address>0x4c00</run_address>
         <size>0x56</size>
         <input_file_ref idref="fl-f2"/>
      </object_component>
      <object_component id="oc-24">
         <name>.text</name>
         <load_address>0x4c58</load_address>
         <run_address>0x4c58</run_address>
         <size>0x54</size>
         <input_file_ref idref="fl-be"/>
      </object_component>
      <object_component id="oc-74">
         <name>.text</name>
         <load_address>0x4cac</load_address>
         <run_address>0x4cac</run_address>
         <size>0x54</size>
         <input_file_ref idref="fl-c2"/>
      </object_component>
      <object_component id="oc-278">
         <name>.text</name>
         <load_address>0x4d00</load_address>
         <run_address>0x4d00</run_address>
         <size>0x4c</size>
         <input_file_ref idref="fl-e4"/>
      </object_component>
      <object_component id="oc-a4">
         <name>.text</name>
         <load_address>0x4d4c</load_address>
         <run_address>0x4d4c</run_address>
         <size>0x4c</size>
         <input_file_ref idref="fl-e6"/>
      </object_component>
      <object_component id="oc-2ba">
         <name>.text</name>
         <load_address>0x4d98</load_address>
         <run_address>0x4d98</run_address>
         <size>0x48</size>
         <input_file_ref idref="fl-ee"/>
      </object_component>
      <object_component id="oc-12d">
         <name>.text:ADCSequenceConfigure</name>
         <load_address>0x4de0</load_address>
         <run_address>0x4de0</run_address>
         <size>0x3e</size>
         <input_file_ref idref="fl-102"/>
      </object_component>
      <object_component id="oc-121">
         <name>.text:SysCtlPeripheralEnable</name>
         <load_address>0x4e20</load_address>
         <run_address>0x4e20</run_address>
         <size>0x34</size>
         <input_file_ref idref="fl-105"/>
      </object_component>
      <object_component id="oc-20c">
         <name>.text</name>
         <load_address>0x4e54</load_address>
         <run_address>0x4e54</run_address>
         <size>0x30</size>
         <input_file_ref idref="fl-db"/>
      </object_component>
      <object_component id="oc-14b">
         <name>.text:ADCIntStatus</name>
         <load_address>0x4e84</load_address>
         <run_address>0x4e84</run_address>
         <size>0x2e</size>
         <input_file_ref idref="fl-102"/>
      </object_component>
      <object_component id="oc-2c5">
         <name>.text</name>
         <load_address>0x4eb2</load_address>
         <run_address>0x4eb2</run_address>
         <size>0x2e</size>
         <input_file_ref idref="fl-f1"/>
      </object_component>
      <object_component id="oc-1e1">
         <name>.text:GPIODirModeSet</name>
         <load_address>0x4ee0</load_address>
         <run_address>0x4ee0</run_address>
         <size>0x2a</size>
         <input_file_ref idref="fl-103"/>
      </object_component>
      <object_component id="oc-299">
         <name>.text</name>
         <load_address>0x4f0a</load_address>
         <run_address>0x4f0a</run_address>
         <size>0x20</size>
         <input_file_ref idref="fl-cd"/>
      </object_component>
      <object_component id="oc-151">
         <name>.text:ADCSequenceDataGet</name>
         <load_address>0x4f2a</load_address>
         <run_address>0x4f2a</run_address>
         <size>0x1e</size>
         <input_file_ref idref="fl-102"/>
      </object_component>
      <object_component id="oc-10f">
         <name>.text</name>
         <load_address>0x4f48</load_address>
         <run_address>0x4f48</run_address>
         <size>0x1e</size>
         <input_file_ref idref="fl-d6"/>
      </object_component>
      <object_component id="oc-2db">
         <name>.text</name>
         <load_address>0x4f66</load_address>
         <run_address>0x4f66</run_address>
         <size>0x1c</size>
         <input_file_ref idref="fl-f3"/>
      </object_component>
      <object_component id="oc-145">
         <name>.text:ADCProcessorTrigger</name>
         <load_address>0x4f82</load_address>
         <run_address>0x4f82</run_address>
         <size>0x18</size>
         <input_file_ref idref="fl-102"/>
      </object_component>
      <object_component id="oc-6e">
         <name>.text</name>
         <load_address>0x4f9c</load_address>
         <run_address>0x4f9c</run_address>
         <size>0x18</size>
         <input_file_ref idref="fl-e3"/>
      </object_component>
      <object_component id="oc-32a">
         <name>.text</name>
         <load_address>0x4fb4</load_address>
         <run_address>0x4fb4</run_address>
         <size>0x18</size>
         <input_file_ref idref="fl-100"/>
      </object_component>
      <object_component id="oc-200">
         <name>.text</name>
         <load_address>0x4fcc</load_address>
         <run_address>0x4fcc</run_address>
         <size>0x18</size>
         <input_file_ref idref="fl-d8"/>
      </object_component>
      <object_component id="oc-26c">
         <name>.text</name>
         <load_address>0x4fe4</load_address>
         <run_address>0x4fe4</run_address>
         <size>0x18</size>
         <input_file_ref idref="fl-f8"/>
      </object_component>
      <object_component id="oc-206">
         <name>.text</name>
         <load_address>0x4ffc</load_address>
         <run_address>0x4ffc</run_address>
         <size>0x16</size>
         <input_file_ref idref="fl-d7"/>
      </object_component>
      <object_component id="oc-169">
         <name>.text</name>
         <load_address>0x5014</load_address>
         <run_address>0x5014</run_address>
         <size>0x14</size>
         <input_file_ref idref="fl-e0"/>
      </object_component>
      <object_component id="oc-35f">
         <name>.text</name>
         <load_address>0x5028</load_address>
         <run_address>0x5028</run_address>
         <size>0x14</size>
         <input_file_ref idref="fl-101"/>
      </object_component>
      <object_component id="oc-109">
         <name>.text</name>
         <load_address>0x503c</load_address>
         <run_address>0x503c</run_address>
         <size>0x14</size>
         <input_file_ref idref="fl-d9"/>
      </object_component>
      <object_component id="oc-272">
         <name>.text</name>
         <load_address>0x5050</load_address>
         <run_address>0x5050</run_address>
         <size>0x14</size>
         <input_file_ref idref="fl-da"/>
      </object_component>
      <object_component id="oc-127">
         <name>.text:GPIOPinTypeADC</name>
         <load_address>0x5064</load_address>
         <run_address>0x5064</run_address>
         <size>0x12</size>
         <input_file_ref idref="fl-103"/>
      </object_component>
      <object_component id="oc-139">
         <name>.text:ADCSequenceEnable</name>
         <load_address>0x5076</load_address>
         <run_address>0x5076</run_address>
         <size>0xe</size>
         <input_file_ref idref="fl-102"/>
      </object_component>
      <object_component id="oc-12">
         <name>.text:decompress:none</name>
         <load_address>0x5084</load_address>
         <run_address>0x5084</run_address>
         <size>0xe</size>
         <input_file_ref idref="fl-bf"/>
      </object_component>
      <object_component id="oc-2e">
         <name>.text</name>
         <load_address>0x5092</load_address>
         <run_address>0x5092</run_address>
         <size>0xc</size>
         <input_file_ref idref="fl-3"/>
      </object_component>
      <object_component id="oc-13f">
         <name>.text:ADCIntClear</name>
         <load_address>0x509e</load_address>
         <run_address>0x509e</run_address>
         <size>0xa</size>
         <input_file_ref idref="fl-102"/>
      </object_component>
      <object_component id="oc-f7">
         <name>.text</name>
         <load_address>0x50a8</load_address>
         <run_address>0x50a8</run_address>
         <size>0x8</size>
         <input_file_ref idref="fl-d4"/>
      </object_component>
      <object_component id="oc-15d">
         <name>.text:SysCtlDelay</name>
         <load_address>0x50b0</load_address>
         <run_address>0x50b0</run_address>
         <size>0x6</size>
         <input_file_ref idref="fl-105"/>
      </object_component>
      <object_component id="oc-18">
         <name>.text:decompress:rle24</name>
         <load_address>0x50b6</load_address>
         <run_address>0x50b6</run_address>
         <size>0x6</size>
         <input_file_ref idref="fl-c0"/>
      </object_component>
      <object_component id="oc-62">
         <name>.text</name>
         <load_address>0x50bc</load_address>
         <run_address>0x50bc</run_address>
         <size>0x4</size>
         <input_file_ref idref="fl-d2"/>
      </object_component>
      <object_component id="oc-1b1">
         <name>.const:.string:_ctypes_</name>
         <load_address>0x50c0</load_address>
         <run_address>0x50c0</run_address>
         <size>0x101</size>
         <input_file_ref idref="fl-e7"/>
      </object_component>
      <object_component id="oc-331">
         <name>.const:$O1$$</name>
         <load_address>0x51c8</load_address>
         <run_address>0x51c8</run_address>
         <size>0x98</size>
         <input_file_ref idref="fl-f9"/>
      </object_component>
      <object_component id="oc-1f7">
         <name>.const:g_pui32Xtals</name>
         <load_address>0x5260</load_address>
         <run_address>0x5260</run_address>
         <size>0x6c</size>
         <input_file_ref idref="fl-105"/>
      </object_component>
      <object_component id="oc-26b">
         <name>.const:$O1$$</name>
         <load_address>0x52cc</load_address>
         <run_address>0x52cc</run_address>
         <size>0x10</size>
         <input_file_ref idref="fl-e2"/>
      </object_component>
      <object_component id="oc-3da">
         <name>.cinit..data.load</name>
         <load_address>0x52e0</load_address>
         <run_address>0x52e0</run_address>
         <size>0x7b</size>
      </object_component>
      <object_component id="oc-3db">
         <name>.cinit..bss.load</name>
         <load_address>0x5360</load_address>
         <run_address>0x5360</run_address>
         <size>0xb</size>
      </object_component>
      <object_component id="oc-3d8">
         <name>__TI_handler_table</name>
         <load_address>0x536c</load_address>
         <run_address>0x536c</run_address>
         <size>0x8</size>
      </object_component>
      <object_component id="oc-3d9">
         <name>__TI_cinit_table</name>
         <load_address>0x5374</load_address>
         <run_address>0x5374</run_address>
         <size>0x10</size>
      </object_component>
      <object_component id="oc-ba">
         <name>.data:$O1$$</name>
         <load_address>0x200019d0</load_address>
         <run_address>0x200019d0</run_address>
         <size>0xc</size>
         <input_file_ref idref="fl-c2"/>
      </object_component>
      <object_component id="oc-188">
         <name>.data</name>
         <load_address>0x200019f4</load_address>
         <run_address>0x200019f4</run_address>
         <size>0x4</size>
         <input_file_ref idref="fl-c5"/>
      </object_component>
      <object_component id="oc-212">
         <name>.data:$O1$$</name>
         <load_address>0x200018f0</load_address>
         <run_address>0x200018f0</run_address>
         <size>0xd0</size>
         <input_file_ref idref="fl-cc"/>
      </object_component>
      <object_component id="oc-28b">
         <name>.data:$O1$$</name>
         <load_address>0x200019dc</load_address>
         <run_address>0x200019dc</run_address>
         <size>0xc</size>
         <input_file_ref idref="fl-cf"/>
      </object_component>
      <object_component id="oc-7a">
         <name>.data</name>
         <load_address>0x200019f8</load_address>
         <run_address>0x200019f8</run_address>
         <size>0x4</size>
         <input_file_ref idref="fl-d5"/>
      </object_component>
      <object_component id="oc-bd">
         <name>.data:$O1$$</name>
         <load_address>0x200019e8</load_address>
         <run_address>0x200019e8</run_address>
         <size>0x8</size>
         <input_file_ref idref="fl-e0"/>
      </object_component>
      <object_component id="oc-182">
         <name>.data:_ftable</name>
         <load_address>0x20001800</load_address>
         <run_address>0x20001800</run_address>
         <size>0xf0</size>
         <input_file_ref idref="fl-e8"/>
      </object_component>
      <object_component id="oc-185">
         <name>.data</name>
         <load_address>0x200019c0</load_address>
         <run_address>0x200019c0</run_address>
         <size>0x10</size>
         <input_file_ref idref="fl-e8"/>
      </object_component>
      <object_component id="oc-193">
         <name>.data</name>
         <load_address>0x200019f0</load_address>
         <run_address>0x200019f0</run_address>
         <size>0x4</size>
         <input_file_ref idref="fl-e9"/>
      </object_component>
      <object_component id="oc-37e">
         <name>.bss:parmbuf</name>
         <uninitialized>true</uninitialized>
         <run_address>0x20001bbc</run_address>
         <size>0x8</size>
         <input_file_ref idref="fl-dc"/>
      </object_component>
      <object_component id="oc-3ac">
         <name>.bss:_CIOBUF_</name>
         <uninitialized>true</uninitialized>
         <run_address>0x200019fc</run_address>
         <size>0x120</size>
         <input_file_ref idref="fl-dd"/>
      </object_component>
      <object_component id="oc-1c1">
         <name>.common:__TI_tmpnams</name>
         <uninitialized>true</uninitialized>
         <run_address>0x20001b1c</run_address>
         <size>0xa0</size>
      </object_component>
      <object_component id="oc-2b">
         <name>.sysmem</name>
         <uninitialized>true</uninitialized>
         <run_address>0x20000000</run_address>
         <size>0x8</size>
         <input_file_ref idref="fl-cf"/>
      </object_component>
      <object_component id="oc-3dd">
         <name>.sysmem</name>
         <uninitialized>true</uninitialized>
         <run_address>0x20000000</run_address>
         <size>0x0</size>
      </object_component>
      <object_component id="oc-2a">
         <name>.stack</name>
         <uninitialized>true</uninitialized>
         <run_address>0x20001000</run_address>
         <size>0x0</size>
         <input_file_ref idref="fl-be"/>
      </object_component>
      <object_component id="oc-3dc">
         <name>.stack</name>
         <uninitialized>true</uninitialized>
         <run_address>0x20001000</run_address>
         <size>0x0</size>
      </object_component>
      <object_component id="oc-15f">
         <name>.debug_info</name>
         <load_address>0x0</load_address>
         <run_address>0x0</run_address>
         <size>0x56c</size>
         <input_file_ref idref="fl-2"/>
      </object_component>
      <object_component id="oc-b3">
         <name>.debug_info</name>
         <load_address>0x56c</load_address>
         <run_address>0x56c</run_address>
         <size>0x74b</size>
         <input_file_ref idref="fl-2"/>
      </object_component>
      <object_component id="oc-198">
         <name>.debug_info</name>
         <load_address>0xcb7</load_address>
         <run_address>0xcb7</run_address>
         <size>0xbb</size>
         <input_file_ref idref="fl-2"/>
      </object_component>
      <object_component id="oc-d1">
         <name>.debug_info</name>
         <load_address>0xd72</load_address>
         <run_address>0xd72</run_address>
         <size>0x8b</size>
         <input_file_ref idref="fl-2"/>
      </object_component>
      <object_component id="oc-85">
         <name>.debug_info</name>
         <load_address>0xdfd</load_address>
         <run_address>0xdfd</run_address>
         <size>0x18b</size>
         <input_file_ref idref="fl-2"/>
      </object_component>
      <object_component id="oc-1b6">
         <name>.debug_info</name>
         <load_address>0xf88</load_address>
         <run_address>0xf88</run_address>
         <size>0x4e</size>
         <input_file_ref idref="fl-2"/>
      </object_component>
      <object_component id="oc-36">
         <name>.debug_info</name>
         <load_address>0xfd6</load_address>
         <run_address>0xfd6</run_address>
         <size>0xfe</size>
         <input_file_ref idref="fl-3"/>
      </object_component>
      <object_component id="oc-10">
         <name>.debug_info</name>
         <load_address>0x10d4</load_address>
         <run_address>0x10d4</run_address>
         <size>0xe9</size>
         <input_file_ref idref="fl-3"/>
      </object_component>
      <object_component id="oc-2f">
         <name>.debug_info</name>
         <load_address>0x11bd</load_address>
         <run_address>0x11bd</run_address>
         <size>0x265</size>
         <input_file_ref idref="fl-3"/>
      </object_component>
      <object_component id="oc-92">
         <name>.debug_info</name>
         <load_address>0x1422</load_address>
         <run_address>0x1422</run_address>
         <size>0x84</size>
         <input_file_ref idref="fl-3"/>
      </object_component>
      <object_component id="oc-25">
         <name>.debug_info</name>
         <load_address>0x14a6</load_address>
         <run_address>0x14a6</run_address>
         <size>0x17c</size>
         <input_file_ref idref="fl-be"/>
      </object_component>
      <object_component id="oc-42">
         <name>.debug_info</name>
         <load_address>0x1622</load_address>
         <run_address>0x1622</run_address>
         <size>0x15c</size>
         <input_file_ref idref="fl-bf"/>
      </object_component>
      <object_component id="oc-14">
         <name>.debug_info</name>
         <load_address>0x177e</load_address>
         <run_address>0x177e</run_address>
         <size>0x1fb</size>
         <input_file_ref idref="fl-bf"/>
      </object_component>
      <object_component id="oc-3d">
         <name>.debug_info</name>
         <load_address>0x1979</load_address>
         <run_address>0x1979</run_address>
         <size>0x46</size>
         <input_file_ref idref="fl-bf"/>
      </object_component>
      <object_component id="oc-8b">
         <name>.debug_info</name>
         <load_address>0x19bf</load_address>
         <run_address>0x19bf</run_address>
         <size>0x2c</size>
         <input_file_ref idref="fl-bf"/>
      </object_component>
      <object_component id="oc-4a">
         <name>.debug_info</name>
         <load_address>0x19eb</load_address>
         <run_address>0x19eb</run_address>
         <size>0x150</size>
         <input_file_ref idref="fl-c0"/>
      </object_component>
      <object_component id="oc-45">
         <name>.debug_info</name>
         <load_address>0x1b3b</load_address>
         <run_address>0x1b3b</run_address>
         <size>0x263</size>
         <input_file_ref idref="fl-c0"/>
      </object_component>
      <object_component id="oc-19">
         <name>.debug_info</name>
         <load_address>0x1d9e</load_address>
         <run_address>0x1d9e</run_address>
         <size>0x1cd</size>
         <input_file_ref idref="fl-c0"/>
      </object_component>
      <object_component id="oc-4b">
         <name>.debug_info</name>
         <load_address>0x1f6b</load_address>
         <run_address>0x1f6b</run_address>
         <size>0x39</size>
         <input_file_ref idref="fl-c0"/>
      </object_component>
      <object_component id="oc-9a">
         <name>.debug_info</name>
         <load_address>0x1fa4</load_address>
         <run_address>0x1fa4</run_address>
         <size>0x2c</size>
         <input_file_ref idref="fl-c0"/>
      </object_component>
      <object_component id="oc-c1">
         <name>.debug_info</name>
         <load_address>0x1fd0</load_address>
         <run_address>0x1fd0</run_address>
         <size>0x250</size>
         <input_file_ref idref="fl-c2"/>
      </object_component>
      <object_component id="oc-bb">
         <name>.debug_info</name>
         <load_address>0x2220</load_address>
         <run_address>0x2220</run_address>
         <size>0x1a1</size>
         <input_file_ref idref="fl-c2"/>
      </object_component>
      <object_component id="oc-75">
         <name>.debug_info</name>
         <load_address>0x23c1</load_address>
         <run_address>0x23c1</run_address>
         <size>0x230</size>
         <input_file_ref idref="fl-c2"/>
      </object_component>
      <object_component id="oc-1c5">
         <name>.debug_info</name>
         <load_address>0x25f1</load_address>
         <run_address>0x25f1</run_address>
         <size>0x21c</size>
         <input_file_ref idref="fl-c3"/>
      </object_component>
      <object_component id="oc-106">
         <name>.debug_info</name>
         <load_address>0x280d</load_address>
         <run_address>0x280d</run_address>
         <size>0x2b4</size>
         <input_file_ref idref="fl-c3"/>
      </object_component>
      <object_component id="oc-223">
         <name>.debug_info</name>
         <load_address>0x2ac1</load_address>
         <run_address>0x2ac1</run_address>
         <size>0xae</size>
         <input_file_ref idref="fl-c3"/>
      </object_component>
      <object_component id="oc-229">
         <name>.debug_info</name>
         <load_address>0x2b6f</load_address>
         <run_address>0x2b6f</run_address>
         <size>0x1be</size>
         <input_file_ref idref="fl-c4"/>
      </object_component>
      <object_component id="oc-18f">
         <name>.debug_info</name>
         <load_address>0x2d2d</load_address>
         <run_address>0x2d2d</run_address>
         <size>0x276</size>
         <input_file_ref idref="fl-c4"/>
      </object_component>
      <object_component id="oc-18a">
         <name>.debug_info</name>
         <load_address>0x2fa3</load_address>
         <run_address>0x2fa3</run_address>
         <size>0x258</size>
         <input_file_ref idref="fl-c5"/>
      </object_component>
      <object_component id="oc-e6">
         <name>.debug_info</name>
         <load_address>0x31fb</load_address>
         <run_address>0x31fb</run_address>
         <size>0x471</size>
         <input_file_ref idref="fl-c5"/>
      </object_component>
      <object_component id="oc-c7">
         <name>.debug_info</name>
         <load_address>0x366c</load_address>
         <run_address>0x366c</run_address>
         <size>0x2c</size>
         <input_file_ref idref="fl-c5"/>
      </object_component>
      <object_component id="oc-1dd">
         <name>.debug_info</name>
         <load_address>0x3698</load_address>
         <run_address>0x3698</run_address>
         <size>0x226</size>
         <input_file_ref idref="fl-c6"/>
      </object_component>
      <object_component id="oc-117">
         <name>.debug_info</name>
         <load_address>0x38be</load_address>
         <run_address>0x38be</run_address>
         <size>0x2c7</size>
         <input_file_ref idref="fl-c6"/>
      </object_component>
      <object_component id="oc-298">
         <name>.debug_info</name>
         <load_address>0x3b85</load_address>
         <run_address>0x3b85</run_address>
         <size>0x1fa</size>
         <input_file_ref idref="fl-c7"/>
      </object_component>
      <object_component id="oc-1cc">
         <name>.debug_info</name>
         <load_address>0x3d7f</load_address>
         <run_address>0x3d7f</run_address>
         <size>0x25b</size>
         <input_file_ref idref="fl-c7"/>
      </object_component>
      <object_component id="oc-2a0">
         <name>.debug_info</name>
         <load_address>0x3fda</load_address>
         <run_address>0x3fda</run_address>
         <size>0x2be</size>
         <input_file_ref idref="fl-c8"/>
      </object_component>
      <object_component id="oc-1d1">
         <name>.debug_info</name>
         <load_address>0x4298</load_address>
         <run_address>0x4298</run_address>
         <size>0x375</size>
         <input_file_ref idref="fl-c8"/>
      </object_component>
      <object_component id="oc-1b5">
         <name>.debug_info</name>
         <load_address>0x460d</load_address>
         <run_address>0x460d</run_address>
         <size>0x2b5</size>
         <input_file_ref idref="fl-c9"/>
      </object_component>
      <object_component id="oc-ff">
         <name>.debug_info</name>
         <load_address>0x48c2</load_address>
         <run_address>0x48c2</run_address>
         <size>0x67c</size>
         <input_file_ref idref="fl-c9"/>
      </object_component>
      <object_component id="oc-192">
         <name>.debug_info</name>
         <load_address>0x4f3e</load_address>
         <run_address>0x4f3e</run_address>
         <size>0x19b</size>
         <input_file_ref idref="fl-ca"/>
      </object_component>
      <object_component id="oc-ee">
         <name>.debug_info</name>
         <load_address>0x50d9</load_address>
         <run_address>0x50d9</run_address>
         <size>0x1fd</size>
         <input_file_ref idref="fl-ca"/>
      </object_component>
      <object_component id="oc-218">
         <name>.debug_info</name>
         <load_address>0x52d6</load_address>
         <run_address>0x52d6</run_address>
         <size>0x2c</size>
         <input_file_ref idref="fl-ca"/>
      </object_component>
      <object_component id="oc-197">
         <name>.debug_info</name>
         <load_address>0x5302</load_address>
         <run_address>0x5302</run_address>
         <size>0x17e</size>
         <input_file_ref idref="fl-cb"/>
      </object_component>
      <object_component id="oc-f4">
         <name>.debug_info</name>
         <load_address>0x5480</load_address>
         <run_address>0x5480</run_address>
         <size>0x1b0</size>
         <input_file_ref idref="fl-cb"/>
      </object_component>
      <object_component id="oc-216">
         <name>.debug_info</name>
         <load_address>0x5630</load_address>
         <run_address>0x5630</run_address>
         <size>0x4bc</size>
         <input_file_ref idref="fl-cc"/>
      </object_component>
      <object_component id="oc-213">
         <name>.debug_info</name>
         <load_address>0x5aec</load_address>
         <run_address>0x5aec</run_address>
         <size>0x132</size>
         <input_file_ref idref="fl-cc"/>
      </object_component>
      <object_component id="oc-17d">
         <name>.debug_info</name>
         <load_address>0x5c1e</load_address>
         <run_address>0x5c1e</run_address>
         <size>0xb27</size>
         <input_file_ref idref="fl-cc"/>
      </object_component>
      <object_component id="oc-312">
         <name>.debug_info</name>
         <load_address>0x6745</load_address>
         <run_address>0x6745</run_address>
         <size>0x120</size>
         <input_file_ref idref="fl-cc"/>
      </object_component>
      <object_component id="oc-2e8">
         <name>.debug_info</name>
         <load_address>0x6865</load_address>
         <run_address>0x6865</run_address>
         <size>0x2c</size>
         <input_file_ref idref="fl-cc"/>
      </object_component>
      <object_component id="oc-34b">
         <name>.debug_info</name>
         <load_address>0x6891</load_address>
         <run_address>0x6891</run_address>
         <size>0x11c</size>
         <input_file_ref idref="fl-cd"/>
      </object_component>
      <object_component id="oc-29d">
         <name>.debug_info</name>
         <load_address>0x69ad</load_address>
         <run_address>0x69ad</run_address>
         <size>0x294</size>
         <input_file_ref idref="fl-cd"/>
      </object_component>
      <object_component id="oc-3a">
         <name>.debug_info</name>
         <load_address>0x6c41</load_address>
         <run_address>0x6c41</run_address>
         <size>0x12d</size>
         <input_file_ref idref="fl-ce"/>
      </object_component>
      <object_component id="oc-80">
         <name>.debug_info</name>
         <load_address>0x6d6e</load_address>
         <run_address>0x6d6e</run_address>
         <size>0x23e</size>
         <input_file_ref idref="fl-cf"/>
      </object_component>
      <object_component id="oc-2c">
         <name>.debug_info</name>
         <load_address>0x6fac</load_address>
         <run_address>0x6fac</run_address>
         <size>0x11d</size>
         <input_file_ref idref="fl-cf"/>
      </object_component>
      <object_component id="oc-28c">
         <name>.debug_info</name>
         <load_address>0x70c9</load_address>
         <run_address>0x70c9</run_address>
         <size>0x168</size>
         <input_file_ref idref="fl-cf"/>
      </object_component>
      <object_component id="oc-1bf">
         <name>.debug_info</name>
         <load_address>0x7231</load_address>
         <run_address>0x7231</run_address>
         <size>0x8a7</size>
         <input_file_ref idref="fl-cf"/>
      </object_component>
      <object_component id="oc-cc">
         <name>.debug_info</name>
         <load_address>0x7ad8</load_address>
         <run_address>0x7ad8</run_address>
         <size>0x62</size>
         <input_file_ref idref="fl-cf"/>
      </object_component>
      <object_component id="oc-51">
         <name>.debug_info</name>
         <load_address>0x7b3a</load_address>
         <run_address>0x7b3a</run_address>
         <size>0x15b</size>
         <input_file_ref idref="fl-d0"/>
      </object_component>
      <object_component id="oc-5d">
         <name>.debug_info</name>
         <load_address>0x7c95</load_address>
         <run_address>0x7c95</run_address>
         <size>0x154</size>
         <input_file_ref idref="fl-d1"/>
      </object_component>
      <object_component id="oc-63">
         <name>.debug_info</name>
         <load_address>0x7de9</load_address>
         <run_address>0x7de9</run_address>
         <size>0x164</size>
         <input_file_ref idref="fl-d2"/>
      </object_component>
      <object_component id="oc-19e">
         <name>.debug_info</name>
         <load_address>0x7f4d</load_address>
         <run_address>0x7f4d</run_address>
         <size>0x12d</size>
         <input_file_ref idref="fl-d4"/>
      </object_component>
      <object_component id="oc-f9">
         <name>.debug_info</name>
         <load_address>0x807a</load_address>
         <run_address>0x807a</run_address>
         <size>0x15c</size>
         <input_file_ref idref="fl-d4"/>
      </object_component>
      <object_component id="oc-7b">
         <name>.debug_info</name>
         <load_address>0x81d6</load_address>
         <run_address>0x81d6</run_address>
         <size>0x125</size>
         <input_file_ref idref="fl-d5"/>
      </object_component>
      <object_component id="oc-1c9">
         <name>.debug_info</name>
         <load_address>0x82fb</load_address>
         <run_address>0x82fb</run_address>
         <size>0x10c</size>
         <input_file_ref idref="fl-d6"/>
      </object_component>
      <object_component id="oc-110">
         <name>.debug_info</name>
         <load_address>0x8407</load_address>
         <run_address>0x8407</run_address>
         <size>0x29b</size>
         <input_file_ref idref="fl-d6"/>
      </object_component>
      <object_component id="oc-305">
         <name>.debug_info</name>
         <load_address>0x86a2</load_address>
         <run_address>0x86a2</run_address>
         <size>0x111</size>
         <input_file_ref idref="fl-d7"/>
      </object_component>
      <object_component id="oc-207">
         <name>.debug_info</name>
         <load_address>0x87b3</load_address>
         <run_address>0x87b3</run_address>
         <size>0x296</size>
         <input_file_ref idref="fl-d7"/>
      </object_component>
      <object_component id="oc-303">
         <name>.debug_info</name>
         <load_address>0x8a49</load_address>
         <run_address>0x8a49</run_address>
         <size>0x101</size>
         <input_file_ref idref="fl-d8"/>
      </object_component>
      <object_component id="oc-202">
         <name>.debug_info</name>
         <load_address>0x8b4a</load_address>
         <run_address>0x8b4a</run_address>
         <size>0x2aa</size>
         <input_file_ref idref="fl-d8"/>
      </object_component>
      <object_component id="oc-1c7">
         <name>.debug_info</name>
         <load_address>0x8df4</load_address>
         <run_address>0x8df4</run_address>
         <size>0x10c</size>
         <input_file_ref idref="fl-d9"/>
      </object_component>
      <object_component id="oc-10d">
         <name>.debug_info</name>
         <load_address>0x8f00</load_address>
         <run_address>0x8f00</run_address>
         <size>0x283</size>
         <input_file_ref idref="fl-d9"/>
      </object_component>
      <object_component id="oc-33f">
         <name>.debug_info</name>
         <load_address>0x9183</load_address>
         <run_address>0x9183</run_address>
         <size>0x106</size>
         <input_file_ref idref="fl-da"/>
      </object_component>
      <object_component id="oc-274">
         <name>.debug_info</name>
         <load_address>0x9289</load_address>
         <run_address>0x9289</run_address>
         <size>0x27c</size>
         <input_file_ref idref="fl-da"/>
      </object_component>
      <object_component id="oc-307">
         <name>.debug_info</name>
         <load_address>0x9505</load_address>
         <run_address>0x9505</run_address>
         <size>0x112</size>
         <input_file_ref idref="fl-db"/>
      </object_component>
      <object_component id="oc-20d">
         <name>.debug_info</name>
         <load_address>0x9617</load_address>
         <run_address>0x9617</run_address>
         <size>0x2ab</size>
         <input_file_ref idref="fl-db"/>
      </object_component>
      <object_component id="oc-382">
         <name>.debug_info</name>
         <load_address>0x98c2</load_address>
         <run_address>0x98c2</run_address>
         <size>0x26b</size>
         <input_file_ref idref="fl-dc"/>
      </object_component>
      <object_component id="oc-37f">
         <name>.debug_info</name>
         <load_address>0x9b2d</load_address>
         <run_address>0x9b2d</run_address>
         <size>0x114</size>
         <input_file_ref idref="fl-dc"/>
      </object_component>
      <object_component id="oc-30a">
         <name>.debug_info</name>
         <load_address>0x9c41</load_address>
         <run_address>0x9c41</run_address>
         <size>0xad5</size>
         <input_file_ref idref="fl-dc"/>
      </object_component>
      <object_component id="oc-383">
         <name>.debug_info</name>
         <load_address>0xa716</load_address>
         <run_address>0xa716</run_address>
         <size>0x53</size>
         <input_file_ref idref="fl-dc"/>
      </object_component>
      <object_component id="oc-3b0">
         <name>.debug_info</name>
         <load_address>0xa769</load_address>
         <run_address>0xa769</run_address>
         <size>0x132</size>
         <input_file_ref idref="fl-dd"/>
      </object_component>
      <object_component id="oc-3ad">
         <name>.debug_info</name>
         <load_address>0xa89b</load_address>
         <run_address>0xa89b</run_address>
         <size>0x119</size>
         <input_file_ref idref="fl-dd"/>
      </object_component>
      <object_component id="oc-37b">
         <name>.debug_info</name>
         <load_address>0xa9b4</load_address>
         <run_address>0xa9b4</run_address>
         <size>0x29d</size>
         <input_file_ref idref="fl-dd"/>
      </object_component>
      <object_component id="oc-239">
         <name>.debug_info</name>
         <load_address>0xac51</load_address>
         <run_address>0xac51</run_address>
         <size>0x17d</size>
         <input_file_ref idref="fl-de"/>
      </object_component>
      <object_component id="oc-1a0">
         <name>.debug_info</name>
         <load_address>0xadce</load_address>
         <run_address>0xadce</run_address>
         <size>0x1c8</size>
         <input_file_ref idref="fl-de"/>
      </object_component>
      <object_component id="oc-31b">
         <name>.debug_info</name>
         <load_address>0xaf96</load_address>
         <run_address>0xaf96</run_address>
         <size>0xbb</size>
         <input_file_ref idref="fl-de"/>
      </object_component>
      <object_component id="oc-323">
         <name>.debug_info</name>
         <load_address>0xb051</load_address>
         <run_address>0xb051</run_address>
         <size>0x16d</size>
         <input_file_ref idref="fl-df"/>
      </object_component>
      <object_component id="oc-23b">
         <name>.debug_info</name>
         <load_address>0xb1be</load_address>
         <run_address>0xb1be</run_address>
         <size>0x24c</size>
         <input_file_ref idref="fl-df"/>
      </object_component>
      <object_component id="oc-171">
         <name>.debug_info</name>
         <load_address>0xb40a</load_address>
         <run_address>0xb40a</run_address>
         <size>0x140</size>
         <input_file_ref idref="fl-e0"/>
      </object_component>
      <object_component id="oc-be">
         <name>.debug_info</name>
         <load_address>0xb54a</load_address>
         <run_address>0xb54a</run_address>
         <size>0x12f</size>
         <input_file_ref idref="fl-e0"/>
      </object_component>
      <object_component id="oc-16a">
         <name>.debug_info</name>
         <load_address>0xb679</load_address>
         <run_address>0xb679</run_address>
         <size>0x23b</size>
         <input_file_ref idref="fl-e0"/>
      </object_component>
      <object_component id="oc-2e2">
         <name>.debug_info</name>
         <load_address>0xb8b4</load_address>
         <run_address>0xb8b4</run_address>
         <size>0x3ac</size>
         <input_file_ref idref="fl-e1"/>
      </object_component>
      <object_component id="oc-1d7">
         <name>.debug_info</name>
         <load_address>0xbc60</load_address>
         <run_address>0xbc60</run_address>
         <size>0x180c</size>
         <input_file_ref idref="fl-e1"/>
      </object_component>
      <object_component id="oc-2e3">
         <name>.debug_info</name>
         <load_address>0xd46c</load_address>
         <run_address>0xd46c</run_address>
         <size>0x86</size>
         <input_file_ref idref="fl-e1"/>
      </object_component>
      <object_component id="oc-36b">
         <name>.debug_info</name>
         <load_address>0xd4f2</load_address>
         <run_address>0xd4f2</run_address>
         <size>0x46</size>
         <input_file_ref idref="fl-e1"/>
      </object_component>
      <object_component id="oc-2ed">
         <name>.debug_info</name>
         <load_address>0xd538</load_address>
         <run_address>0xd538</run_address>
         <size>0x39</size>
         <input_file_ref idref="fl-e1"/>
      </object_component>
      <object_component id="oc-27f">
         <name>.debug_info</name>
         <load_address>0xd571</load_address>
         <run_address>0xd571</run_address>
         <size>0x492</size>
         <input_file_ref idref="fl-e2"/>
      </object_component>
      <object_component id="oc-1ac">
         <name>.debug_info</name>
         <load_address>0xda03</load_address>
         <run_address>0xda03</run_address>
         <size>0xc1f</size>
         <input_file_ref idref="fl-e2"/>
      </object_component>
      <object_component id="oc-281">
         <name>.debug_info</name>
         <load_address>0xe622</load_address>
         <run_address>0xe622</run_address>
         <size>0x9a</size>
         <input_file_ref idref="fl-e2"/>
      </object_component>
      <object_component id="oc-b9">
         <name>.debug_info</name>
         <load_address>0xe6bc</load_address>
         <run_address>0xe6bc</run_address>
         <size>0x182</size>
         <input_file_ref idref="fl-e3"/>
      </object_component>
      <object_component id="oc-6f">
         <name>.debug_info</name>
         <load_address>0xe83e</load_address>
         <run_address>0xe83e</run_address>
         <size>0x183</size>
         <input_file_ref idref="fl-e3"/>
      </object_component>
      <object_component id="oc-162">
         <name>.debug_info</name>
         <load_address>0xe9c1</load_address>
         <run_address>0xe9c1</run_address>
         <size>0x5e</size>
         <input_file_ref idref="fl-e3"/>
      </object_component>
      <object_component id="oc-341">
         <name>.debug_info</name>
         <load_address>0xea1f</load_address>
         <run_address>0xea1f</run_address>
         <size>0x130</size>
         <input_file_ref idref="fl-e4"/>
      </object_component>
      <object_component id="oc-27c">
         <name>.debug_info</name>
         <load_address>0xeb4f</load_address>
         <run_address>0xeb4f</run_address>
         <size>0x18d</size>
         <input_file_ref idref="fl-e4"/>
      </object_component>
      <object_component id="oc-b1">
         <name>.debug_info</name>
         <load_address>0xecdc</load_address>
         <run_address>0xecdc</run_address>
         <size>0x305</size>
         <input_file_ref idref="fl-e5"/>
      </object_component>
      <object_component id="oc-6c">
         <name>.debug_info</name>
         <load_address>0xefe1</load_address>
         <run_address>0xefe1</run_address>
         <size>0x1ac</size>
         <input_file_ref idref="fl-e5"/>
      </object_component>
      <object_component id="oc-db">
         <name>.debug_info</name>
         <load_address>0xf18d</load_address>
         <run_address>0xf18d</run_address>
         <size>0x39</size>
         <input_file_ref idref="fl-e5"/>
      </object_component>
      <object_component id="oc-e0">
         <name>.debug_info</name>
         <load_address>0xf1c6</load_address>
         <run_address>0xf1c6</run_address>
         <size>0xcd</size>
         <input_file_ref idref="fl-e5"/>
      </object_component>
      <object_component id="oc-d7">
         <name>.debug_info</name>
         <load_address>0xf293</load_address>
         <run_address>0xf293</run_address>
         <size>0x1fc</size>
         <input_file_ref idref="fl-e6"/>
      </object_component>
      <object_component id="oc-a7">
         <name>.debug_info</name>
         <load_address>0xf48f</load_address>
         <run_address>0xf48f</run_address>
         <size>0x19f</size>
         <input_file_ref idref="fl-e6"/>
      </object_component>
      <object_component id="oc-177">
         <name>.debug_info</name>
         <load_address>0xf62e</load_address>
         <run_address>0xf62e</run_address>
         <size>0x2c</size>
         <input_file_ref idref="fl-e6"/>
      </object_component>
      <object_component id="oc-288">
         <name>.debug_info</name>
         <load_address>0xf65a</load_address>
         <run_address>0xf65a</run_address>
         <size>0x10a</size>
         <input_file_ref idref="fl-e7"/>
      </object_component>
      <object_component id="oc-1b2">
         <name>.debug_info</name>
         <load_address>0xf764</load_address>
         <run_address>0xf764</run_address>
         <size>0x116</size>
         <input_file_ref idref="fl-e7"/>
      </object_component>
      <object_component id="oc-1c2">
         <name>.debug_info</name>
         <load_address>0xf87a</load_address>
         <run_address>0xf87a</run_address>
         <size>0x155</size>
         <input_file_ref idref="fl-e8"/>
      </object_component>
      <object_component id="oc-183">
         <name>.debug_info</name>
         <load_address>0xf9cf</load_address>
         <run_address>0xf9cf</run_address>
         <size>0x113</size>
         <input_file_ref idref="fl-e8"/>
      </object_component>
      <object_component id="oc-186">
         <name>.debug_info</name>
         <load_address>0xfae2</load_address>
         <run_address>0xfae2</run_address>
         <size>0x1a0</size>
         <input_file_ref idref="fl-e8"/>
      </object_component>
      <object_component id="oc-194">
         <name>.debug_info</name>
         <load_address>0xfc82</load_address>
         <run_address>0xfc82</run_address>
         <size>0x10f</size>
         <input_file_ref idref="fl-e9"/>
      </object_component>
      <object_component id="oc-2cb">
         <name>.debug_info</name>
         <load_address>0xfd91</load_address>
         <run_address>0xfd91</run_address>
         <size>0x160</size>
         <input_file_ref idref="fl-ea"/>
      </object_component>
      <object_component id="oc-2a8">
         <name>.debug_info</name>
         <load_address>0xfef1</load_address>
         <run_address>0xfef1</run_address>
         <size>0x13c</size>
         <input_file_ref idref="fl-eb"/>
      </object_component>
      <object_component id="oc-2b6">
         <name>.debug_info</name>
         <load_address>0x1002d</load_address>
         <run_address>0x1002d</run_address>
         <size>0x13e</size>
         <input_file_ref idref="fl-eb"/>
      </object_component>
      <object_component id="oc-2b3">
         <name>.debug_info</name>
         <load_address>0x1016b</load_address>
         <run_address>0x1016b</run_address>
         <size>0x14e</size>
         <input_file_ref idref="fl-ec"/>
      </object_component>
      <object_component id="oc-2ae">
         <name>.debug_info</name>
         <load_address>0x102b9</load_address>
         <run_address>0x102b9</run_address>
         <size>0x14e</size>
         <input_file_ref idref="fl-ed"/>
      </object_component>
      <object_component id="oc-2bb">
         <name>.debug_info</name>
         <load_address>0x10407</load_address>
         <run_address>0x10407</run_address>
         <size>0x142</size>
         <input_file_ref idref="fl-ee"/>
      </object_component>
      <object_component id="oc-25c">
         <name>.debug_info</name>
         <load_address>0x10549</load_address>
         <run_address>0x10549</run_address>
         <size>0x152</size>
         <input_file_ref idref="fl-ef"/>
      </object_component>
      <object_component id="oc-247">
         <name>.debug_info</name>
         <load_address>0x1069b</load_address>
         <run_address>0x1069b</run_address>
         <size>0x1ec</size>
         <input_file_ref idref="fl-f0"/>
      </object_component>
      <object_component id="oc-1a9">
         <name>.debug_info</name>
         <load_address>0x10887</load_address>
         <run_address>0x10887</run_address>
         <size>0x235</size>
         <input_file_ref idref="fl-f0"/>
      </object_component>
      <object_component id="oc-2c6">
         <name>.debug_info</name>
         <load_address>0x10abc</load_address>
         <run_address>0x10abc</run_address>
         <size>0x140</size>
         <input_file_ref idref="fl-f1"/>
      </object_component>
      <object_component id="oc-355">
         <name>.debug_info</name>
         <load_address>0x10bfc</load_address>
         <run_address>0x10bfc</run_address>
         <size>0x168</size>
         <input_file_ref idref="fl-f2"/>
      </object_component>
      <object_component id="oc-2c2">
         <name>.debug_info</name>
         <load_address>0x10d64</load_address>
         <run_address>0x10d64</run_address>
         <size>0x1de</size>
         <input_file_ref idref="fl-f2"/>
      </object_component>
      <object_component id="oc-368">
         <name>.debug_info</name>
         <load_address>0x10f42</load_address>
         <run_address>0x10f42</run_address>
         <size>0x10d</size>
         <input_file_ref idref="fl-f3"/>
      </object_component>
      <object_component id="oc-2dc">
         <name>.debug_info</name>
         <load_address>0x1104f</load_address>
         <run_address>0x1104f</run_address>
         <size>0x1c7</size>
         <input_file_ref idref="fl-f3"/>
      </object_component>
      <object_component id="oc-359">
         <name>.debug_info</name>
         <load_address>0x11216</load_address>
         <run_address>0x11216</run_address>
         <size>0x15b</size>
         <input_file_ref idref="fl-f4"/>
      </object_component>
      <object_component id="oc-2d2">
         <name>.debug_info</name>
         <load_address>0x11371</load_address>
         <run_address>0x11371</run_address>
         <size>0x1a6</size>
         <input_file_ref idref="fl-f4"/>
      </object_component>
      <object_component id="oc-35a">
         <name>.debug_info</name>
         <load_address>0x11517</load_address>
         <run_address>0x11517</run_address>
         <size>0x2c</size>
         <input_file_ref idref="fl-f4"/>
      </object_component>
      <object_component id="oc-366">
         <name>.debug_info</name>
         <load_address>0x11543</load_address>
         <run_address>0x11543</run_address>
         <size>0x198</size>
         <input_file_ref idref="fl-f5"/>
      </object_component>
      <object_component id="oc-2d7">
         <name>.debug_info</name>
         <load_address>0x116db</load_address>
         <run_address>0x116db</run_address>
         <size>0x1f1</size>
         <input_file_ref idref="fl-f5"/>
      </object_component>
      <object_component id="oc-31a">
         <name>.debug_info</name>
         <load_address>0x118cc</load_address>
         <run_address>0x118cc</run_address>
         <size>0x1dc</size>
         <input_file_ref idref="fl-f6"/>
      </object_component>
      <object_component id="oc-235">
         <name>.debug_info</name>
         <load_address>0x11aa8</load_address>
         <run_address>0x11aa8</run_address>
         <size>0x21c</size>
         <input_file_ref idref="fl-f6"/>
      </object_component>
      <object_component id="oc-ab">
         <name>.debug_info</name>
         <load_address>0x11cc4</load_address>
         <run_address>0x11cc4</run_address>
         <size>0x161</size>
         <input_file_ref idref="fl-f7"/>
      </object_component>
      <object_component id="oc-33d">
         <name>.debug_info</name>
         <load_address>0x11e25</load_address>
         <run_address>0x11e25</run_address>
         <size>0x10d</size>
         <input_file_ref idref="fl-f8"/>
      </object_component>
      <object_component id="oc-26d">
[...]
         <name>fseek</name>
         <value>0x4ad5</value>
         <object_component_ref idref="oc-eb"/>
      </symbol>
      <symbol id="sm-22e">
         <name>ftell</name>
         <value>0x4b39</value>
         <object_component_ref idref="oc-f1"/>
      </symbol>
      <symbol id="sm-27c">
         <name>open</name>
         <value>0x286b</value>
         <object_component_ref idref="oc-17c"/>
      </symbol>
      <symbol id="sm-27d">
         <name>add_device</name>
         <value>0x298d</value>
         <object_component_ref idref="oc-17c"/>
      </symbol>
      <symbol id="sm-27e">
         <name>remove_device</name>
         <value>0x281f</value>
         <object_component_ref idref="oc-17c"/>
      </symbol>
      <symbol id="sm-27f">
         <name>lseek</name>
         <value>0x2919</value>
         <object_component_ref idref="oc-17c"/>
      </symbol>
      <symbol id="sm-280">
         <name>read</name>
         <value>0x2847</value>
         <object_component_ref idref="oc-17c"/>
      </symbol>
      <symbol id="sm-281">
         <name>rename</name>
         <value>0x27e1</value>
         <object_component_ref idref="oc-17c"/>
      </symbol>
      <symbol id="sm-282">
         <name>write</name>
         <value>0x272d</value>
         <object_component_ref idref="oc-17c"/>
      </symbol>
      <symbol id="sm-283">
         <name>close</name>
         <value>0x293d</value>
         <object_component_ref idref="oc-17c"/>
      </symbol>
      <symbol id="sm-284">
         <name>unlink</name>
         <value>0x27bd</value>
         <object_component_ref idref="oc-17c"/>
      </symbol>
      <symbol id="sm-294">
         <name>memchr</name>
         <value>0x4f0b</value>
         <object_component_ref idref="oc-299"/>
      </symbol>
      <symbol id="sm-2af">
         <name>memcpy</name>
         <value>0x43d9</value>
         <object_component_ref idref="oc-37"/>
      </symbol>
      <symbol id="sm-2b0">
         <name>__aeabi_memcpy</name>
         <value>0x43d9</value>
         <object_component_ref idref="oc-37"/>
      </symbol>
      <symbol id="sm-2b1">
         <name>__aeabi_memcpy8</name>
         <value>0x43d9</value>
         <object_component_ref idref="oc-37"/>
      </symbol>
      <symbol id="sm-2b2">
         <name>__aeabi_memcpy4</name>
         <value>0x43d9</value>
         <object_component_ref idref="oc-37"/>
      </symbol>
      <symbol id="sm-321">
         <name>_sys_memory</name>
         <value>0x20000000</value>
         <object_component_ref idref="oc-2b"/>
      </symbol>
      <symbol id="sm-322">
         <name>free</name>
         <value>0x1d9f</value>
         <object_component_ref idref="oc-1bb"/>
      </symbol>
      <symbol id="sm-323">
         <name>realloc</name>
         <value>0x1e61</value>
         <object_component_ref idref="oc-1bb"/>
      </symbol>
      <symbol id="sm-324">
         <name>memalign</name>
         <value>0x1f6d</value>
         <object_component_ref idref="oc-1bb"/>
      </symbol>
      <symbol id="sm-325">
         <name>calloc</name>
         <value>0x2051</value>
         <object_component_ref idref="oc-1bb"/>
      </symbol>
      <symbol id="sm-326">
         <name>malloc</name>
         <value>0x1d37</value>
         <object_component_ref idref="oc-1bb"/>
      </symbol>
      <symbol id="sm-327">
         <name>minit</name>
         <value>0x1ca9</value>
         <object_component_ref idref="oc-1bb"/>
      </symbol>
      <symbol id="sm-336">
         <name>__aeabi_memset</name>
         <value>0x483d</value>
         <object_component_ref idref="oc-50"/>
      </symbol>
      <symbol id="sm-337">
         <name>memset</name>
         <value>0x4843</value>
         <object_component_ref idref="oc-50"/>
      </symbol>
      <symbol id="sm-338">
         <name>__aeabi_memset8</name>
         <value>0x483d</value>
         <object_component_ref idref="oc-50"/>
      </symbol>
      <symbol id="sm-339">
         <name>__aeabi_memset4</name>
         <value>0x483d</value>
         <object_component_ref idref="oc-50"/>
      </symbol>
      <symbol id="sm-33a">
         <name>__aeabi_memclr8</name>
         <value>0x483b</value>
         <object_component_ref idref="oc-50"/>
      </symbol>
      <symbol id="sm-33b">
         <name>__aeabi_memclr4</name>
         <value>0x483b</value>
         <object_component_ref idref="oc-50"/>
      </symbol>
      <symbol id="sm-33c">
         <name>__aeabi_memclr</name>
         <value>0x483b</value>
         <object_component_ref idref="oc-50"/>
      </symbol>
      <symbol id="sm-346">
         <name>__mpu_init</name>
         <value>0x1ca7</value>
         <object_component_ref idref="oc-5c"/>
      </symbol>
      <symbol id="sm-350">
         <name>_system_pre_init</name>
         <value>0x50bd</value>
         <object_component_ref idref="oc-62"/>
      </symbol>
      <symbol id="sm-35e">
         <name>rewind</name>
         <value>0x50a9</value>
         <object_component_ref idref="oc-f7"/>
      </symbol>
      <symbol id="sm-366">
         <name>main_func_sp</name>
         <value>0x200019f8</value>
         <object_component_ref idref="oc-7a"/>
      </symbol>
      <symbol id="sm-376">
         <name>strcat</name>
         <value>0x4f49</value>
         <object_component_ref idref="oc-10f"/>
      </symbol>
      <symbol id="sm-386">
         <name>strchr</name>
         <value>0x4ffd</value>
         <object_component_ref idref="oc-206"/>
      </symbol>
      <symbol id="sm-395">
         <name>strcmp</name>
         <value>0x4fcd</value>
         <object_component_ref idref="oc-200"/>
      </symbol>
      <symbol id="sm-3a3">
         <name>strcpy</name>
         <value>0x503d</value>
         <object_component_ref idref="oc-109"/>
      </symbol>
      <symbol id="sm-3b1">
         <name>strlen</name>
         <value>0x5051</value>
         <object_component_ref idref="oc-272"/>
      </symbol>
      <symbol id="sm-3c1">
         <name>strncpy</name>
         <value>0x4e55</value>
         <object_component_ref idref="oc-20c"/>
      </symbol>
      <symbol id="sm-3e9">
         <name>HOSTgetenv</name>
         <value>0x2669</value>
         <object_component_ref idref="oc-308"/>
      </symbol>
      <symbol id="sm-3ea">
         <name>HOSTrename</name>
         <value>0x2511</value>
         <object_component_ref idref="oc-308"/>
      </symbol>
      <symbol id="sm-3eb">
         <name>HOSTclose</name>
         <value>0x26a7</value>
         <object_component_ref idref="oc-308"/>
      </symbol>
      <symbol id="sm-3ec">
         <name>HOSTtime64</name>
         <value>0x248d</value>
         <object_component_ref idref="oc-308"/>
      </symbol>
      <symbol id="sm-3ed">
         <name>HOSTunlink</name>
         <value>0x2455</value>
         <object_component_ref idref="oc-308"/>
      </symbol>
      <symbol id="sm-3ee">
         <name>HOSTlseek</name>
         <value>0x260d</value>
         <object_component_ref idref="oc-308"/>
      </symbol>
      <symbol id="sm-3ef">
         <name>HOSTopen</name>
         <value>0x25bb</value>
         <object_component_ref idref="oc-308"/>
      </symbol>
      <symbol id="sm-3f0">
         <name>HOSTclock</name>
         <value>0x26df</value>
         <object_component_ref idref="oc-308"/>
      </symbol>
      <symbol id="sm-3f1">
         <name>HOSTwrite</name>
         <value>0x2409</value>
         <object_component_ref idref="oc-308"/>
      </symbol>
      <symbol id="sm-3f2">
         <name>HOSTread</name>
         <value>0x256f</value>
         <object_component_ref idref="oc-308"/>
      </symbol>
      <symbol id="sm-3f3">
         <name>HOSTtime</name>
         <value>0x24d7</value>
         <object_component_ref idref="oc-308"/>
      </symbol>
      <symbol id="sm-40e">
         <name>__TI_readmsg</name>
         <value>0x4a9f</value>
         <object_component_ref idref="oc-378"/>
      </symbol>
      <symbol id="sm-40f">
         <name>C$$IO$$</name>
         <value>0x4a9b</value>
         <object_component_ref idref="oc-378"/>
      </symbol>
      <symbol id="sm-410">
         <name>__CIOBUF_</name>
         <value>0x200019fc</value>
         <object_component_ref idref="oc-3ac"/>
      </symbol>
      <symbol id="sm-411">
         <name>__TI_writemsg</name>
         <value>0x4a6d</value>
         <object_component_ref idref="oc-378"/>
      </symbol>
      <symbol id="sm-42a">
         <name>ungetc</name>
         <value>0x4741</value>
         <object_component_ref idref="oc-19f"/>
      </symbol>
      <symbol id="sm-443">
         <name>__TI_wrt_ok</name>
         <value>0x428d</value>
         <object_component_ref idref="oc-23a"/>
      </symbol>
      <symbol id="sm-444">
         <name>__TI_rd_ok</name>
         <value>0x42ef</value>
         <object_component_ref idref="oc-23a"/>
      </symbol>
      <symbol id="sm-45d">
         <name>_nop</name>
         <value>0x5023</value>
         <object_component_ref idref="oc-169"/>
      </symbol>
      <symbol id="sm-45e">
         <name>_lock</name>
         <value>0x200019e8</value>
         <object_component_ref idref="oc-bd"/>
      </symbol>
      <symbol id="sm-45f">
         <name>_unlock</name>
         <value>0x200019ec</value>
         <object_component_ref idref="oc-bd"/>
      </symbol>
      <symbol id="sm-460">
         <name>_register_lock</name>
         <value>0x501b</value>
         <object_component_ref idref="oc-169"/>
      </symbol>
      <symbol id="sm-461">
         <name>_register_unlock</name>
         <value>0x5015</value>
         <object_component_ref idref="oc-169"/>
      </symbol>
      <symbol id="sm-568">
         <name>__TI_printfi</name>
         <value>0x1077</value>
         <object_component_ref idref="oc-1d6"/>
      </symbol>
      <symbol id="sm-600">
         <name>__TI_scanfi</name>
         <value>0x17f9</value>
         <object_component_ref idref="oc-1ab"/>
      </symbol>
      <symbol id="sm-614">
         <name>_args_main</name>
         <value>0x4f9d</value>
         <object_component_ref idref="oc-6e"/>
      </symbol>
      <symbol id="sm-62a">
         <name>atoi</name>
         <value>0x4d01</value>
         <object_component_ref idref="oc-278"/>
      </symbol>
      <symbol id="sm-64f">
         <name>__TI_auto_init</name>
         <value>0x48b5</value>
         <object_component_ref idref="oc-68"/>
      </symbol>
      <symbol id="sm-669">
         <name>copy_in</name>
         <value>0x4d4d</value>
         <object_component_ref idref="oc-a4"/>
      </symbol>
      <symbol id="sm-674">
         <name>_ctypes_</name>
         <value>0x50c0</value>
         <object_component_ref idref="oc-1b1"/>
      </symbol>
      <symbol id="sm-689">
         <name>__TI_tmpnams</name>
         <value>0x20001b1c</value>
      </symbol>
      <symbol id="sm-68a">
         <name>__aeabi_stdout</name>
         <value>0x200019c8</value>
         <object_component_ref idref="oc-185"/>
      </symbol>
      <symbol id="sm-68b">
         <name>__aeabi_stderr</name>
         <value>0x200019cc</value>
         <object_component_ref idref="oc-185"/>
      </symbol>
      <symbol id="sm-68c">
         <name>__aeabi_stdin</name>
         <value>0x200019c4</value>
         <object_component_ref idref="oc-185"/>
      </symbol>
      <symbol id="sm-68d">
         <name>_ftable</name>
         <value>0x20001800</value>
         <object_component_ref idref="oc-182"/>
      </symbol>
      <symbol id="sm-68e">
         <name>__TI_ft_end</name>
         <value>0x200019c0</value>
         <object_component_ref idref="oc-185"/>
      </symbol>
      <symbol id="sm-696">
         <name>errno</name>
         <value>0x200019f0</value>
         <object_component_ref idref="oc-193"/>
      </symbol>
      <symbol id="sm-6ad">
         <name>__aeabi_dsub</name>
         <value>0x33e1</value>
         <object_component_ref idref="oc-2ca"/>
      </symbol>
      <symbol id="sm-6ae">
         <name>__aeabi_dadd</name>
         <value>0x33eb</value>
         <object_component_ref idref="oc-2ca"/>
      </symbol>
      <symbol id="sm-6d0">
         <name>__aeabi_cdcmpeq</name>
         <value>0x4635</value>
         <object_component_ref idref="oc-2a6"/>
      </symbol>
      <symbol id="sm-6d1">
         <name>__aeabi_cdcmple</name>
         <value>0x4635</value>
         <object_component_ref idref="oc-2a6"/>
      </symbol>
      <symbol id="sm-6d2">
         <name>__aeabi_cdrcmple</name>
         <value>0x46bb</value>
         <object_component_ref idref="oc-2b5"/>
      </symbol>
      <symbol id="sm-6e6">
         <name>__aeabi_ddiv</name>
         <value>0x3705</value>
         <object_component_ref idref="oc-2b0"/>
      </symbol>
      <symbol id="sm-6f1">
         <name>__aeabi_dmul</name>
         <value>0x3dfd</value>
         <object_component_ref idref="oc-2ab"/>
      </symbol>
      <symbol id="sm-6fb">
         <name>__aeabi_d2iz</name>
         <value>0x4d99</value>
         <object_component_ref idref="oc-2ba"/>
      </symbol>
      <symbol id="sm-707">
         <name>__aeabi_d2f</name>
         <value>0x4925</value>
         <object_component_ref idref="oc-25a"/>
      </symbol>
      <symbol id="sm-71d">
         <name>getc</name>
         <value>0x45a5</value>
         <object_component_ref idref="oc-1a5"/>
      </symbol>
      <symbol id="sm-71e">
         <name>getchar</name>
         <value>0x4621</value>
         <object_component_ref idref="oc-1a5"/>
      </symbol>
      <symbol id="sm-71f">
         <name>fgetc</name>
         <value>0x45a5</value>
         <object_component_ref idref="oc-1a5"/>
      </symbol>
      <symbol id="sm-729">
         <name>__aeabi_i2d</name>
         <value>0x4eb3</value>
         <object_component_ref idref="oc-2c5"/>
      </symbol>
      <symbol id="sm-738">
         <name>ltoa</name>
         <value>0x4c01</value>
         <object_component_ref idref="oc-2bf"/>
      </symbol>
      <symbol id="sm-748">
         <name>memccpy</name>
         <value>0x4f67</value>
         <object_component_ref idref="oc-2db"/>
      </symbol>
      <symbol id="sm-763">
         <name>frexpl</name>
         <value>0x4b9d</value>
         <object_component_ref idref="oc-2cf"/>
      </symbol>
      <symbol id="sm-764">
         <name>frexp</name>
         <value>0x4b9d</value>
         <object_component_ref idref="oc-2cf"/>
      </symbol>
      <symbol id="sm-781">
         <name>scalbn</name>
         <value>0x3ef9</value>
         <object_component_ref idref="oc-2d5"/>
      </symbol>
      <symbol id="sm-782">
         <name>scalbnl</name>
         <value>0x3ef9</value>
         <object_component_ref idref="oc-2d5"/>
      </symbol>
      <symbol id="sm-783">
         <name>ldexpl</name>
         <value>0x3ef9</value>
         <object_component_ref idref="oc-2d5"/>
      </symbol>
      <symbol id="sm-784">
         <name>ldexp</name>
         <value>0x3ef9</value>
         <object_component_ref idref="oc-2d5"/>
      </symbol>
      <symbol id="sm-7a0">
         <name>setvbuf</name>
         <value>0x40e9</value>
         <object_component_ref idref="oc-232"/>
      </symbol>
      <symbol id="sm-7aa">
         <name>_system_post_cinit</name>
         <value>0x3597</value>
         <object_component_ref idref="oc-aa"/>
      </symbol>
      <symbol id="sm-7b9">
         <name>strrchr</name>
         <value>0x4fe5</value>
         <object_component_ref idref="oc-26c"/>
      </symbol>
      <symbol id="sm-7f6">
         <name>strtold</name>
         <value>0x2a39</value>
         <object_component_ref idref="oc-254"/>
      </symbol>
      <symbol id="sm-7f7">
         <name>strtod</name>
         <value>0x2a39</value>
         <object_component_ref idref="oc-254"/>
      </symbol>
      <symbol id="sm-81c">
         <name>strtol</name>
         <value>0x3971</value>
         <object_component_ref idref="oc-25f"/>
      </symbol>
      <symbol id="sm-845">
         <name>strtoll</name>
         <value>0x2e69</value>
         <object_component_ref idref="oc-265"/>
      </symbol>
      <symbol id="sm-866">
         <name>strtoul</name>
         <value>0x3bd9</value>
         <object_component_ref idref="oc-248"/>
      </symbol>
      <symbol id="sm-88c">
         <name>strtoull</name>
         <value>0x3599</value>
         <object_component_ref idref="oc-24e"/>
      </symbol>
      <symbol id="sm-8a8">
         <name>__aeabi_uldivmod</name>
         <value>0x2c75</value>
         <object_component_ref idref="oc-2a1"/>
      </symbol>
      <symbol id="sm-8c1">
         <name>__TI_buff_read</name>
         <value>0x4339</value>
         <object_component_ref idref="oc-240"/>
      </symbol>
      <symbol id="sm-8ca">
         <name>__aeabi_lmul</name>
         <value>0x4fb5</value>
         <object_component_ref idref="oc-32a"/>
      </symbol>
      <symbol id="sm-8d4">
         <name>copysign</name>
         <value>0x5029</value>
         <object_component_ref idref="oc-35f"/>
      </symbol>
      <symbol id="sm-8d5">
         <name>copysignl</name>
         <value>0x5029</value>
         <object_component_ref idref="oc-35f"/>
      </symbol>
      <symbol id="sm-91a">
         <name>ADCProcessorTrigger</name>
         <value>0x4f83</value>
         <object_component_ref idref="oc-145"/>
      </symbol>
      <symbol id="sm-91b">
         <name>ADCSequenceEnable</name>
         <value>0x5077</value>
         <object_component_ref idref="oc-139"/>
      </symbol>
      <symbol id="sm-91c">
         <name>ADCSequenceConfigure</name>
         <value>0x4de1</value>
         <object_component_ref idref="oc-12d"/>
      </symbol>
      <symbol id="sm-91d">
         <name>ADCSequenceStepConfigure</name>
         <value>0x47c1</value>
         <object_component_ref idref="oc-133"/>
      </symbol>
      <symbol id="sm-91e">
         <name>ADCIntClear</name>
         <value>0x509f</value>
         <object_component_ref idref="oc-13f"/>
      </symbol>
      <symbol id="sm-91f">
         <name>ADCIntStatus</name>
         <value>0x4e85</value>
         <object_component_ref idref="oc-14b"/>
      </symbol>
      <symbol id="sm-920">
         <name>ADCSequenceDataGet</name>
         <value>0x4f2b</value>
         <object_component_ref idref="oc-151"/>
      </symbol>
      <symbol id="sm-93f">
         <name>GPIOPinTypeADC</name>
         <value>0x5065</value>
         <object_component_ref idref="oc-127"/>
      </symbol>
      <symbol id="sm-940">
         <name>GPIODirModeSet</name>
         <value>0x4ee1</value>
         <object_component_ref idref="oc-1e1"/>
      </symbol>
      <symbol id="sm-941">
         <name>GPIOPadConfigSet</name>
         <value>0x3aa5</value>
         <object_component_ref idref="oc-1e7"/>
      </symbol>
      <symbol id="sm-994">
         <name>SysCtlClockSet</name>
         <value>0x3ff5</value>
         <object_component_ref idref="oc-11b"/>
      </symbol>
      <symbol id="sm-995">
         <name>SysCtlDelay</name>
         <value>0x50b1</value>
         <object_component_ref idref="oc-15d"/>
      </symbol>
      <symbol id="sm-996">
         <name>SysCtlPeripheralEnable</name>
         <value>0x4e21</value>
         <object_component_ref idref="oc-121"/>
      </symbol>
      <symbol id="sm-997">
         <name>SysCtlClockGet</name>
         <value>0x3ced</value>
         <object_component_ref idref="oc-157"/>
      </symbol>
      <symbol id="sm-999">
         <name>__TI_static_base__</name>
         <value>0x0</value>
      </symbol>
      <symbol id="sm-99c">
         <name>SHT$$INIT_ARRAY$$Limit</name>
         <value>0x0</value>
      </symbol>
      <symbol id="sm-99d">
         <name>SHT$$INIT_ARRAY$$Base</name>
         <value>0x0</value>
      </symbol>
      <symbol id="sm-99e">
         <name>remove</name>
         <value>0x27bd</value>
      </symbol>
   </symbol_table>
   <title>Link successful</title>
</link_info>
