******************************************************************************
                  TI ARM Linker PC v15.12.1                    
******************************************************************************
>> Linked Fri Jun 17 16:00:02 2016

OUTPUT FILE NAME:   <Exoskeleton.out>
ENTRY POINT SYMBOL: "_c_int00"  address: 00004c59


MEMORY CONFIGURATION

         name            origin    length      used     unused   attr    fill
----------------------  --------  ---------  --------  --------  ----  --------
  FLASH                 00000000   00040000  00005380  0003ac80  R  X
  SRAM                  20000000   00008000  00001bc4  0000643c  RW X


SEGMENT ALLOCATION MAP

run origin  load origin   length   init length attrs members
----------  ----------- ---------- ----------- ----- -------
00000000    00000000    00005384   00005384    r-x
  00000000    00000000    0000026c   0000026c    r-- .intvecs
  0000026c    0000026c    00004e54   00004e54    r-x .text
  000050c0    000050c0    0000021c   0000021c    r-- .const
  000052e0    000052e0    000000a4   000000a4    r-- .cinit
20000000    20000000    00001bc4   00000000    rw-
  20000000    20000000    00001000   00000000    rw- .sysmem
  20001000    20001000    00000800   00000000    rw- .stack
  20001800    20001800    000001fc   00000000    rw- .data
  200019fc    200019fc    000001c8   00000000    rw- .bss


SECTION ALLOCATION MAP

 output                                  attributes/
section   page    origin      length       input sections
--------  ----  ----------  ----------   ----------------
.intvecs   0    00000000    0000026c     
                  00000000    0000026c     tm4c123gh6pm_startup_ccs.obj (.intvecs)

.text      0    0000026c    00004e54     
                  0000026c    00001110     rtsv7M4_T_le_v4SPD16_eabi.lib : _printfi.obj (.text)
                  0000137c    0000092a                                   : _scanfi.obj (.text)
                  00001ca6    00000002                                   : mpu_init.obj (.text)
                  00001ca8    000003dc                                   : memory.obj (.text)
                  00002084    00000384     main.obj (.text)
                  00002408    00000324     rtsv7M4_T_le_v4SPD16_eabi.lib : trgdrv.obj (.text)
                  0000272c    0000030c                                   : lowlev.obj (.text)
                  00002a38    0000023c                                   : strtod.obj (.text)
                  00002c74    000001f4                                   : ull_div_t2.obj (.text)
                  00002e68    000001e4                                   : strtoll.obj (.text)
                  0000304c    000001d0                                   : fscanf.obj (.text)
                  0000321c    000001c4                                   : fopen.obj (.text)
                  000033e0    000001b6                                   : fd_add_t2.obj (.text)
                  00003596    00000002                                   : startup.obj (.text)
                  00003598    0000016c                                   : strtoull.obj (.text)
                  00003704    00000136                                   : fd_div_t2.obj (.text)
                  0000383a    00000002     --HOLE-- [fill = 0]
                  0000383c    00000134                                   : fputs.obj (.text)
                  00003970    00000134                                   : strtol.obj (.text)
                  00003aa4    00000132     driverlib.lib : gpio.obj (.text:GPIOPadConfigSet)
                  00003bd6    00000002     --HOLE-- [fill = 0]
                  00003bd8    00000114     rtsv7M4_T_le_v4SPD16_eabi.lib : strtoul.obj (.text)
                  00003cec    00000110     driverlib.lib : sysctl.obj (.text:SysCtlClockGet)
                  00003dfc    000000fc     rtsv7M4_T_le_v4SPD16_eabi.lib : fd_mul_t2.obj (.text)
                  00003ef8    000000fc                                   : s_scalbn.obj (.text)
                  00003ff4    000000f4     driverlib.lib : sysctl.obj (.text:SysCtlClockSet)
                  000040e8    000000dc     rtsv7M4_T_le_v4SPD16_eabi.lib : setvbuf.obj (.text)
                  000041c4    000000c8                                   : fflush.obj (.text)
                  0000428c    000000ac                                   : _io_perm.obj (.text)
                  00004338    000000a0                                   : _bufread.obj (.text)
                  000043d8    0000009c                                   : memcpy_t2.obj (.text)
                  00004474    00000098                                   : fclose.obj (.text)
                  0000450c    00000098                                   : fputc.obj (.text)
                  000045a4    00000090                                   : fgetc.obj (.text)
                  00004634    00000086                                   : fd_cmp_t2.obj (.text:__aeabi_cdcmple)
                  000046ba    00000086                                   : fd_cmp_t2.obj (.text:__aeabi_cdrcmple)
                  00004740    00000080                                   : ungetc.obj (.text)
                  000047c0    0000007a     driverlib.lib : adc.obj (.text:ADCSequenceStepConfigure)
                  0000483a    0000007a     rtsv7M4_T_le_v4SPD16_eabi.lib : memset_t2.obj (.text)
                  000048b4    00000070                                   : autoinit.obj (.text)
                  00004924    0000006e                                   : fd_tos_t2.obj (.text)
                  00004992    00000002     --HOLE-- [fill = 0]
                  00004994    0000006c                                   : fprintf.obj (.text)
                  00004a00    0000006a                                   : copy_decompress_rle.obj (.text)
                  00004a6a    00000002     --HOLE-- [fill = 0]
                  00004a6c    00000068                                   : trgmsg.obj (.text)
                  00004ad4    00000064                                   : fseek.obj (.text)
                  00004b38    00000064                                   : ftell.obj (.text)
                  00004b9c    00000064                                   : s_frexp.obj (.text)
                  00004c00    00000056                                   : ltoa.obj (.text)
                  00004c56    00000002     --HOLE-- [fill = 0]
                  00004c58    00000054                                   : boot.obj (.text)
                  00004cac    00000054                                   : exit.obj (.text)
                  00004d00    0000004c                                   : atoi.obj (.text)
                  00004d4c    0000004c                                   : cpy_tbl.obj (.text)
                  00004d98    00000048                                   : fd_toi_t2.obj (.text)
                  00004de0    0000003e     driverlib.lib : adc.obj (.text:ADCSequenceConfigure)
                  00004e1e    00000002     --HOLE-- [fill = 0]
                  00004e20    00000034                   : sysctl.obj (.text:SysCtlPeripheralEnable)
                  00004e54    00000030     rtsv7M4_T_le_v4SPD16_eabi.lib : strncpy.obj (.text)
                  00004e84    0000002e     driverlib.lib : adc.obj (.text:ADCIntStatus)
                  00004eb2    0000002e     rtsv7M4_T_le_v4SPD16_eabi.lib : i_tofd_t2.obj (.text)
                  00004ee0    0000002a     driverlib.lib : gpio.obj (.text:GPIODirModeSet)
                  00004f0a    00000020     rtsv7M4_T_le_v4SPD16_eabi.lib : memchr.obj (.text)
                  00004f2a    0000001e     driverlib.lib : adc.obj (.text:ADCSequenceDataGet)
                  00004f48    0000001e     rtsv7M4_T_le_v4SPD16_eabi.lib : strcat.obj (.text)
                  00004f66    0000001c                                   : memccpy.obj (.text)
                  00004f82    00000018     driverlib.lib : adc.obj (.text:ADCProcessorTrigger)
                  00004f9a    00000002     --HOLE-- [fill = 0]
                  00004f9c    00000018     rtsv7M4_T_le_v4SPD16_eabi.lib : args_main.obj (.text)
                  00004fb4    00000018                                   : ll_mul_t2.obj (.text)
                  00004fcc    00000018                                   : strcmp.obj (.text)
                  00004fe4    00000018                                   : strrchr.obj (.text)
                  00004ffc    00000016                                   : strchr.obj (.text)
                  00005012    00000002     --HOLE-- [fill = 0]
                  00005014    00000014                                   : _lock.obj (.text)
                  00005028    00000014                                   : s_copysign.obj (.text)
                  0000503c    00000014                                   : strcpy.obj (.text)
                  00005050    00000014                                   : strlen.obj (.text)
                  00005064    00000012     driverlib.lib : gpio.obj (.text:GPIOPinTypeADC)
                  00005076    0000000e                   : adc.obj (.text:ADCSequenceEnable)
                  00005084    0000000e     rtsv7M4_T_le_v4SPD16_eabi.lib : copy_decompress_none.obj (.text:decompress:none)
                  00005092    0000000c     tm4c123gh6pm_startup_ccs.obj (.text)
                  0000509e    0000000a     driverlib.lib : adc.obj (.text:ADCIntClear)
                  000050a8    00000008     rtsv7M4_T_le_v4SPD16_eabi.lib : rewind.obj (.text)
                  000050b0    00000006     driverlib.lib : sysctl.obj (.text:SysCtlDelay)
                  000050b6    00000006     rtsv7M4_T_le_v4SPD16_eabi.lib : copy_decompress_rle.obj (.text:decompress:rle24)
                  000050bc    00000004                                   : pre_init.obj (.text)

.const     0    000050c0    0000021c     
                  000050c0    00000101     rtsv7M4_T_le_v4SPD16_eabi.lib : ctype.obj (.const:.string:_ctypes_)
                  000051c1    00000007     --HOLE-- [fill = 0]
                  000051c8    00000098                                   : strtod.obj (.const:$O1$$)
                  00005260    0000006c     driverlib.lib : sysctl.obj (.const:g_pui32Xtals)
                  000052cc    00000010     rtsv7M4_T_le_v4SPD16_eabi.lib : _scanfi.obj (.const:$O1$$)

.cinit     0    000052e0    000000a4     
                  000052e0    0000007b     (.cinit..data.load) [load image, compression = rle]
                  0000535b    00000005     --HOLE-- [fill = 0]
                  00005360    0000000b     (.cinit..bss.load) [load image, compression = rle]
                  0000536b    00000001     --HOLE-- [fill = 0]
                  0000536c    00000008     (__TI_handler_table)
                  00005374    00000010     (__TI_cinit_table)

.init_array 
*          0    00000000    00000000     UNINITIALIZED

.sysmem    0    20000000    00001000     UNINITIALIZED
                  20000000    00000008     rtsv7M4_T_le_v4SPD16_eabi.lib : memory.obj (.sysmem)
                  20000008    00000ff8     --HOLE--

.stack     0    20001000    00000800     UNINITIALIZED
                  20001000    00000800     --HOLE--

.data      0    20001800    000001fc     UNINITIALIZED
                  20001800    000000f0     rtsv7M4_T_le_v4SPD16_eabi.lib : defs.obj (.data:_ftable)
                  200018f0    000000d0                                   : lowlev.obj (.data:$O1$$)
                  200019c0    00000010                                   : defs.obj (.data)
                  200019d0    0000000c                                   : exit.obj (.data:$O1$$)
                  200019dc    0000000c                                   : memory.obj (.data:$O1$$)
                  200019e8    00000008                                   : _lock.obj (.data:$O1$$)
                  200019f0    00000004                                   : errno.obj (.data)
                  200019f4    00000004                                   : fopen.obj (.data)
                  200019f8    00000004                                   : stkdepth_vars.obj (.data)

.bss       0    200019fc    000001c8     UNINITIALIZED
                  200019fc    00000120     rtsv7M4_T_le_v4SPD16_eabi.lib : trgmsg.obj (.bss:_CIOBUF_)
                  20001b1c    000000a0     (.common:__TI_tmpnams)
                  20001bbc    00000008                                   : trgdrv.obj (.bss:parmbuf)

MODULE SUMMARY

       Module                         code    ro data   rw data
       ------                         ----    -------   -------
    .\
       main.obj                       900     0         0      
       tm4c123gh6pm_startup_ccs.obj   12      620       0      
    +--+------------------------------+-------+---------+---------+
       Total:                         912     620       0      
                                                               
    C:/ti/TivaWare_C_Series-2.1.2.111/driverlib/ccs/Debug/driverlib.lib
       sysctl.obj                     574     108       0      
       gpio.obj                       366     0         0      
       adc.obj                        308     0         0      
    +--+------------------------------+-------+---------+---------+
       Total:                         1248    108       0      
                                                               
    C:\ti\ccsv6\tools\compiler\ti-cgt-arm_15.12.1.LTS\lib\rtsv7M4_T_le_v4SPD16_eabi.lib
       _printfi.obj                   4368    0         0      
       _scanfi.obj                    2346    16        0      
       memory.obj                     988     0         12     
       lowlev.obj                     780     0         208    
       trgdrv.obj                     804     0         8      
       strtod.obj                     572     152       0      
       ull_div_t2.obj                 500     0         0      
       strtoll.obj                    484     0         0      
       fscanf.obj                     464     0         0      
       fopen.obj                      452     0         4      
       fd_add_t2.obj                  438     0         0      
       defs.obj                       0       0         416    
       trgmsg.obj                     104     0         288    
       strtoull.obj                   364     0         0      
       fd_div_t2.obj                  310     0         0      
       fputs.obj                      308     0         0      
       strtol.obj                     308     0         0      
       strtoul.obj                    276     0         0      
       fd_cmp_t2.obj                  268     0         0      
       ctype.obj                      0       257       0      
       fd_mul_t2.obj                  252     0         0      
       s_scalbn.obj                   252     0         0      
       setvbuf.obj                    220     0         0      
       fflush.obj                     200     0         0      
       _io_perm.obj                   172     0         0      
       _bufread.obj                   160     0         0      
       memcpy_t2.obj                  156     0         0      
       fclose.obj                     152     0         0      
       fputc.obj                      152     0         0      
       fgetc.obj                      144     0         0      
       ungetc.obj                     128     0         0      
       memset_t2.obj                  122     0         0      
       autoinit.obj                   112     0         0      
       copy_decompress_rle.obj        112     0         0      
       fd_tos_t2.obj                  110     0         0      
       fprintf.obj                    108     0         0      
       fseek.obj                      100     0         0      
       ftell.obj                      100     0         0      
       s_frexp.obj                    100     0         0      
       exit.obj                       84      0         12     
       ltoa.obj                       86      0         0      
       boot.obj                       84      0         0      
       atoi.obj                       76      0         0      
       cpy_tbl.obj                    76      0         0      
       fd_toi_t2.obj                  72      0         0      
       strncpy.obj                    48      0         0      
       i_tofd_t2.obj                  46      0         0      
       memchr.obj                     32      0         0      
       strcat.obj                     30      0         0      
       _lock.obj                      20      0         8      
       memccpy.obj                    28      0         0      
       args_main.obj                  24      0         0      
       ll_mul_t2.obj                  24      0         0      
       strcmp.obj                     24      0         0      
       strrchr.obj                    24      0         0      
       strchr.obj                     22      0         0      
       s_copysign.obj                 20      0         0      
       strcpy.obj                     20      0         0      
       strlen.obj                     20      0         0      
       copy_decompress_none.obj       14      0         0      
       rewind.obj                     8       0         0      
       errno.obj                      0       0         4      
       pre_init.obj                   4       0         0      
       stkdepth_vars.obj              0       0         4      
       mpu_init.obj                   2       0         0      
       startup.obj                    2       0         0      
    +--+------------------------------+-------+---------+---------+
       Total:                         17876   425       964    
                                                               
       Heap:                          0       0         4096   
       Stack:                         0       0         2048   
       Linker Generated:              0       158       0      
    +--+------------------------------+-------+---------+---------+
       Grand Total:                   20036   1311      7108   


LINKER GENERATED COPY TABLES

__TI_cinit_table @ 00005374 records: 2, size/record: 8, table size: 16
	.data: load addr=000052e0, load size=0000007b bytes, run addr=20001800, run size=000001fc bytes, compression=rle
	.bss: load addr=00005360, load size=0000000b bytes, run addr=200019fc, run size=000001c8 bytes, compression=rle


LINKER GENERATED HANDLER TABLE

__TI_handler_table @ 0000536c records: 2, size/record: 4, table size: 8
	index: 0, handler: __TI_decompress_rle24
	index: 1, handler: __TI_decompress_none


GLOBAL SYMBOLS: SORTED ALPHABETICALLY BY Name 

address   name                           
-------   ----                           
0000509f  ADCIntClear                    
00004e85  ADCIntStatus                   
00004f83  ADCProcessorTrigger            
00004de1  ADCSequenceConfigure           
00004f2b  ADCSequenceDataGet             
00005077  ADCSequenceEnable              
000047c1  ADCSequenceStepConfigure       
00004cad  C$$EXIT                        
00004a9b  C$$IO$$                        
00004ee1  GPIODirModeSet                 
00003aa5  GPIOPadConfigSet               
00005065  GPIOPinTypeADC                 
000026df  HOSTclock                      
000026a7  HOSTclose                      
00002669  HOSTgetenv                     
0000260d  HOSTlseek                      
000025bb  HOSTopen                       
0000256f  HOSTread                       
00002511  HOSTrename                     
000024d7  HOSTtime                       
0000248d  HOSTtime64                     
00002455  HOSTunlink                     
00002409  HOSTwrite                      
00005093  ResetISR                       
UNDEFED   SHT$$INIT_ARRAY$$Base          
UNDEFED   SHT$$INIT_ARRAY$$Limit         
00003ced  SysCtlClockGet                 
00003ff5  SysCtlClockSet                 
000050b1  SysCtlDelay                    
00004e21  SysCtlPeripheralEnable         
200019fc  __CIOBUF_                      
20001800  __STACK_END                    
00000800  __STACK_SIZE                   
20001200  __STACK_TOP                    
00001000  __SYSMEM_SIZE                  
00005374  __TI_CINIT_Base                
00005384  __TI_CINIT_Limit               
0000536c  __TI_Handler_Table_Base        
00005374  __TI_Handler_Table_Limit       
000048b5  __TI_auto_init                 
00004339  __TI_buff_read                 
000032e5  __TI_cleanup                   
200019d0  __TI_cleanup_ptr               
00004475  __TI_closefile                 
00005085  __TI_decompress_none           
000050b7  __TI_decompress_rle24          
000041c5  __TI_doflush                   
200019d4  __TI_dtors_ptr                 
200019d8  __TI_enable_exit_profile_output
200019c0  __TI_ft_end                    
ffffffff  __TI_pprof_out_hndl            
00001077  __TI_printfi                   
ffffffff  __TI_prof_data_size            
ffffffff  __TI_prof_data_start           
000042ef  __TI_rd_ok                     
00004a9f  __TI_readmsg                   
000017f9  __TI_scanfi                    
00000000  __TI_static_base__             
20001b1c  __TI_tmpnams                   
00004a6d  __TI_writemsg                  
0000428d  __TI_wrt_ok                    
00004635  __aeabi_cdcmpeq                
00004635  __aeabi_cdcmple                
000046bb  __aeabi_cdrcmple               
00004925  __aeabi_d2f                    
00004d99  __aeabi_d2iz                   
000033eb  __aeabi_dadd                   
00003705  __aeabi_ddiv                   
00003dfd  __aeabi_dmul                   
000033e1  __aeabi_dsub                   
00004eb3  __aeabi_i2d                    
00004fb5  __aeabi_lmul                   
0000483b  __aeabi_memclr                 
0000483b  __aeabi_memclr4                
0000483b  __aeabi_memclr8                
000043d9  __aeabi_memcpy                 
000043d9  __aeabi_memcpy4                
000043d9  __aeabi_memcpy8                
0000483d  __aeabi_memset                 
0000483d  __aeabi_memset4                
0000483d  __aeabi_memset8                
200019cc  __aeabi_stderr                 
200019c4  __aeabi_stdin                  
200019c8  __aeabi_stdout                 
00002c75  __aeabi_uldivmod               
ffffffff  __binit__                      
ffffffff  __c_args__                     
00001ca7  __mpu_init                     
20001000  __stack                        
00004f9d  _args_main                     
00004c59  _c_int00                       
000050c0  _ctypes_                       
20001800  _ftable                        
200019e8  _lock                          
00005023  _nop                           
0000501b  _register_lock                 
00005015  _register_unlock               
20000000  _sys_memory                    
00003597  _system_post_cinit             
000050bd  _system_pre_init               
200019ec  _unlock                        
00004cb1  abort                          
0000298d  add_device                     
00004d01  atoi                           
ffffffff  binit                          
00002051  calloc                         
0000293d  close                          
00004d4d  copy_in                        
00005029  copysign                       
00005029  copysignl                      
200019f0  errno                          
00004cb9  exit                           
000044db  fclose                         
00004211  fflush                         
000045a5  fgetc                          
0000333b  fopen                          
0000499d  fprintf                        
0000450d  fputc                          
0000383d  fputs                          
00001d9f  free                           
00003311  freopen                        
00004b9d  frexp                          
00004b9d  frexpl                         
000031ad  fscanf                         
00004ad5  fseek                          
00004b39  ftell                          
00000000  g_pfnVectors                   
000045a5  getc                           
00004621  getchar                        
000020d7  itoa                           
00003ef9  ldexp                          
00003ef9  ldexpl                         
00002919  lseek                          
00004c01  ltoa                           
000022e5  main                           
200019f8  main_func_sp                   
00001d37  malloc                         
00001f6d  memalign                       
00004f67  memccpy                        
00004f0b  memchr                         
000043d9  memcpy                         
00004843  memset                         
00001ca9  minit                          
0000286b  open                           
00002185  openOutputFiles                
0000225b  printDataToFiles               
0000450d  putc                           
00004591  putchar                        
00003949  puts                           
00002847  read                           
00001e61  realloc                        
000027bd  remove                         
0000281f  remove_device                  
000027e1  rename                         
00002085  reverse                        
000050a9  rewind                         
00003ef9  scalbn                         
00003ef9  scalbnl                        
0000315f  scanf                          
000040e9  setvbuf                        
00004f49  strcat                         
00004ffd  strchr                         
00004fcd  strcmp                         
0000503d  strcpy                         
00005051  strlen                         
00004e55  strncpy                        
00004fe5  strrchr                        
00002a39  strtod                         
00003971  strtol                         
00002a39  strtold                        
00002e69  strtoll                        
00003bd9  strtoul                        
00003599  strtoull                       
00004741  ungetc                         
000027bd  unlink                         
0000311f  vfscanf                        
000030e1  vscanf                         
0000272d  write                          


GLOBAL SYMBOLS: SORTED BY Symbol Address 

address   name                           
-------   ----                           
00000000  __TI_static_base__             
00000000  g_pfnVectors                   
00000800  __STACK_SIZE                   
00001000  __SYSMEM_SIZE                  
00001077  __TI_printfi                   
000017f9  __TI_scanfi                    
00001ca7  __mpu_init                     
00001ca9  minit                          
00001d37  malloc                         
00001d9f  free                           
00001e61  realloc                        
00001f6d  memalign                       
00002051  calloc                         
00002085  reverse                        
000020d7  itoa                           
00002185  openOutputFiles                
0000225b  printDataToFiles               
000022e5  main                           
00002409  HOSTwrite                      
00002455  HOSTunlink                     
0000248d  HOSTtime64                     
000024d7  HOSTtime                       
00002511  HOSTrename                     
0000256f  HOSTread                       
000025bb  HOSTopen                       
0000260d  HOSTlseek                      
00002669  HOSTgetenv                     
000026a7  HOSTclose                      
000026df  HOSTclock                      
0000272d  write                          
000027bd  remove                         
000027bd  unlink                         
000027e1  rename                         
0000281f  remove_device                  
00002847  read                           
0000286b  open                           
00002919  lseek                          
0000293d  close                          
0000298d  add_device                     
00002a39  strtod                         
00002a39  strtold                        
00002c75  __aeabi_uldivmod               
00002e69  strtoll                        
000030e1  vscanf                         
0000311f  vfscanf                        
0000315f  scanf                          
000031ad  fscanf                         
000032e5  __TI_cleanup                   
00003311  freopen                        
0000333b  fopen                          
000033e1  __aeabi_dsub                   
000033eb  __aeabi_dadd                   
00003597  _system_post_cinit             
00003599  strtoull                       
00003705  __aeabi_ddiv                   
0000383d  fputs                          
00003949  puts                           
00003971  strtol                         
00003aa5  GPIOPadConfigSet               
00003bd9  strtoul                        
00003ced  SysCtlClockGet                 
00003dfd  __aeabi_dmul                   
00003ef9  ldexp                          
00003ef9  ldexpl                         
00003ef9  scalbn                         
00003ef9  scalbnl                        
00003ff5  SysCtlClockSet                 
000040e9  setvbuf                        
000041c5  __TI_doflush                   
00004211  fflush                         
0000428d  __TI_wrt_ok                    
000042ef  __TI_rd_ok                     
00004339  __TI_buff_read                 
000043d9  __aeabi_memcpy                 
000043d9  __aeabi_memcpy4                
000043d9  __aeabi_memcpy8                
000043d9  memcpy                         
00004475  __TI_closefile                 
000044db  fclose                         
0000450d  fputc                          
0000450d  putc                           
00004591  putchar                        
000045a5  fgetc                          
000045a5  getc                           
00004621  getchar                        
00004635  __aeabi_cdcmpeq                
00004635  __aeabi_cdcmple                
000046bb  __aeabi_cdrcmple               
00004741  ungetc                         
000047c1  ADCSequenceStepConfigure       
0000483b  __aeabi_memclr                 
0000483b  __aeabi_memclr4                
0000483b  __aeabi_memclr8                
0000483d  __aeabi_memset                 
0000483d  __aeabi_memset4                
0000483d  __aeabi_memset8                
00004843  memset                         
000048b5  __TI_auto_init                 
00004925  __aeabi_d2f                    
0000499d  fprintf                        
00004a6d  __TI_writemsg                  
00004a9b  C$$IO$$                        
00004a9f  __TI_readmsg                   
00004ad5  fseek                          
00004b39  ftell                          
00004b9d  frexp                          
00004b9d  frexpl                         
00004c01  ltoa                           
00004c59  _c_int00                       
00004cad  C$$EXIT                        
00004cb1  abort                          
00004cb9  exit                           
00004d01  atoi                           
00004d4d  copy_in                        
00004d99  __aeabi_d2iz                   
00004de1  ADCSequenceConfigure           
00004e21  SysCtlPeripheralEnable         
00004e55  strncpy                        
00004e85  ADCIntStatus                   
00004eb3  __aeabi_i2d                    
00004ee1  GPIODirModeSet                 
00004f0b  memchr                         
00004f2b  ADCSequenceDataGet             
00004f49  strcat                         
00004f67  memccpy                        
00004f83  ADCProcessorTrigger            
00004f9d  _args_main                     
00004fb5  __aeabi_lmul                   
00004fcd  strcmp                         
00004fe5  strrchr                        
00004ffd  strchr                         
00005015  _register_unlock               
0000501b  _register_lock                 
00005023  _nop                           
00005029  copysign                       
00005029  copysignl                      
0000503d  strcpy                         
00005051  strlen                         
00005065  GPIOPinTypeADC                 
00005077  ADCSequenceEnable              
00005085  __TI_decompress_none           
00005093  ResetISR                       
0000509f  ADCIntClear                    
000050a9  rewind                         
000050b1  SysCtlDelay                    
000050b7  __TI_decompress_rle24          
000050bd  _system_pre_init               
000050c0  _ctypes_                       
0000536c  __TI_Handler_Table_Base        
00005374  __TI_CINIT_Base                
00005374  __TI_Handler_Table_Limit       
00005384  __TI_CINIT_Limit               
20000000  _sys_memory                    
20001000  __stack                        
20001200  __STACK_TOP                    
20001800  __STACK_END                    
20001800  _ftable                        
200019c0  __TI_ft_end                    
200019c4  __aeabi_stdin                  
200019c8  __aeabi_stdout                 
200019cc  __aeabi_stderr                 
200019d0  __TI_cleanup_ptr               
200019d4  __TI_dtors_ptr                 
200019d8  __TI_enable_exit_profile_output
200019e8  _lock                          
200019ec  _unlock                        
200019f0  errno                          
200019f8  main_func_sp                   
200019fc  __CIOBUF_                      
20001b1c  __TI_tmpnams                   
ffffffff  __TI_pprof_out_hndl            
ffffffff  __TI_prof_data_size            
ffffffff  __TI_prof_data_start           
ffffffff  __binit__                      
ffffffff  __c_args__                     
ffffffff  binit                          
UNDEFED   SHT$$INIT_ARRAY$$Base          
UNDEFED   SHT$$INIT_ARRAY$$Limit         

[178 symbols]
