<?xml version="1.0"?>
<link_info>
   <banner>TI ARM Linker PC v15.12.1.LTS</banner>
   <copyright>Copyright (c) 1996-2015 Texas Instruments Incorporated</copyright>
   <link_time>0x576dc9d2</link_time>
   <link_errors>0x0</link_errors>
   <output_file>Exoskeleton.out</output_file>
   <entry_point>
      <name>_c_int00</name>
      <address>0x4cd1</address>
   </entry_point>
   <input_file_list>
      <input_file id="fl-2">
         <path>.\</path>
         <kind>object</kind>
         <file>main0.obj</file>
         <name>main0.obj</name>
      </input_file>
      <input_file id="fl-3">
         <path>.\</path>
         <kind>object</kind>
         <file>main1.obj</file>
         <name>main1.obj</name>
      </input_file>
      <input_file id="fl-4">
         <path>.\</path>
         <kind>object</kind>
         <file>tm4c123gh6pm_startup_ccs.obj</file>
         <name>tm4c123gh6pm_startup_ccs.obj</name>
      </input_file>
      <input_file id="fl-bf">
         <path>C:\ti\ccsv6\tools\compiler\ti-cgt-arm_15.12.1.LTS\lib\</path>
         <kind>archive</kind>
         <file>rtsv7M4_T_le_v4SPD16_eabi.lib</file>
         <name>boot.obj</name>
      </input_file>
      <input_file id="fl-c0">
         <path>C:\ti\ccsv6\tools\compiler\ti-cgt-arm_15.12.1.LTS\lib\</path>
         <kind>archive</kind>
         <file>rtsv7M4_T_le_v4SPD16_eabi.lib</file>
         <name>copy_decompress_none.obj</name>
      </input_file>
      <input_file id="fl-c1">
         <path>C:\ti\ccsv6\tools\compiler\ti-cgt-arm_15.12.1.LTS\lib\</path>
         <kind>archive</kind>
         <file>rtsv7M4_T_le_v4SPD16_eabi.lib</file>
         <name>copy_decompress_rle.obj</name>
      </input_file>
      <input_file id="fl-c2">
         <path>C:\ti\ccsv6\tools\compiler\ti-cgt-arm_15.12.1.LTS\lib\</path>
         <kind>archive</kind>
         <file>rtsv7M4_T_le_v4SPD16_eabi.lib</file>
         <name>copy_zero_init.obj</name>
      </input_file>
      <input_file id="fl-c3">
         <path>C:\ti\ccsv6\tools\compiler\ti-cgt-arm_15.12.1.LTS\lib\</path>
         <kind>archive</kind>
         <file>rtsv7M4_T_le_v4SPD16_eabi.lib</file>
         <name>exit.obj</name>
      </input_file>
      <input_file id="fl-c4">
         <path>C:\ti\ccsv6\tools\compiler\ti-cgt-arm_15.12.1.LTS\lib\</path>
         <kind>archive</kind>
         <file>rtsv7M4_T_le_v4SPD16_eabi.lib</file>
         <name>fclose.obj</name>
      </input_file>
      <input_file id="fl-c5">
         <path>C:\ti\ccsv6\tools\compiler\ti-cgt-arm_15.12.1.LTS\lib\</path>
         <kind>archive</kind>
         <file>rtsv7M4_T_le_v4SPD16_eabi.lib</file>
         <name>fflush.obj</name>
      </input_file>
      <input_file id="fl-c6">
         <path>C:\ti\ccsv6\tools\compiler\ti-cgt-arm_15.12.1.LTS\lib\</path>
         <kind>archive</kind>
         <file>rtsv7M4_T_le_v4SPD16_eabi.lib</file>
         <name>fopen.obj</name>
      </input_file>
      <input_file id="fl-c7">
         <path>C:\ti\ccsv6\tools\compiler\ti-cgt-arm_15.12.1.LTS\lib\</path>
         <kind>archive</kind>
         <file>rtsv7M4_T_le_v4SPD16_eabi.lib</file>
         <name>fprintf.obj</name>
      </input_file>
      <input_file id="fl-c8">
         <path>C:\ti\ccsv6\tools\compiler\ti-cgt-arm_15.12.1.LTS\lib\</path>
         <kind>archive</kind>
         <file>rtsv7M4_T_le_v4SPD16_eabi.lib</file>
         <name>fputc.obj</name>
      </input_file>
      <input_file id="fl-c9">
         <path>C:\ti\ccsv6\tools\compiler\ti-cgt-arm_15.12.1.LTS\lib\</path>
         <kind>archive</kind>
         <file>rtsv7M4_T_le_v4SPD16_eabi.lib</file>
         <name>fputs.obj</name>
      </input_file>
      <input_file id="fl-ca">
         <path>C:\ti\ccsv6\tools\compiler\ti-cgt-arm_15.12.1.LTS\lib\</path>
         <kind>archive</kind>
         <file>rtsv7M4_T_le_v4SPD16_eabi.lib</file>
         <name>fscanf.obj</name>
      </input_file>
      <input_file id="fl-cb">
         <path>C:\ti\ccsv6\tools\compiler\ti-cgt-arm_15.12.1.LTS\lib\</path>
         <kind>archive</kind>
         <file>rtsv7M4_T_le_v4SPD16_eabi.lib</file>
         <name>fseek.obj</name>
      </input_file>
      <input_file id="fl-cc">
         <path>C:\ti\ccsv6\tools\compiler\ti-cgt-arm_15.12.1.LTS\lib\</path>
         <kind>archive</kind>
         <file>rtsv7M4_T_le_v4SPD16_eabi.lib</file>
         <name>ftell.obj</name>
      </input_file>
      <input_file id="fl-cd">
         <path>C:\ti\ccsv6\tools\compiler\ti-cgt-arm_15.12.1.LTS\lib\</path>
         <kind>archive</kind>
         <file>rtsv7M4_T_le_v4SPD16_eabi.lib</file>
         <name>lowlev.obj</name>
      </input_file>
      <input_file id="fl-ce">
         <path>C:\ti\ccsv6\tools\compiler\ti-cgt-arm_15.12.1.LTS\lib\</path>
         <kind>archive</kind>
         <file>rtsv7M4_T_le_v4SPD16_eabi.lib</file>
         <name>memchr.obj</name>
      </input_file>
      <input_file id="fl-cf">
         <path>C:\ti\ccsv6\tools\compiler\ti-cgt-arm_15.12.1.LTS\lib\</path>
         <kind>archive</kind>
         <file>rtsv7M4_T_le_v4SPD16_eabi.lib</file>
         <name>memcpy_t2.obj</name>
      </input_file>
      <input_file id="fl-d0">
         <path>C:\ti\ccsv6\tools\compiler\ti-cgt-arm_15.12.1.LTS\lib\</path>
         <kind>archive</kind>
         <file>rtsv7M4_T_le_v4SPD16_eabi.lib</file>
         <name>memory.obj</name>
      </input_file>
      <input_file id="fl-d1">
         <path>C:\ti\ccsv6\tools\compiler\ti-cgt-arm_15.12.1.LTS\lib\</path>
         <kind>archive</kind>
         <file>rtsv7M4_T_le_v4SPD16_eabi.lib</file>
         <name>memset_t2.obj</name>
      </input_file>
      <input_file id="fl-d2">
         <path>C:\ti\ccsv6\tools\compiler\ti-cgt-arm_15.12.1.LTS\lib\</path>
         <kind>archive</kind>
         <file>rtsv7M4_T_le_v4SPD16_eabi.lib</file>
         <name>mpu_init.obj</name>
      </input_file>
      <input_file id="fl-d3">
         <path>C:\ti\ccsv6\tools\compiler\ti-cgt-arm_15.12.1.LTS\lib\</path>
         <kind>archive</kind>
         <file>rtsv7M4_T_le_v4SPD16_eabi.lib</file>
         <name>pre_init.obj</name>
      </input_file>
      <input_file id="fl-d4">
         <path>C:\ti\ccsv6\tools\compiler\ti-cgt-arm_15.12.1.LTS\lib\</path>
         <kind>archive</kind>
         <file>rtsv7M4_T_le_v4SPD16_eabi.lib</file>
         <name>remove.obj</name>
      </input_file>
      <input_file id="fl-d5">
         <path>C:\ti\ccsv6\tools\compiler\ti-cgt-arm_15.12.1.LTS\lib\</path>
         <kind>archive</kind>
         <file>rtsv7M4_T_le_v4SPD16_eabi.lib</file>
         <name>rewind.obj</name>
      </input_file>
      <input_file id="fl-d6">
         <path>C:\ti\ccsv6\tools\compiler\ti-cgt-arm_15.12.1.LTS\lib\</path>
         <kind>archive</kind>
         <file>rtsv7M4_T_le_v4SPD16_eabi.lib</file>
         <name>stkdepth_vars.obj</name>
      </input_file>
      <input_file id="fl-d7">
         <path>C:\ti\ccsv6\tools\compiler\ti-cgt-arm_15.12.1.LTS\lib\</path>
         <kind>archive</kind>
         <file>rtsv7M4_T_le_v4SPD16_eabi.lib</file>
         <name>strcat.obj</name>
      </input_file>
      <input_file id="fl-d8">
         <path>C:\ti\ccsv6\tools\compiler\ti-cgt-arm_15.12.1.LTS\lib\</path>
         <kind>archive</kind>
         <file>rtsv7M4_T_le_v4SPD16_eabi.lib</file>
         <name>strchr.obj</name>
      </input_file>
      <input_file id="fl-d9">
         <path>C:\ti\ccsv6\tools\compiler\ti-cgt-arm_15.12.1.LTS\lib\</path>
         <kind>archive</kind>
         <file>rtsv7M4_T_le_v4SPD16_eabi.lib</file>
         <name>strcmp.obj</name>
      </input_file>
      <input_file id="fl-da">
         <path>C:\ti\ccsv6\tools\compiler\ti-cgt-arm_15.12.1.LTS\lib\</path>
         <kind>archive</kind>
         <file>rtsv7M4_T_le_v4SPD16_eabi.lib</file>
         <name>strcpy.obj</name>
      </input_file>
      <input_file id="fl-db">
         <path>C:\ti\ccsv6\tools\compiler\ti-cgt-arm_15.12.1.LTS\lib\</path>
         <kind>archive</kind>
         <file>rtsv7M4_T_le_v4SPD16_eabi.lib</file>
         <name>strlen.obj</name>
      </input_file>
      <input_file id="fl-dc">
         <path>C:\ti\ccsv6\tools\compiler\ti-cgt-arm_15.12.1.LTS\lib\</path>
         <kind>archive</kind>
         <file>rtsv7M4_T_le_v4SPD16_eabi.lib</file>
         <name>strncpy.obj</name>
      </input_file>
      <input_file id="fl-dd">
         <path>C:\ti\ccsv6\tools\compiler\ti-cgt-arm_15.12.1.LTS\lib\</path>
         <kind>archive</kind>
         <file>rtsv7M4_T_le_v4SPD16_eabi.lib</file>
         <name>trgdrv.obj</name>
      </input_file>
      <input_file id="fl-de">
         <path>C:\ti\ccsv6\tools\compiler\ti-cgt-arm_15.12.1.LTS\lib\</path>
         <kind>archive</kind>
         <file>rtsv7M4_T_le_v4SPD16_eabi.lib</file>
         <name>trgmsg.obj</name>
      </input_file>
      <input_file id="fl-df">
         <path>C:\ti\ccsv6\tools\compiler\ti-cgt-arm_15.12.1.LTS\lib\</path>
         <kind>archive</kind>
         <file>rtsv7M4_T_le_v4SPD16_eabi.lib</file>
         <name>ungetc.obj</name>
      </input_file>
      <input_file id="fl-e0">
         <path>C:\ti\ccsv6\tools\compiler\ti-cgt-arm_15.12.1.LTS\lib\</path>
         <kind>archive</kind>
         <file>rtsv7M4_T_le_v4SPD16_eabi.lib</file>
         <name>_io_perm.obj</name>
      </input_file>
      <input_file id="fl-e1">
         <path>C:\ti\ccsv6\tools\compiler\ti-cgt-arm_15.12.1.LTS\lib\</path>
         <kind>archive</kind>
         <file>rtsv7M4_T_le_v4SPD16_eabi.lib</file>
         <name>_lock.obj</name>
      </input_file>
      <input_file id="fl-e2">
         <path>C:\ti\ccsv6\tools\compiler\ti-cgt-arm_15.12.1.LTS\lib\</path>
         <kind>archive</kind>
         <file>rtsv7M4_T_le_v4SPD16_eabi.lib</file>
         <name>_printfi.obj</name>
      </input_file>
      <input_file id="fl-e3">
         <path>C:\ti\ccsv6\tools\compiler\ti-cgt-arm_15.12.1.LTS\lib\</path>
         <kind>archive</kind>
         <file>rtsv7M4_T_le_v4SPD16_eabi.lib</file>
         <name>_scanfi.obj</name>
      </input_file>
      <input_file id="fl-e4">
         <path>C:\ti\ccsv6\tools\compiler\ti-cgt-arm_15.12.1.LTS\lib\</path>
         <kind>archive</kind>
         <file>rtsv7M4_T_le_v4SPD16_eabi.lib</file>
         <name>args_main.obj</name>
      </input_file>
      <input_file id="fl-e5">
         <path>C:\ti\ccsv6\tools\compiler\ti-cgt-arm_15.12.1.LTS\lib\</path>
         <kind>archive</kind>
         <file>rtsv7M4_T_le_v4SPD16_eabi.lib</file>
         <name>atoi.obj</name>
      </input_file>
      <input_file id="fl-e6">
         <path>C:\ti\ccsv6\tools\compiler\ti-cgt-arm_15.12.1.LTS\lib\</path>
         <kind>archive</kind>
         <file>rtsv7M4_T_le_v4SPD16_eabi.lib</file>
         <name>autoinit.obj</name>
      </input_file>
      <input_file id="fl-e7">
         <path>C:\ti\ccsv6\tools\compiler\ti-cgt-arm_15.12.1.LTS\lib\</path>
         <kind>archive</kind>
         <file>rtsv7M4_T_le_v4SPD16_eabi.lib</file>
         <name>cpy_tbl.obj</name>
      </input_file>
      <input_file id="fl-e8">
         <path>C:\ti\ccsv6\tools\compiler\ti-cgt-arm_15.12.1.LTS\lib\</path>
         <kind>archive</kind>
         <file>rtsv7M4_T_le_v4SPD16_eabi.lib</file>
         <name>ctype.obj</name>
      </input_file>
      <input_file id="fl-e9">
         <path>C:\ti\ccsv6\tools\compiler\ti-cgt-arm_15.12.1.LTS\lib\</path>
         <kind>archive</kind>
         <file>rtsv7M4_T_le_v4SPD16_eabi.lib</file>
         <name>defs.obj</name>
      </input_file>
      <input_file id="fl-ea">
         <path>C:\ti\ccsv6\tools\compiler\ti-cgt-arm_15.12.1.LTS\lib\</path>
         <kind>archive</kind>
         <file>rtsv7M4_T_le_v4SPD16_eabi.lib</file>
         <name>errno.obj</name>
      </input_file>
      <input_file id="fl-eb">
         <path>C:\ti\ccsv6\tools\compiler\ti-cgt-arm_15.12.1.LTS\lib\</path>
         <kind>archive</kind>
         <file>rtsv7M4_T_le_v4SPD16_eabi.lib</file>
         <name>fd_add_t2.obj</name>
      </input_file>
      <input_file id="fl-ec">
         <path>C:\ti\ccsv6\tools\compiler\ti-cgt-arm_15.12.1.LTS\lib\</path>
         <kind>archive</kind>
         <file>rtsv7M4_T_le_v4SPD16_eabi.lib</file>
         <name>fd_cmp_t2.obj</name>
      </input_file>
      <input_file id="fl-ed">
         <path>C:\ti\ccsv6\tools\compiler\ti-cgt-arm_15.12.1.LTS\lib\</path>
         <kind>archive</kind>
         <file>rtsv7M4_T_le_v4SPD16_eabi.lib</file>
         <name>fd_div_t2.obj</name>
      </input_file>
      <input_file id="fl-ee">
         <path>C:\ti\ccsv6\tools\compiler\ti-cgt-arm_15.12.1.LTS\lib\</path>
         <kind>archive</kind>
         <file>rtsv7M4_T_le_v4SPD16_eabi.lib</file>
         <name>fd_mul_t2.obj</name>
      </input_file>
      <input_file id="fl-ef">
         <path>C:\ti\ccsv6\tools\compiler\ti-cgt-arm_15.12.1.LTS\lib\</path>
         <kind>archive</kind>
         <file>rtsv7M4_T_le_v4SPD16_eabi.lib</file>
         <name>fd_toi_t2.obj</name>
      </input_file>
      <input_file id="fl-f0">
         <path>C:\ti\ccsv6\tools\compiler\ti-cgt-arm_15.12.1.LTS\lib\</path>
         <kind>archive</kind>
         <file>rtsv7M4_T_le_v4SPD16_eabi.lib</file>
         <name>fd_tos_t2.obj</name>
      </input_file>
      <input_file id="fl-f1">
         <path>C:\ti\ccsv6\tools\compiler\ti-cgt-arm_15.12.1.LTS\lib\</path>
         <kind>archive</kind>
         <file>rtsv7M4_T_le_v4SPD16_eabi.lib</file>
         <name>fgetc.obj</name>
      </input_file>
      <input_file id="fl-f2">
         <path>C:\ti\ccsv6\tools\compiler\ti-cgt-arm_15.12.1.LTS\lib\</path>
         <kind>archive</kind>
         <file>rtsv7M4_T_le_v4SPD16_eabi.lib</file>
         <name>i_tofd_t2.obj</name>
      </input_file>
      <input_file id="fl-f3">
         <path>C:\ti\ccsv6\tools\compiler\ti-cgt-arm_15.12.1.LTS\lib\</path>
         <kind>archive</kind>
         <file>rtsv7M4_T_le_v4SPD16_eabi.lib</file>
         <name>ltoa.obj</name>
      </input_file>
      <input_file id="fl-f4">
         <path>C:\ti\ccsv6\tools\compiler\ti-cgt-arm_15.12.1.LTS\lib\</path>
         <kind>archive</kind>
         <file>rtsv7M4_T_le_v4SPD16_eabi.lib</file>
         <name>memccpy.obj</name>
      </input_file>
      <input_file id="fl-f5">
         <path>C:\ti\ccsv6\tools\compiler\ti-cgt-arm_15.12.1.LTS\lib\</path>
         <kind>archive</kind>
         <file>rtsv7M4_T_le_v4SPD16_eabi.lib</file>
         <name>s_frexp.obj</name>
      </input_file>
      <input_file id="fl-f6">
         <path>C:\ti\ccsv6\tools\compiler\ti-cgt-arm_15.12.1.LTS\lib\</path>
         <kind>archive</kind>
         <file>rtsv7M4_T_le_v4SPD16_eabi.lib</file>
         <name>s_scalbn.obj</name>
      </input_file>
      <input_file id="fl-f7">
         <path>C:\ti\ccsv6\tools\compiler\ti-cgt-arm_15.12.1.LTS\lib\</path>
         <kind>archive</kind>
         <file>rtsv7M4_T_le_v4SPD16_eabi.lib</file>
         <name>setvbuf.obj</name>
      </input_file>
      <input_file id="fl-f8">
         <path>C:\ti\ccsv6\tools\compiler\ti-cgt-arm_15.12.1.LTS\lib\</path>
         <kind>archive</kind>
         <file>rtsv7M4_T_le_v4SPD16_eabi.lib</file>
         <name>startup.obj</name>
      </input_file>
      <input_file id="fl-f9">
         <path>C:\ti\ccsv6\tools\compiler\ti-cgt-arm_15.12.1.LTS\lib\</path>
         <kind>archive</kind>
         <file>rtsv7M4_T_le_v4SPD16_eabi.lib</file>
         <name>strrchr.obj</name>
      </input_file>
      <input_file id="fl-fa">
         <path>C:\ti\ccsv6\tools\compiler\ti-cgt-arm_15.12.1.LTS\lib\</path>
         <kind>archive</kind>
         <file>rtsv7M4_T_le_v4SPD16_eabi.lib</file>
         <name>strtod.obj</name>
      </input_file>
      <input_file id="fl-fb">
         <path>C:\ti\ccsv6\tools\compiler\ti-cgt-arm_15.12.1.LTS\lib\</path>
         <kind>archive</kind>
         <file>rtsv7M4_T_le_v4SPD16_eabi.lib</file>
         <name>strtol.obj</name>
      </input_file>
      <input_file id="fl-fc">
         <path>C:\ti\ccsv6\tools\compiler\ti-cgt-arm_15.12.1.LTS\lib\</path>
         <kind>archive</kind>
         <file>rtsv7M4_T_le_v4SPD16_eabi.lib</file>
         <name>strtoll.obj</name>
      </input_file>
      <input_file id="fl-fd">
         <path>C:\ti\ccsv6\tools\compiler\ti-cgt-arm_15.12.1.LTS\lib\</path>
         <kind>archive</kind>
         <file>rtsv7M4_T_le_v4SPD16_eabi.lib</file>
         <name>strtoul.obj</name>
      </input_file>
      <input_file id="fl-fe">
         <path>C:\ti\ccsv6\tools\compiler\ti-cgt-arm_15.12.1.LTS\lib\</path>
         <kind>archive</kind>
         <file>rtsv7M4_T_le_v4SPD16_eabi.lib</file>
         <name>strtoull.obj</name>
      </input_file>
      <input_file id="fl-ff">
         <path>C:\ti\ccsv6\tools\compiler\ti-cgt-arm_15.12.1.LTS\lib\</path>
         <kind>archive</kind>
         <file>rtsv7M4_T_le_v4SPD16_eabi.lib</file>
         <name>ull_div_t2.obj</name>
      </input_file>
      <input_file id="fl-100">
         <path>C:\ti\ccsv6\tools\compiler\ti-cgt-arm_15.12.1.LTS\lib\</path>
         <kind>archive</kind>
         <file>rtsv7M4_T_le_v4SPD16_eabi.lib</file>
         <name>_bufread.obj</name>
      </input_file>
      <input_file id="fl-101">
         <path>C:\ti\ccsv6\tools\compiler\ti-cgt-arm_15.12.1.LTS\lib\</path>
         <kind>archive</kind>
         <file>rtsv7M4_T_le_v4SPD16_eabi.lib</file>
         <name>ll_mul_t2.obj</name>
      </input_file>
      <input_file id="fl-102">
         <path>C:\ti\ccsv6\tools\compiler\ti-cgt-arm_15.12.1.LTS\lib\</path>
         <kind>archive</kind>
         <file>rtsv7M4_T_le_v4SPD16_eabi.lib</file>
         <name>s_copysign.obj</name>
      </input_file>
      <input_file id="fl-103">
         <path>C:\ti\TivaWare_C_Series-2.1.2.111\driverlib\ccs\Debug\</path>
         <kind>archive</kind>
         <file>driverlib.lib</file>
         <name>adc.obj</name>
      </input_file>
      <input_file id="fl-104">
         <path>C:\ti\TivaWare_C_Series-2.1.2.111\driverlib\ccs\Debug\</path>
         <kind>archive</kind>
         <file>driverlib.lib</file>
         <name>gpio.obj</name>
      </input_file>
      <input_file id="fl-105">
         <path>C:\ti\TivaWare_C_Series-2.1.2.111\driverlib\ccs\Debug\</path>
         <kind>archive</kind>
         <file>driverlib.lib</file>
         <name>interrupt.obj</name>
      </input_file>
      <input_file id="fl-106">
         <path>C:\ti\TivaWare_C_Series-2.1.2.111\driverlib\ccs\Debug\</path>
         <kind>archive</kind>
         <file>driverlib.lib</file>
         <name>sysctl.obj</name>
      </input_file>
      <input_file id="fl-107">
         <path>C:\ti\TivaWare_C_Series-2.1.2.111\driverlib\ccs\Debug\</path>
         <kind>archive</kind>
         <file>driverlib.lib</file>
         <name>cpu.obj</name>
      </input_file>
   </input_file_list>
   <object_component_list>
      <object_component id="oc-f">
         <name>.intvecs</name>
         <load_address>0x0</load_address>
         <run_address>0x0</run_address>
         <size>0x26c</size>
         <input_file_ref idref="fl-4"/>
      </object_component>
      <object_component id="oc-1ea">
         <name>.text</name>
         <load_address>0x26c</load_address>
         <run_address>0x26c</run_address>
         <size>0x1110</size>
         <input_file_ref idref="fl-e2"/>
      </object_component>
      <object_component id="oc-1bf">
         <name>.text</name>
         <load_address>0x137c</load_address>
         <run_address>0x137c</run_address>
         <size>0x92a</size>
         <input_file_ref idref="fl-e3"/>
      </object_component>
      <object_component id="oc-5c">
         <name>.text</name>
         <load_address>0x1ca6</load_address>
         <run_address>0x1ca6</run_address>
         <size>0x2</size>
         <input_file_ref idref="fl-d2"/>
      </object_component>
      <object_component id="oc-b2">
         <name>.text</name>
         <load_address>0x1ca8</load_address>
         <run_address>0x1ca8</run_address>
         <size>0x3fc</size>
         <input_file_ref idref="fl-3"/>
      </object_component>
      <object_component id="oc-1cf">
         <name>.text</name>
         <load_address>0x20a4</load_address>
         <run_address>0x20a4</run_address>
         <size>0x3dc</size>
         <input_file_ref idref="fl-d0"/>
      </object_component>
      <object_component id="oc-321">
         <name>.text</name>
         <load_address>0x2480</load_address>
         <run_address>0x2480</run_address>
         <size>0x324</size>
         <input_file_ref idref="fl-dd"/>
      </object_component>
      <object_component id="oc-190">
         <name>.text</name>
         <load_address>0x27a4</load_address>
         <run_address>0x27a4</run_address>
         <size>0x30c</size>
         <input_file_ref idref="fl-cd"/>
      </object_component>
      <object_component id="oc-26c">
         <name>.text</name>
         <load_address>0x2ab0</load_address>
         <run_address>0x2ab0</run_address>
         <size>0x23c</size>
         <input_file_ref idref="fl-fa"/>
      </object_component>
      <object_component id="oc-2b9">
         <name>.text</name>
         <load_address>0x2cec</load_address>
         <run_address>0x2cec</run_address>
         <size>0x1f4</size>
         <input_file_ref idref="fl-ff"/>
      </object_component>
      <object_component id="oc-27d">
         <name>.text</name>
         <load_address>0x2ee0</load_address>
         <run_address>0x2ee0</run_address>
         <size>0x1e4</size>
         <input_file_ref idref="fl-fc"/>
      </object_component>
      <object_component id="oc-fd">
         <name>.text</name>
         <load_address>0x30c4</load_address>
         <run_address>0x30c4</run_address>
         <size>0x1d0</size>
         <input_file_ref idref="fl-ca"/>
      </object_component>
      <object_component id="oc-e5">
         <name>.text</name>
         <load_address>0x3294</load_address>
         <run_address>0x3294</run_address>
         <size>0x1c4</size>
         <input_file_ref idref="fl-c6"/>
      </object_component>
      <object_component id="oc-2e2">
         <name>.text</name>
         <load_address>0x3458</load_address>
         <run_address>0x3458</run_address>
         <size>0x1b6</size>
         <input_file_ref idref="fl-eb"/>
      </object_component>
      <object_component id="oc-aa">
         <name>.text</name>
         <load_address>0x360e</load_address>
         <run_address>0x360e</run_address>
         <size>0x2</size>
         <input_file_ref idref="fl-f8"/>
      </object_component>
      <object_component id="oc-266">
         <name>.text</name>
         <load_address>0x3610</load_address>
         <run_address>0x3610</run_address>
         <size>0x16c</size>
         <input_file_ref idref="fl-fe"/>
      </object_component>
      <object_component id="oc-2c8">
         <name>.text</name>
         <load_address>0x377c</load_address>
         <run_address>0x377c</run_address>
         <size>0x136</size>
         <input_file_ref idref="fl-ed"/>
      </object_component>
      <object_component id="oc-1e4">
         <name>.text</name>
         <load_address>0x38b4</load_address>
         <run_address>0x38b4</run_address>
         <size>0x134</size>
         <input_file_ref idref="fl-c9"/>
      </object_component>
      <object_component id="oc-277">
         <name>.text</name>
         <load_address>0x39e8</load_address>
         <run_address>0x39e8</run_address>
         <size>0x134</size>
         <input_file_ref idref="fl-fb"/>
      </object_component>
      <object_component id="oc-1fc">
         <name>.text:GPIOPadConfigSet</name>
         <load_address>0x3b1c</load_address>
         <run_address>0x3b1c</run_address>
         <size>0x132</size>
         <input_file_ref idref="fl-104"/>
      </object_component>
      <object_component id="oc-260">
         <name>.text</name>
         <load_address>0x3c50</load_address>
         <run_address>0x3c50</run_address>
         <size>0x114</size>
         <input_file_ref idref="fl-fd"/>
      </object_component>
      <object_component id="oc-157">
         <name>.text:SysCtlClockGet</name>
         <load_address>0x3d64</load_address>
         <run_address>0x3d64</run_address>
         <size>0x110</size>
         <input_file_ref idref="fl-106"/>
      </object_component>
      <object_component id="oc-2c3">
         <name>.text</name>
         <load_address>0x3e74</load_address>
         <run_address>0x3e74</run_address>
         <size>0xfc</size>
         <input_file_ref idref="fl-ee"/>
      </object_component>
      <object_component id="oc-2ed">
         <name>.text</name>
         <load_address>0x3f70</load_address>
         <run_address>0x3f70</run_address>
         <size>0xfc</size>
         <input_file_ref idref="fl-f6"/>
      </object_component>
      <object_component id="oc-11b">
         <name>.text:SysCtlClockSet</name>
         <load_address>0x406c</load_address>
         <run_address>0x406c</run_address>
         <size>0xf4</size>
         <input_file_ref idref="fl-106"/>
      </object_component>
      <object_component id="oc-24a">
         <name>.text</name>
         <load_address>0x4160</load_address>
         <run_address>0x4160</run_address>
         <size>0xdc</size>
         <input_file_ref idref="fl-f7"/>
      </object_component>
      <object_component id="oc-19f">
         <name>.text</name>
         <load_address>0x423c</load_address>
         <run_address>0x423c</run_address>
         <size>0xc8</size>
         <input_file_ref idref="fl-c5"/>
      </object_component>
      <object_component id="oc-252">
         <name>.text</name>
         <load_address>0x4304</load_address>
         <run_address>0x4304</run_address>
         <size>0xac</size>
         <input_file_ref idref="fl-e0"/>
      </object_component>
      <object_component id="oc-258">
         <name>.text</name>
         <load_address>0x43b0</load_address>
         <run_address>0x43b0</run_address>
         <size>0xa0</size>
         <input_file_ref idref="fl-100"/>
      </object_component>
      <object_component id="oc-37">
         <name>.text</name>
         <load_address>0x4450</load_address>
         <run_address>0x4450</run_address>
         <size>0x9c</size>
         <input_file_ref idref="fl-cf"/>
      </object_component>
      <object_component id="oc-103">
         <name>.text</name>
         <load_address>0x44ec</load_address>
         <run_address>0x44ec</run_address>
         <size>0x98</size>
         <input_file_ref idref="fl-c4"/>
      </object_component>
      <object_component id="oc-1de">
         <name>.text</name>
         <load_address>0x4584</load_address>
         <run_address>0x4584</run_address>
         <size>0x98</size>
         <input_file_ref idref="fl-c8"/>
      </object_component>
      <object_component id="oc-1b9">
         <name>.text</name>
         <load_address>0x461c</load_address>
         <run_address>0x461c</run_address>
         <size>0x90</size>
         <input_file_ref idref="fl-f1"/>
      </object_component>
      <object_component id="oc-2be">
         <name>.text:__aeabi_cdcmple</name>
         <load_address>0x46ac</load_address>
         <run_address>0x46ac</run_address>
         <size>0x86</size>
         <input_file_ref idref="fl-ec"/>
      </object_component>
      <object_component id="oc-2cd">
         <name>.text:__aeabi_cdrcmple</name>
         <load_address>0x4732</load_address>
         <run_address>0x4732</run_address>
         <size>0x86</size>
         <input_file_ref idref="fl-ec"/>
      </object_component>
      <object_component id="oc-1b3">
         <name>.text</name>
         <load_address>0x47b8</load_address>
         <run_address>0x47b8</run_address>
         <size>0x80</size>
         <input_file_ref idref="fl-df"/>
      </object_component>
      <object_component id="oc-13f">
         <name>.text:ADCSequenceStepConfigure</name>
         <load_address>0x4838</load_address>
         <run_address>0x4838</run_address>
         <size>0x7a</size>
         <input_file_ref idref="fl-103"/>
      </object_component>
      <object_component id="oc-50">
         <name>.text</name>
         <load_address>0x48b2</load_address>
         <run_address>0x48b2</run_address>
         <size>0x7a</size>
         <input_file_ref idref="fl-d1"/>
      </object_component>
      <object_component id="oc-68">
         <name>.text</name>
         <load_address>0x492c</load_address>
         <run_address>0x492c</run_address>
         <size>0x70</size>
         <input_file_ref idref="fl-e6"/>
      </object_component>
      <object_component id="oc-272">
         <name>.text</name>
         <load_address>0x499c</load_address>
         <run_address>0x499c</run_address>
         <size>0x6e</size>
         <input_file_ref idref="fl-f0"/>
      </object_component>
      <object_component id="oc-115">
         <name>.text</name>
         <load_address>0x4a0c</load_address>
         <run_address>0x4a0c</run_address>
         <size>0x6c</size>
         <input_file_ref idref="fl-c7"/>
      </object_component>
      <object_component id="oc-43">
         <name>.text</name>
         <load_address>0x4a78</load_address>
         <run_address>0x4a78</run_address>
         <size>0x6a</size>
         <input_file_ref idref="fl-c1"/>
      </object_component>
      <object_component id="oc-38f">
         <name>.text</name>
         <load_address>0x4ae4</load_address>
         <run_address>0x4ae4</run_address>
         <size>0x68</size>
         <input_file_ref idref="fl-de"/>
      </object_component>
      <object_component id="oc-eb">
         <name>.text</name>
         <load_address>0x4b4c</load_address>
         <run_address>0x4b4c</run_address>
         <size>0x64</size>
         <input_file_ref idref="fl-cb"/>
      </object_component>
      <object_component id="oc-f1">
         <name>.text</name>
         <load_address>0x4bb0</load_address>
         <run_address>0x4bb0</run_address>
         <size>0x64</size>
         <input_file_ref idref="fl-cc"/>
      </object_component>
      <object_component id="oc-2e7">
         <name>.text</name>
         <load_address>0x4c14</load_address>
         <run_address>0x4c14</run_address>
         <size>0x64</size>
         <input_file_ref idref="fl-f5"/>
      </object_component>
      <object_component id="oc-2d7">
         <name>.text</name>
         <load_address>0x4c78</load_address>
         <run_address>0x4c78</run_address>
         <size>0x56</size>
         <input_file_ref idref="fl-f3"/>
      </object_component>
      <object_component id="oc-24">
         <name>.text</name>
         <load_address>0x4cd0</load_address>
         <run_address>0x4cd0</run_address>
         <size>0x54</size>
         <input_file_ref idref="fl-bf"/>
      </object_component>
      <object_component id="oc-74">
         <name>.text</name>
         <load_address>0x4d24</load_address>
         <run_address>0x4d24</run_address>
         <size>0x54</size>
         <input_file_ref idref="fl-c3"/>
      </object_component>
      <object_component id="oc-290">
         <name>.text</name>
         <load_address>0x4d78</load_address>
         <run_address>0x4d78</run_address>
         <size>0x4c</size>
         <input_file_ref idref="fl-e5"/>
      </object_component>
      <object_component id="oc-a4">
         <name>.text</name>
         <load_address>0x4dc4</load_address>
         <run_address>0x4dc4</run_address>
         <size>0x4c</size>
         <input_file_ref idref="fl-e7"/>
      </object_component>
      <object_component id="oc-2d2">
         <name>.text</name>
         <load_address>0x4e10</load_address>
         <run_address>0x4e10</run_address>
         <size>0x48</size>
         <input_file_ref idref="fl-ef"/>
      </object_component>
      <object_component id="oc-139">
         <name>.text:ADCSequenceConfigure</name>
         <load_address>0x4e58</load_address>
         <run_address>0x4e58</run_address>
         <size>0x3e</size>
         <input_file_ref idref="fl-103"/>
      </object_component>
      <object_component id="oc-127">
         <name>.text:SysCtlPeripheralReady</name>
         <load_address>0x4e98</load_address>
         <run_address>0x4e98</run_address>
         <size>0x38</size>
         <input_file_ref idref="fl-106"/>
      </object_component>
      <object_component id="oc-121">
         <name>.text:SysCtlPeripheralEnable</name>
         <load_address>0x4ed0</load_address>
         <run_address>0x4ed0</run_address>
         <size>0x34</size>
         <input_file_ref idref="fl-106"/>
      </object_component>
      <object_component id="oc-224">
         <name>.text</name>
         <load_address>0x4f04</load_address>
         <run_address>0x4f04</run_address>
         <size>0x30</size>
         <input_file_ref idref="fl-dc"/>
      </object_component>
      <object_component id="oc-164">
         <name>.text:ADCIntStatus</name>
         <load_address>0x4f34</load_address>
         <run_address>0x4f34</run_address>
         <size>0x2e</size>
         <input_file_ref idref="fl-103"/>
      </object_component>
      <object_component id="oc-2dd">
         <name>.text</name>
         <load_address>0x4f62</load_address>
         <run_address>0x4f62</run_address>
         <size>0x2e</size>
         <input_file_ref idref="fl-f2"/>
      </object_component>
      <object_component id="oc-1f6">
         <name>.text:GPIODirModeSet</name>
         <load_address>0x4f90</load_address>
         <run_address>0x4f90</run_address>
         <size>0x2a</size>
         <input_file_ref idref="fl-104"/>
      </object_component>
      <object_component id="oc-2b1">
         <name>.text</name>
         <load_address>0x4fba</load_address>
         <run_address>0x4fba</run_address>
         <size>0x20</size>
         <input_file_ref idref="fl-ce"/>
      </object_component>
      <object_component id="oc-16a">
         <name>.text:ADCSequenceDataGet</name>
         <load_address>0x4fda</load_address>
         <run_address>0x4fda</run_address>
         <size>0x1e</size>
         <input_file_ref idref="fl-103"/>
      </object_component>
      <object_component id="oc-10f">
         <name>.text</name>
         <load_address>0x4ff8</load_address>
         <run_address>0x4ff8</run_address>
         <size>0x1e</size>
         <input_file_ref idref="fl-d7"/>
      </object_component>
      <object_component id="oc-2f3">
         <name>.text</name>
         <load_address>0x5016</load_address>
         <run_address>0x5016</run_address>
         <size>0x1c</size>
         <input_file_ref idref="fl-f4"/>
      </object_component>
      <object_component id="oc-15e">
         <name>.text:ADCProcessorTrigger</name>
         <load_address>0x5032</load_address>
         <run_address>0x5032</run_address>
         <size>0x18</size>
         <input_file_ref idref="fl-103"/>
      </object_component>
      <object_component id="oc-133">
         <name>.text:GPIOPinTypeGPIOOutput</name>
         <load_address>0x504a</load_address>
         <run_address>0x504a</run_address>
         <size>0x18</size>
         <input_file_ref idref="fl-104"/>
      </object_component>
      <object_component id="oc-6e">
         <name>.text</name>
         <load_address>0x5064</load_address>
         <run_address>0x5064</run_address>
         <size>0x18</size>
         <input_file_ref idref="fl-e4"/>
      </object_component>
      <object_component id="oc-343">
         <name>.text</name>
         <load_address>0x507c</load_address>
         <run_address>0x507c</run_address>
         <size>0x18</size>
         <input_file_ref idref="fl-101"/>
      </object_component>
      <object_component id="oc-218">
         <name>.text</name>
         <load_address>0x5094</load_address>
         <run_address>0x5094</run_address>
         <size>0x18</size>
         <input_file_ref idref="fl-d9"/>
      </object_component>
      <object_component id="oc-284">
         <name>.text</name>
         <load_address>0x50ac</load_address>
         <run_address>0x50ac</run_address>
         <size>0x18</size>
         <input_file_ref idref="fl-f9"/>
      </object_component>
      <object_component id="oc-21e">
         <name>.text</name>
         <load_address>0x50c4</load_address>
         <run_address>0x50c4</run_address>
         <size>0x16</size>
         <input_file_ref idref="fl-d8"/>
      </object_component>
      <object_component id="oc-17d">
         <name>.text</name>
         <load_address>0x50dc</load_address>
         <run_address>0x50dc</run_address>
         <size>0x14</size>
         <input_file_ref idref="fl-e1"/>
      </object_component>
      <object_component id="oc-378">
         <name>.text</name>
         <load_address>0x50f0</load_address>
         <run_address>0x50f0</run_address>
         <size>0x14</size>
         <input_file_ref idref="fl-102"/>
      </object_component>
      <object_component id="oc-109">
         <name>.text</name>
         <load_address>0x5104</load_address>
         <run_address>0x5104</run_address>
         <size>0x14</size>
         <input_file_ref idref="fl-da"/>
      </object_component>
      <object_component id="oc-28a">
         <name>.text</name>
         <load_address>0x5118</load_address>
         <run_address>0x5118</run_address>
         <size>0x14</size>
         <input_file_ref idref="fl-db"/>
      </object_component>
      <object_component id="oc-12d">
         <name>.text:GPIOPinTypeADC</name>
         <load_address>0x512c</load_address>
         <run_address>0x512c</run_address>
         <size>0x12</size>
         <input_file_ref idref="fl-104"/>
      </object_component>
      <object_component id="oc-145">
         <name>.text:ADCSequenceEnable</name>
         <load_address>0x513e</load_address>
         <run_address>0x513e</run_address>
         <size>0xe</size>
         <input_file_ref idref="fl-103"/>
      </object_component>
      <object_component id="oc-12">
         <name>.text:decompress:none</name>
         <load_address>0x514c</load_address>
         <run_address>0x514c</run_address>
         <size>0xe</size>
         <input_file_ref idref="fl-c0"/>
      </object_component>
      <object_component id="oc-2e">
         <name>.text</name>
         <load_address>0x515a</load_address>
         <run_address>0x515a</run_address>
         <size>0xc</size>
         <input_file_ref idref="fl-4"/>
      </object_component>
      <object_component id="oc-14b">
         <name>.text:ADCIntClear</name>
         <load_address>0x5166</load_address>
         <run_address>0x5166</run_address>
         <size>0xa</size>
         <input_file_ref idref="fl-103"/>
      </object_component>
      <object_component id="oc-f7">
         <name>.text</name>
         <load_address>0x5170</load_address>
         <run_address>0x5170</run_address>
         <size>0x8</size>
         <input_file_ref idref="fl-d5"/>
      </object_component>
      <object_component id="oc-151">
         <name>.text:GPIOPinWrite</name>
         <load_address>0x5178</load_address>
         <run_address>0x5178</run_address>
         <size>0x6</size>
         <input_file_ref idref="fl-104"/>
      </object_component>
      <object_component id="oc-15d">
         <name>.text:SysCtlDelay</name>
         <load_address>0x517e</load_address>
         <run_address>0x517e</run_address>
         <size>0x6</size>
         <input_file_ref idref="fl-106"/>
      </object_component>
      <object_component id="oc-18">
         <name>.text:decompress:rle24</name>
         <load_address>0x5184</load_address>
         <run_address>0x5184</run_address>
         <size>0x6</size>
         <input_file_ref idref="fl-c1"/>
      </object_component>
      <object_component id="oc-62">
         <name>.text</name>
         <load_address>0x518a</load_address>
         <run_address>0x518a</run_address>
         <size>0x4</size>
         <input_file_ref idref="fl-d3"/>
      </object_component>
      <object_component id="oc-1c5">
         <name>.const:.string:_ctypes_</name>
         <load_address>0x5190</load_address>
         <run_address>0x5190</run_address>
         <size>0x101</size>
         <input_file_ref idref="fl-e8"/>
      </object_component>
      <object_component id="oc-34a">
         <name>.const:$O1$$</name>
         <load_address>0x5298</load_address>
         <run_address>0x5298</run_address>
         <size>0x98</size>
         <input_file_ref idref="fl-fa"/>
      </object_component>
      <object_component id="oc-20c">
         <name>.const:g_pui32Xtals</name>
         <load_address>0x5330</load_address>
         <run_address>0x5330</run_address>
         <size>0x6c</size>
         <input_file_ref idref="fl-106"/>
      </object_component>
      <object_component id="oc-283">
         <name>.const:$O1$$</name>
         <load_address>0x539c</load_address>
         <run_address>0x539c</run_address>
         <size>0x10</size>
         <input_file_ref idref="fl-e3"/>
      </object_component>
      <object_component id="oc-3f1">
         <name>.cinit..data.load</name>
         <load_address>0x53b0</load_address>
         <run_address>0x53b0</run_address>
         <size>0x7d</size>
      </object_component>
      <object_component id="oc-3f2">
         <name>.cinit..bss.load</name>
         <load_address>0x5430</load_address>
         <run_address>0x5430</run_address>
         <size>0xb</size>
      </object_component>
      <object_component id="oc-3ef">
         <name>__TI_handler_table</name>
         <load_address>0x543c</load_address>
         <run_address>0x543c</run_address>
         <size>0x8</size>
      </object_component>
      <object_component id="oc-3f0">
         <name>__TI_cinit_table</name>
         <load_address>0x5444</load_address>
         <run_address>0x5444</run_address>
         <size>0x10</size>
      </object_component>
      <object_component id="oc-ba">
         <name>.data:$O1$$</name>
         <load_address>0x20007dd0</load_address>
         <run_address>0x20007dd0</run_address>
         <size>0xc</size>
         <input_file_ref idref="fl-c3"/>
      </object_component>
      <object_component id="oc-19c">
         <name>.data</name>
         <load_address>0x20007df4</load_address>
         <run_address>0x20007df4</run_address>
         <size>0x4</size>
         <input_file_ref idref="fl-c6"/>
      </object_component>
      <object_component id="oc-22a">
         <name>.data:$O1$$</name>
         <load_address>0x20007cf0</load_address>
         <run_address>0x20007cf0</run_address>
         <size>0xd0</size>
         <input_file_ref idref="fl-cd"/>
      </object_component>
      <object_component id="oc-2a3">
         <name>.data:$O1$$</name>
         <load_address>0x20007ddc</load_address>
         <run_address>0x20007ddc</run_address>
         <size>0xc</size>
         <input_file_ref idref="fl-d0"/>
      </object_component>
      <object_component id="oc-7a">
         <name>.data</name>
         <load_address>0x20007df8</load_address>
         <run_address>0x20007df8</run_address>
         <size>0x4</size>
         <input_file_ref idref="fl-d6"/>
      </object_component>
      <object_component id="oc-bd">
         <name>.data:$O1$$</name>
         <load_address>0x20007de8</load_address>
         <run_address>0x20007de8</run_address>
         <size>0x8</size>
         <input_file_ref idref="fl-e1"/>
      </object_component>
      <object_component id="oc-196">
         <name>.data:_ftable</name>
         <load_address>0x20007c00</load_address>
         <run_address>0x20007c00</run_address>
         <size>0xf0</size>
         <input_file_ref idref="fl-e9"/>
      </object_component>
      <object_component id="oc-199">
         <name>.data</name>
         <load_address>0x20007dc0</load_address>
         <run_address>0x20007dc0</run_address>
         <size>0x10</size>
         <input_file_ref idref="fl-e9"/>
      </object_component>
      <object_component id="oc-1a7">
         <name>.data</name>
         <load_address>0x20007df0</load_address>
         <run_address>0x20007df0</run_address>
         <size>0x4</size>
         <input_file_ref idref="fl-ea"/>
      </object_component>
      <object_component id="oc-395">
         <name>.bss:parmbuf</name>
         <uninitialized>true</uninitialized>
         <run_address>0x20007fbc</run_address>
         <size>0x8</size>
         <input_file_ref idref="fl-dd"/>
      </object_component>
      <object_component id="oc-3c3">
         <name>.bss:_CIOBUF_</name>
         <uninitialized>true</uninitialized>
         <run_address>0x20007dfc</run_address>
         <size>0x120</size>
         <input_file_ref idref="fl-de"/>
      </object_component>
      <object_component id="oc-170">
         <name>.common:fp</name>
         <uninitialized>true</uninitialized>
         <run_address>0x20007fc4</run_address>
         <size>0x4</size>
      </object_component>
      <object_component id="oc-1d5">
         <name>.common:__TI_tmpnams</name>
         <uninitialized>true</uninitialized>
         <run_address>0x20007f1c</run_address>
         <size>0xa0</size>
      </object_component>
      <object_component id="oc-2b">
         <name>.sysmem</name>
         <uninitialized>true</uninitialized>
         <run_address>0x20007400</run_address>
         <size>0x8</size>
         <input_file_ref idref="fl-d0"/>
      </object_component>
      <object_component id="oc-3f4">
         <name>.sysmem</name>
         <uninitialized>true</uninitialized>
         <run_address>0x20007400</run_address>
         <size>0x0</size>
      </object_component>
      <object_component id="oc-2a">
         <name>.stack</name>
         <uninitialized>true</uninitialized>
         <run_address>0x20000000</run_address>
         <size>0x0</size>
         <input_file_ref idref="fl-bf"/>
      </object_component>
      <object_component id="oc-3f3">
         <name>.stack</name>
         <uninitialized>true</uninitialized>
         <run_address>0x20000000</run_address>
         <size>0x0</size>
      </object_component>
      <object_component id="oc-171">
         <name>.debug_info</name>
         <load_address>0x0</load_address>
         <run_address>0x0</run_address>
         <size>0x612</size>
         <input_file_ref idref="fl-3"/>
      </object_component>
      <object_component id="oc-b5">
         <name>.debug_info</name>
         <load_address>0x612</load_address>
         <run_address>0x612</run_address>
         <size>0x8d3</size>
         <input_file_ref idref="fl-3"/>
      </object_component>
      <object_component id="oc-1ac">
         <name>.debug_info</name>
         <load_address>0xee5</load_address>
         <run_address>0xee5</run_address>
         <size>0xbb</size>
         <input_file_ref idref="fl-3"/>
      </object_component>
      <object_component id="oc-d1">
         <name>.debug_info</name>
         <load_address>0xfa0</load_address>
         <run_address>0xfa0</run_address>
         <size>0x8b</size>
         <input_file_ref idref="fl-3"/>
      </object_component>
      <object_component id="oc-85">
         <name>.debug_info</name>
         <load_address>0x102b</load_address>
         <run_address>0x102b</run_address>
         <size>0x18b</size>
         <input_file_ref idref="fl-3"/>
      </object_component>
      <object_component id="oc-1ca">
         <name>.debug_info</name>
         <load_address>0x11b6</load_address>
         <run_address>0x11b6</run_address>
         <size>0x4e</size>
         <input_file_ref idref="fl-3"/>
      </object_component>
      <object_component id="oc-36">
         <name>.debug_info</name>
         <load_address>0x1204</load_address>
         <run_address>0x1204</run_address>
         <size>0xfe</size>
         <input_file_ref idref="fl-4"/>
      </object_component>
      <object_component id="oc-10">
         <name>.debug_info</name>
         <load_address>0x1302</load_address>
         <run_address>0x1302</run_address>
         <size>0xe9</size>
         <input_file_ref idref="fl-4"/>
      </object_component>
      <object_component id="oc-32">
         <name>.debug_info</name>
         <load_address>0x13eb</load_address>
         <run_address>0x13eb</run_address>
         <size>0x265</size>
         <input_file_ref idref="fl-4"/>
      </object_component>
      <object_component id="oc-92">
         <name>.debug_info</name>
         <load_address>0x1650</load_address>
         <run_address>0x1650</run_address>
         <size>0x84</size>
         <input_file_ref idref="fl-4"/>
      </object_component>
      <object_component id="oc-25">
         <name>.debug_info</name>
         <load_address>0x16d4</load_address>
         <run_address>0x16d4</run_address>
         <size>0x17c</size>
         <input_file_ref idref="fl-bf"/>
      </object_component>
      <object_component id="oc-42">
         <name>.debug_info</name>
         <load_address>0x1850</load_address>
         <run_address>0x1850</run_address>
         <size>0x15c</size>
         <input_file_ref idref="fl-c0"/>
      </object_component>
      <object_component id="oc-14">
         <name>.debug_info</name>
         <load_address>0x19ac</load_address>
         <run_address>0x19ac</run_address>
         <size>0x1fb</size>
         <input_file_ref idref="fl-c0"/>
      </object_component>
      <object_component id="oc-3d">
         <name>.debug_info</name>
         <load_address>0x1ba7</load_address>
         <run_address>0x1ba7</run_address>
         <size>0x46</size>
         <input_file_ref idref="fl-c0"/>
      </object_component>
      <object_component id="oc-8b">
         <name>.debug_info</name>
         <load_address>0x1bed</load_address>
         <run_address>0x1bed</run_address>
         <size>0x2c</size>
         <input_file_ref idref="fl-c0"/>
      </object_component>
      <object_component id="oc-4a">
         <name>.debug_info</name>
         <load_address>0x1c19</load_address>
         <run_address>0x1c19</run_address>
         <size>0x150</size>
         <input_file_ref idref="fl-c1"/>
      </object_component>
      <object_component id="oc-44">
         <name>.debug_info</name>
         <load_address>0x1d69</load_address>
         <run_address>0x1d69</run_address>
         <size>0x263</size>
         <input_file_ref idref="fl-c1"/>
      </object_component>
      <object_component id="oc-19">
         <name>.debug_info</name>
         <load_address>0x1fcc</load_address>
         <run_address>0x1fcc</run_address>
         <size>0x1cd</size>
         <input_file_ref idref="fl-c1"/>
      </object_component>
      <object_component id="oc-4b">
         <name>.debug_info</name>
         <load_address>0x2199</load_address>
         <run_address>0x2199</run_address>
         <size>0x39</size>
         <input_file_ref idref="fl-c1"/>
      </object_component>
      <object_component id="oc-9a">
         <name>.debug_info</name>
         <load_address>0x21d2</load_address>
         <run_address>0x21d2</run_address>
         <size>0x2c</size>
         <input_file_ref idref="fl-c1"/>
      </object_component>
      <object_component id="oc-c1">
         <name>.debug_info</name>
         <load_address>0x21fe</load_address>
         <run_address>0x21fe</run_address>
         <size>0x250</size>
         <input_file_ref idref="fl-c3"/>
      </object_component>
      <object_component id="oc-bb">
         <name>.debug_info</name>
         <load_address>0x244e</load_address>
         <run_address>0x244e</run_address>
         <size>0x1a1</size>
         <input_file_ref idref="fl-c3"/>
      </object_component>
      <object_component id="oc-76">
         <name>.debug_info</name>
         <load_address>0x25ef</load_address>
         <run_address>0x25ef</run_address>
         <size>0x230</size>
         <input_file_ref idref="fl-c3"/>
      </object_component>
      <object_component id="oc-1d9">
         <name>.debug_info</name>
         <load_address>0x281f</load_address>
         <run_address>0x281f</run_address>
         <size>0x21c</size>
         <input_file_ref idref="fl-c4"/>
      </object_component>
      <object_component id="oc-104">
         <name>.debug_info</name>
         <load_address>0x2a3b</load_address>
         <run_address>0x2a3b</run_address>
         <size>0x2b4</size>
         <input_file_ref idref="fl-c4"/>
      </object_component>
      <object_component id="oc-23b">
         <name>.debug_info</name>
         <load_address>0x2cef</load_address>
         <run_address>0x2cef</run_address>
         <size>0xae</size>
         <input_file_ref idref="fl-c4"/>
      </object_component>
      <object_component id="oc-241">
         <name>.debug_info</name>
         <load_address>0x2d9d</load_address>
         <run_address>0x2d9d</run_address>
         <size>0x1be</size>
         <input_file_ref idref="fl-c5"/>
      </object_component>
      <object_component id="oc-1a1">
         <name>.debug_info</name>
         <load_address>0x2f5b</load_address>
         <run_address>0x2f5b</run_address>
         <size>0x276</size>
         <input_file_ref idref="fl-c5"/>
      </object_component>
      <object_component id="oc-19e">
         <name>.debug_info</name>
         <load_address>0x31d1</load_address>
         <run_address>0x31d1</run_address>
         <size>0x258</size>
         <input_file_ref idref="fl-c6"/>
      </object_component>
      <object_component id="oc-e6">
         <name>.debug_info</name>
         <load_address>0x3429</load_address>
         <run_address>0x3429</run_address>
         <size>0x471</size>
         <input_file_ref idref="fl-c6"/>
      </object_component>
      <object_component id="oc-c7">
         <name>.debug_info</name>
         <load_address>0x389a</load_address>
         <run_address>0x389a</run_address>
         <size>0x2c</size>
         <input_file_ref idref="fl-c6"/>
      </object_component>
      <object_component id="oc-1f1">
         <name>.debug_info</name>
         <load_address>0x38c6</load_address>
         <run_address>0x38c6</run_address>
         <size>0x226</size>
         <input_file_ref idref="fl-c7"/>
      </object_component>
      <object_component id="oc-119">
         <name>.debug_info</name>
         <load_address>0x3aec</load_address>
         <run_address>0x3aec</run_address>
         <size>0x2c7</size>
         <input_file_ref idref="fl-c7"/>
      </object_component>
      <object_component id="oc-2b0">
         <name>.debug_info</name>
         <load_address>0x3db3</load_address>
         <run_address>0x3db3</run_address>
         <size>0x1fa</size>
         <input_file_ref idref="fl-c8"/>
      </object_component>
      <object_component id="oc-1e0">
         <name>.debug_info</name>
         <load_address>0x3fad</load_address>
         <run_address>0x3fad</run_address>
         <size>0x25b</size>
         <input_file_ref idref="fl-c8"/>
      </object_component>
      <object_component id="oc-2b8">
         <name>.debug_info</name>
         <load_address>0x4208</load_address>
         <run_address>0x4208</run_address>
         <size>0x2be</size>
         <input_file_ref idref="fl-c9"/>
      </object_component>
      <object_component id="oc-1e6">
         <name>.debug_info</name>
         <load_address>0x44c6</load_address>
         <run_address>0x44c6</run_address>
         <size>0x375</size>
         <input_file_ref idref="fl-c9"/>
      </object_component>
      <object_component id="oc-1c9">
         <name>.debug_info</name>
         <load_address>0x483b</load_address>
         <run_address>0x483b</run_address>
         <size>0x2b5</size>
         <input_file_ref idref="fl-ca"/>
      </object_component>
      <object_component id="oc-fe">
         <name>.debug_info</name>
         <load_address>0x4af0</load_address>
         <run_address>0x4af0</run_address>
         <size>0x67c</size>
         <input_file_ref idref="fl-ca"/>
      </object_component>
      <object_component id="oc-1a6">
         <name>.debug_info</name>
         <load_address>0x516c</load_address>
         <run_address>0x516c</run_address>
         <size>0x19b</size>
         <input_file_ref idref="fl-cb"/>
      </object_component>
      <object_component id="oc-ed">
         <name>.debug_info</name>
         <load_address>0x5307</load_address>
         <run_address>0x5307</run_address>
         <size>0x1fd</size>
         <input_file_ref idref="fl-cb"/>
      </object_component>
      <object_component id="oc-230">
         <name>.debug_info</name>
         <load_address>0x5504</load_address>
         <run_address>0x5504</run_address>
         <size>0x2c</size>
         <input_file_ref idref="fl-cb"/>
      </object_component>
      <object_component id="oc-1ab">
         <name>.debug_info</name>
         <load_address>0x5530</load_address>
         <run_address>0x5530</run_address>
         <size>0x17e</size>
         <input_file_ref idref="fl-cc"/>
      </object_component>
      <object_component id="oc-f5">
         <name>.debug_info</name>
         <load_address>0x56ae</load_address>
         <run_address>0x56ae</run_address>
         <size>0x1b0</size>
         <input_file_ref idref="fl-cc"/>
      </object_component>
      <object_component id="oc-22e">
         <name>.debug_info</name>
         <load_address>0x585e</load_address>
         <run_address>0x585e</run_address>
         <size>0x4bc</size>
         <input_file_ref idref="fl-cd"/>
      </object_component>
      <object_component id="oc-22b">
         <name>.debug_info</name>
         <load_address>0x5d1a</load_address>
         <run_address>0x5d1a</run_address>
         <size>0x132</size>
         <input_file_ref idref="fl-cd"/>
      </object_component>
      <object_component id="oc-193">
         <name>.debug_info</name>
         <load_address>0x5e4c</load_address>
         <run_address>0x5e4c</run_address>
         <size>0xb27</size>
         <input_file_ref idref="fl-cd"/>
      </object_component>
      <object_component id="oc-32b">
         <name>.debug_info</name>
         <load_address>0x6973</load_address>
         <run_address>0x6973</run_address>
         <size>0x120</size>
         <input_file_ref idref="fl-cd"/>
      </object_component>
      <object_component id="oc-300">
         <name>.debug_info</name>
         <load_address>0x6a93</load_address>
         <run_address>0x6a93</run_address>
         <size>0x2c</size>
         <input_file_ref idref="fl-cd"/>
      </object_component>
      <object_component id="oc-364">
         <name>.debug_info</name>
         <load_address>0x6abf</load_address>
         <run_address>0x6abf</run_address>
         <size>0x11c</size>
         <input_file_ref idref="fl-ce"/>
      </object_component>
      <object_component id="oc-2b3">
         <name>.debug_info</name>
         <load_address>0x6bdb</load_address>
         <run_address>0x6bdb</run_address>
         <size>0x294</size>
         <input_file_ref idref="fl-ce"/>
      </object_component>
      <object_component id="oc-38">
         <name>.debug_info</name>
         <load_address>0x6e6f</load_address>
         <run_address>0x6e6f</run_address>
         <size>0x12d</size>
         <input_file_ref idref="fl-cf"/>
      </object_component>
      <object_component id="oc-80">
         <name>.debug_info</name>
         <load_address>0x6f9c</load_address>
         <run_address>0x6f9c</run_address>
         <size>0x23e</size>
         <input_file_ref idref="fl-d0"/>
      </object_component>
      <object_component id="oc-2c">
         <name>.debug_info</name>
         <load_address>0x71da</load_address>
         <run_address>0x71da</run_address>
         <size>0x11d</size>
         <input_file_ref idref="fl-d0"/>
      </object_component>
      <object_component id="oc-2a4">
         <name>.debug_info</name>
         <load_address>0x72f7</load_address>
         <run_address>0x72f7</run_address>
         <size>0x168</size>
         <input_file_ref idref="fl-d0"/>
      </object_component>
      <object_component id="oc-1d0">
         <name>.debug_info</name>
         <load_address>0x745f</load_address>
         <run_address>0x745f</run_address>
         <size>0x8a7</size>
         <input_file_ref idref="fl-d0"/>
      </object_component>
      <object_component id="oc-cc">
         <name>.debug_info</name>
         <load_address>0x7d06</load_address>
         <run_address>0x7d06</run_address>
         <size>0x62</size>
         <input_file_ref idref="fl-d0"/>
      </object_component>
      <object_component id="oc-52">
         <name>.debug_info</name>
         <load_address>0x7d68</load_address>
         <run_address>0x7d68</run_address>
         <size>0x15b</size>
         <input_file_ref idref="fl-d1"/>
      </object_component>
      <object_component id="oc-60">
         <name>.debug_info</name>
         <load_address>0x7ec3</load_address>
         <run_address>0x7ec3</run_address>
         <size>0x154</size>
         <input_file_ref idref="fl-d2"/>
      </object_component>
      <object_component id="oc-64">
         <name>.debug_info</name>
         <load_address>0x8017</load_address>
         <run_address>0x8017</run_address>
         <size>0x164</size>
         <input_file_ref idref="fl-d3"/>
      </object_component>
      <object_component id="oc-1b2">
         <name>.debug_info</name>
         <load_address>0x817b</load_address>
         <run_address>0x817b</run_address>
         <size>0x12d</size>
         <input_file_ref idref="fl-d5"/>
      </object_component>
      <object_component id="oc-f8">
         <name>.debug_info</name>
         <load_address>0x82a8</load_address>
         <run_address>0x82a8</run_address>
         <size>0x15c</size>
         <input_file_ref idref="fl-d5"/>
      </object_component>
      <object_component id="oc-7b">
         <name>.debug_info</name>
         <load_address>0x8404</load_address>
         <run_address>0x8404</run_address>
         <size>0x125</size>
         <input_file_ref idref="fl-d6"/>
      </object_component>
      <object_component id="oc-1dd">
         <name>.debug_info</name>
         <load_address>0x8529</load_address>
         <run_address>0x8529</run_address>
         <size>0x10c</size>
         <input_file_ref idref="fl-d7"/>
      </object_component>
      <object_component id="oc-110">
         <name>.debug_info</name>
         <load_address>0x8635</load_address>
         <run_address>0x8635</run_address>
         <size>0x29b</size>
         <input_file_ref idref="fl-d7"/>
      </object_component>
      <object_component id="oc-31e">
         <name>.debug_info</name>
         <load_address>0x88d0</load_address>
         <run_address>0x88d0</run_address>
         <size>0x111</size>
         <input_file_ref idref="fl-d8"/>
      </object_component>
      <object_component id="oc-21f">
         <name>.debug_info</name>
         <load_address>0x89e1</load_address>
         <run_address>0x89e1</run_address>
         <size>0x296</size>
         <input_file_ref idref="fl-d8"/>
      </object_component>
      <object_component id="oc-31c">
         <name>.debug_info</name>
         <load_address>0x8c77</load_address>
         <run_address>0x8c77</run_address>
         <size>0x101</size>
         <input_file_ref idref="fl-d9"/>
      </object_component>
      <object_component id="oc-21c">
         <name>.debug_info</name>
         <load_address>0x8d78</load_address>
         <run_address>0x8d78</run_address>
         <size>0x2aa</size>
         <input_file_ref idref="fl-d9"/>
      </object_component>
      <object_component id="oc-1db">
         <name>.debug_info</name>
         <load_address>0x9022</load_address>
         <run_address>0x9022</run_address>
         <size>0x10c</size>
         <input_file_ref idref="fl-da"/>
      </object_component>
      <object_component id="oc-10d">
         <name>.debug_info</name>
         <load_address>0x912e</load_address>
         <run_address>0x912e</run_address>
         <size>0x283</size>
         <input_file_ref idref="fl-da"/>
      </object_component>
      <object_component id="oc-358">
         <name>.debug_info</name>
         <load_address>0x93b1</load_address>
         <run_address>0x93b1</run_address>
         <size>0x106</size>
         <input_file_ref idref="fl-db"/>
      </object_component>
      <object_component id="oc-28b">
         <name>.debug_info</name>
         <load_address>0x94b7</load_address>
         <run_address>0x94b7</run_address>
         <size>0x27c</size>
         <input_file_ref idref="fl-db"/>
      </object_component>
      <object_component id="oc-320">
         <name>.debug_info</name>
         <load_address>0x9733</load_address>
         <run_address>0x9733</run_address>
         <size>0x112</size>
         <input_file_ref idref="fl-dc"/>
      </object_component>
      <object_component id="oc-225">
         <name>.debug_info</name>
         <load_address>0x9845</load_address>
         <run_address>0x9845</run_address>
         <size>0x2ab</size>
         <input_file_ref idref="fl-dc"/>
      </object_component>
      <object_component id="oc-399">
         <name>.debug_info</name>
         <load_address>0x9af0</load_address>
         <run_address>0x9af0</run_address>
         <size>0x26b</size>
         <input_file_ref idref="fl-dd"/>
      </object_component>
      <object_component id="oc-396">
         <name>.debug_info</name>
         <load_address>0x9d5b</load_address>
         <run_address>0x9d5b</run_address>
         <size>0x114</size>
         <input_file_ref idref="fl-dd"/>
      </object_component>
      <object_component id="oc-325">
         <name>.debug_info</name>
         <load_address>0x9e6f</load_address>
         <run_address>0x9e6f</run_address>
         <size>0xad5</size>
         <input_file_ref idref="fl-dd"/>
      </object_component>
      <object_component id="oc-39a">
         <name>.debug_info</name>
         <load_address>0xa944</load_address>
         <run_address>0xa944</run_address>
         <size>0x53</size>
         <input_file_ref idref="fl-dd"/>
      </object_component>
      <object_component id="oc-3c7">
         <name>.debug_info</name>
         <load_address>0xa997</load_address>
         <run_address>0xa997</run_address>
         <size>0x132</size>
         <input_file_ref idref="fl-de"/>
      </object_component>
      <object_component id="oc-3c4">
         <name>.debug_info</name>
         <load_address>0xaac9</load_address>
         <run_address>0xaac9</run_address>
         <size>0x119</size>
         <input_file_ref idref="fl-de"/>
      </object_component>
      <object_component id="oc-390">
         <name>.debug_info</name>
         <load_address>0xabe2</load_address>
         <run_address>0xabe2</run_address>
         <size>0x29d</size>
         <input_file_ref idref="fl-de"/>
      </object_component>
      <object_component id="oc-251">
         <name>.debug_info</name>
         <load_address>0xae7f</load_address>
         <run_address>0xae7f</run_address>
         <size>0x17d</size>
         <input_file_ref idref="fl-df"/>
      </object_component>
      <object_component id="oc-1b5">
         <name>.debug_info</name>
         <load_address>0xaffc</load_address>
         <run_address>0xaffc</run_address>
         <size>0x1c8</size>
         <input_file_ref idref="fl-df"/>
      </object_component>
      <object_component id="oc-334">
         <name>.debug_info</name>
         <load_address>0xb1c4</load_address>
         <run_address>0xb1c4</run_address>
         <size>0xbb</size>
         <input_file_ref idref="fl-df"/>
      </object_component>
      <object_component id="oc-33c">
         <name>.debug_info</name>
         <load_address>0xb27f</load_address>
         <run_address>0xb27f</run_address>
         <size>0x16d</size>
         <input_file_ref idref="fl-e0"/>
      </object_component>
      <object_component id="oc-256">
         <name>.debug_info</name>
         <load_address>0xb3ec</load_address>
         <run_address>0xb3ec</run_address>
         <size>0x24c</size>
         <input_file_ref idref="fl-e0"/>
      </object_component>
      <object_component id="oc-185">
         <name>.debug_info</name>
         <load_address>0xb638</load_address>
         <run_address>0xb638</run_address>
         <size>0x140</size>
         <input_file_ref idref="fl-e1"/>
      </object_component>
      <object_component id="oc-be">
         <name>.debug_info</name>
         <load_address>0xb778</load_address>
         <run_address>0xb778</run_address>
         <size>0x12f</size>
         <input_file_ref idref="fl-e1"/>
      </object_component>
      <object_component id="oc-180">
         <name>.debug_info</name>
         <load_address>0xb8a7</load_address>
         <run_address>0xb8a7</run_address>
         <size>0x23b</size>
         <input_file_ref idref="fl-e1"/>
      </object_component>
      <object_component id="oc-2fa">
         <name>.debug_info</name>
         <load_address>0xbae2</load_address>
         <run_address>0xbae2</run_address>
         <size>0x3ac</size>
         <input_file_ref idref="fl-e2"/>
      </object_component>
      <object_component id="oc-1ec">
         <name>.debug_info</name>
         <load_address>0xbe8e</load_address>
         <run_address>0xbe8e</run_address>
         <size>0x180c</size>
         <input_file_ref idref="fl-e2"/>
      </object_component>
      <object_component id="oc-2fb">
         <name>.debug_info</name>
         <load_address>0xd69a</load_address>
         <run_address>0xd69a</run_address>
         <size>0x86</size>
         <input_file_ref idref="fl-e2"/>
      </object_component>
      <object_component id="oc-384">
         <name>.debug_info</name>
         <load_address>0xd720</load_address>
         <run_address>0xd720</run_address>
         <size>0x46</size>
         <input_file_ref idref="fl-e2"/>
      </object_component>
      <object_component id="oc-305">
         <name>.debug_info</name>
         <load_address>0xd766</load_address>
         <run_address>0xd766</run_address>
         <size>0x39</size>
         <input_file_ref idref="fl-e2"/>
      </object_component>
      <object_component id="oc-297">
         <name>.debug_info</name>
         <load_address>0xd79f</load_address>
         <run_address>0xd79f</run_address>
         <size>0x492</size>
         <input_file_ref idref="fl-e3"/>
      </object_component>
      <object_component id="oc-1c2">
         <name>.debug_info</name>
         <load_address>0xdc31</load_address>
         <run_address>0xdc31</run_address>
         <size>0xc1f</size>
         <input_file_ref idref="fl-e3"/>
      </object_component>
      <object_component id="oc-299">
         <name>.debug_info</name>
         <load_address>0xe850</load_address>
         <run_address>0xe850</run_address>
         <size>0x9a</size>
         <input_file_ref idref="fl-e3"/>
      </object_component>
      <object_component id="oc-b9">
         <name>.debug_info</name>
         <load_address>0xe8ea</load_address>
         <run_address>0xe8ea</run_address>
         <size>0x182</size>
         <input_file_ref idref="fl-e4"/>
      </object_component>
      <object_component id="oc-71">
         <name>.debug_info</name>
         <load_address>0xea6c</load_address>
         <run_address>0xea6c</run_address>
         <size>0x183</size>
         <input_file_ref idref="fl-e4"/>
      </object_component>
      <object_component id="oc-176">
         <name>.debug_info</name>
         <load_address>0xebef</load_address>
         <run_address>0xebef</run_address>
         <size>0x5e</size>
         <input_file_ref idref="fl-e4"/>
      </object_component>
      <object_component id="oc-35a">
         <name>.debug_info</name>
         <load_address>0xec4d</load_address>
         <run_address>0xec4d</run_address>
         <size>0x130</size>
         <input_file_ref idref="fl-e5"/>
      </object_component>
      <object_component id="oc-292">
         <name>.debug_info</name>
         <load_address>0xed7d</load_address>
         <run_address>0xed7d</run_address>
         <size>0x18d</size>
         <input_file_ref idref="fl-e5"/>
      </object_component>
      <object_component id="oc-b1">
         <name>.debug_info</name>
         <load_address>0xef0a</load_address>
         <run_address>0xef0a</run_address>
         <size>0x305</size>
         <input_file_ref idref="fl-e6"/>
      </object_component>
      <object_component id="oc-69">
         <name>.debug_info</name>
         <load_address>0xf20f</load_address>
         <run_address>0xf20f</run_address>
         <size>0x1ac</size>
         <input_file_ref idref="fl-e6"/>
      </object_component>
      <object_component id="oc-db">
         <name>.debug_info</name>
         <load_address>0xf3bb</load_address>
         <run_address>0xf3bb</run_address>
         <size>0x39</size>
         <input_file_ref idref="fl-e6"/>
      </object_component>
      <object_component id="oc-e0">
         <name>.debug_info</name>
         <load_address>0xf3f4</load_address>
         <run_address>0xf3f4</run_address>
         <size>0xcd</size>
         <input_file_ref idref="fl-e6"/>
      </object_component>
      <object_component id="oc-d7">
         <name>.debug_info</name>
         <load_address>0xf4c1</load_address>
         <run_address>0xf4c1</run_address>
         <size>0x1fc</size>
         <input_file_ref idref="fl-e7"/>
      </object_component>
      <object_component id="oc-a5">
         <name>.debug_info</name>
         <load_address>0xf6bd</load_address>
         <run_address>0xf6bd</run_address>
         <size>0x19f</size>
         <input_file_ref idref="fl-e7"/>
      </object_component>
      <object_component id="oc-18b">
         <name>.debug_info</name>
         <load_address>0xf85c</load_address>
         <run_address>0xf85c</run_address>
         <size>0x2c</size>
         <input_file_ref idref="fl-e7"/>
      </object_component>
      <object_component id="oc-2a0">
         <name>.debug_info</name>
         <load_address>0xf888</load_address>
         <run_address>0xf888</run_address>
         <size>0x10a</size>
         <input_file_ref idref="fl-e8"/>
      </object_component>
      <object_component id="oc-1c6">
         <name>.debug_info</name>
         <load_address>0xf992</load_address>
         <run_address>0xf992</run_address>
         <size>0x116</size>
         <input_file_ref idref="fl-e8"/>
      </object_component>
      <object_component id="oc-1d6">
         <name>.debug_info</name>
         <load_address>0xfaa8</load_address>
         <run_address>0xfaa8</run_address>
         <size>0x155</size>
         <input_file_ref idref="fl-e9"/>
      </object_component>
      <object_component id="oc-197">
         <name>.debug_info</name>
         <load_address>0xfbfd</load_address>
         <run_address>0xfbfd</run_address>
         <size>0x113</size>
         <input_file_ref idref="fl-e9"/>
      </object_component>
      <object_component id="oc-19a">
         <name>.debug_info</name>
         <load_address>0xfd10</load_address>
         <run_address>0xfd10</run_address>
         <size>0x1a0</size>
         <input_file_ref idref="fl-e9"/>
      </object_component>
      <object_component id="oc-1a8">
         <name>.debug_info</name>
         <load_address>0xfeb0</load_address>
         <run_address>0xfeb0</run_address>
         <size>0x10f</size>
         <input_file_ref idref="fl-ea"/>
      </object_component>
      <object_component id="oc-2e5">
         <name>.debug_info</name>
         <load_address>0xffbf</load_address>
         <run_address>0xffbf</run_address>
         <size>0x160</size>
         <input_file_ref idref="fl-eb"/>
      </object_component>
      <object_component id="oc-2bf">
         <name>.debug_info</name>
         <load_address>0x1011f</load_address>
         <run_address>0x1011f</run_address>
         <size>0x13c</size>
         <input_file_ref idref="fl-ec"/>
      </object_component>
      <object_component id="oc-2ce">
         <name>.debug_info</name>
         <load_address>0x1025b</load_address>
         <run_address>0x1025b</run_address>
         <size>0x13e</size>
         <input_file_ref idref="fl-ec"/>
      </object_component>
      <object_component id="oc-2ca">
         <name>.debug_info</name>
         <load_address>0x10399</load_address>
         <run_address>0x10399</run_address>
         <size>0x14e</size>
         <input_file_ref idref="fl-ed"/>
      </object_component>
      <object_component id="oc-2c4">
         <name>.debug_info</name>
         <load_address>0x104e7</load_address>
         <run_address>0x104e7</run_address>
         <size>0x14e</size>
         <input_file_ref idref="fl-ee"/>
      </object_component>
      <object_component id="oc-2d3">
         <name>.debug_info</name>
         <load_address>0x10635</load_address>
         <run_address>0x10635</run_address>
         <size>0x142</size>
         <input_file_ref idref="fl-ef"/>
      </object_component>
      <object_component id="oc-274">
         <name>.debug_info</name>
         <load_address>0x10777</load_address>
         <run_address>0x10777</run_address>
         <size>0x152</size>
         <input_file_ref idref="fl-f0"/>
      </object_component>
      <object_component id="oc-25f">
         <name>.debug_info</name>
         <load_address>0x108c9</load_address>
         <run_address>0x108c9</run_address>
         <size>0x1ec</size>
         <input_file_ref idref="fl-f1"/>
      </object_component>
      <object_component id="oc-1bc">
         <name>.debug_info</name>
         <load_address>0x10ab5</load_address>
         <run_address>0x10ab5</run_address>
         <size>0x235</size>
         <input_file_ref idref="fl-f1"/>
      </object_component>
      <object_component id="oc-2e0">
         <name>.debug_info</name>
         <load_address>0x10cea</load_address>
         <run_address>0x10cea</run_address>
         <size>0x140</size>
         <input_file_ref idref="fl-f2"/>
      </object_component>
      <object_component id="oc-36e">
         <name>.debug_info</name>
         <load_address>0x10e2a</load_address>
         <run_address>0x10e2a</run_address>
         <size>0x168</size>
         <input_file_ref idref="fl-f3"/>
      </object_component>
      <object_component id="oc-2d9">
         <name>.debug_info</name>
         <load_address>0x10f92</load_address>
         <run_address>0x10f92</run_address>
         <size>0x1de</size>
         <input_file_ref idref="fl-f3"/>
      </object_component>
      <object_component id="oc-381">
         <name>.debug_info</name>
         <load_address>0x11170</load_address>
         <run_address>0x11170</run_address>
         <size>0x10d</size>
         <input_file_ref idref="fl-f4"/>
      </object_component>
      <object_component id="oc-2f4">
         <name>.debug_info</name>
         <load_address>0x1127d</load_address>
         <run_address>0x1127d</run_address>
         <size>0x1c7</size>
         <input_file_ref idref="fl-f4"/>
      </object_component>
      <object_component id="oc-372">
         <name>.debug_info</name>
         <load_address>0x11444</load_address>
         <run_address>0x11444</run_address>
         <size>0x15b</size>
         <input_file_ref idref="fl-f5"/>
      </object_component>
      <object_component id="oc-2eb">
         <name>.debug_info</name>
         <load_address>0x1159f</load_address>
         <run_address>0x1159f</run_address>
         <size>0x1a6</size>
         <input_file_ref idref="fl-f5"/>
      </object_component>
      <object_component id="oc-373">
         <name>.debug_info</name>
         <load_address>0x11745</load_address>
         <run_address>0x11745</run_address>
         <size>0x2c</size>
         <input_file_ref idref="fl-f5"/>
      </object_component>
      <object_component id="oc-37f">
         <name>.debug_info</name>
         <load_address>0x11771</load_address>
         <run_address>0x11771</run_address>
         <size>0x198</size>
         <input_file_ref idref="fl-f6"/>
      </object_component>
      <object_component id="oc-2ee">
         <name>.debug_info</name>
         <load_address>0x11909</load_address>
[...]
         <value>0x2a05</value>
         <object_component_ref idref="oc-190"/>
      </symbol>
      <symbol id="sm-285">
         <name>remove_device</name>
         <value>0x2897</value>
         <object_component_ref idref="oc-190"/>
      </symbol>
      <symbol id="sm-286">
         <name>lseek</name>
         <value>0x2991</value>
         <object_component_ref idref="oc-190"/>
      </symbol>
      <symbol id="sm-287">
         <name>read</name>
         <value>0x28bf</value>
         <object_component_ref idref="oc-190"/>
      </symbol>
      <symbol id="sm-288">
         <name>rename</name>
         <value>0x2859</value>
         <object_component_ref idref="oc-190"/>
      </symbol>
      <symbol id="sm-289">
         <name>write</name>
         <value>0x27a5</value>
         <object_component_ref idref="oc-190"/>
      </symbol>
      <symbol id="sm-28a">
         <name>close</name>
         <value>0x29b5</value>
         <object_component_ref idref="oc-190"/>
      </symbol>
      <symbol id="sm-28b">
         <name>unlink</name>
         <value>0x2835</value>
         <object_component_ref idref="oc-190"/>
      </symbol>
      <symbol id="sm-29b">
         <name>memchr</name>
         <value>0x4fbb</value>
         <object_component_ref idref="oc-2b1"/>
      </symbol>
      <symbol id="sm-2b6">
         <name>memcpy</name>
         <value>0x4451</value>
         <object_component_ref idref="oc-37"/>
      </symbol>
      <symbol id="sm-2b7">
         <name>__aeabi_memcpy</name>
         <value>0x4451</value>
         <object_component_ref idref="oc-37"/>
      </symbol>
      <symbol id="sm-2b8">
         <name>__aeabi_memcpy8</name>
         <value>0x4451</value>
         <object_component_ref idref="oc-37"/>
      </symbol>
      <symbol id="sm-2b9">
         <name>__aeabi_memcpy4</name>
         <value>0x4451</value>
         <object_component_ref idref="oc-37"/>
      </symbol>
      <symbol id="sm-328">
         <name>_sys_memory</name>
         <value>0x20007400</value>
         <object_component_ref idref="oc-2b"/>
      </symbol>
      <symbol id="sm-329">
         <name>free</name>
         <value>0x219b</value>
         <object_component_ref idref="oc-1cf"/>
      </symbol>
      <symbol id="sm-32a">
         <name>realloc</name>
         <value>0x225d</value>
         <object_component_ref idref="oc-1cf"/>
      </symbol>
      <symbol id="sm-32b">
         <name>memalign</name>
         <value>0x2369</value>
         <object_component_ref idref="oc-1cf"/>
      </symbol>
      <symbol id="sm-32c">
         <name>calloc</name>
         <value>0x244d</value>
         <object_component_ref idref="oc-1cf"/>
      </symbol>
      <symbol id="sm-32d">
         <name>malloc</name>
         <value>0x2133</value>
         <object_component_ref idref="oc-1cf"/>
      </symbol>
      <symbol id="sm-32e">
         <name>minit</name>
         <value>0x20a5</value>
         <object_component_ref idref="oc-1cf"/>
      </symbol>
      <symbol id="sm-33d">
         <name>__aeabi_memset</name>
         <value>0x48b5</value>
         <object_component_ref idref="oc-50"/>
      </symbol>
      <symbol id="sm-33e">
         <name>memset</name>
         <value>0x48bb</value>
         <object_component_ref idref="oc-50"/>
      </symbol>
      <symbol id="sm-33f">
         <name>__aeabi_memset8</name>
         <value>0x48b5</value>
         <object_component_ref idref="oc-50"/>
      </symbol>
      <symbol id="sm-340">
         <name>__aeabi_memset4</name>
         <value>0x48b5</value>
         <object_component_ref idref="oc-50"/>
      </symbol>
      <symbol id="sm-341">
         <name>__aeabi_memclr8</name>
         <value>0x48b3</value>
         <object_component_ref idref="oc-50"/>
      </symbol>
      <symbol id="sm-342">
         <name>__aeabi_memclr4</name>
         <value>0x48b3</value>
         <object_component_ref idref="oc-50"/>
      </symbol>
      <symbol id="sm-343">
         <name>__aeabi_memclr</name>
         <value>0x48b3</value>
         <object_component_ref idref="oc-50"/>
      </symbol>
      <symbol id="sm-34d">
         <name>__mpu_init</name>
         <value>0x1ca7</value>
         <object_component_ref idref="oc-5c"/>
      </symbol>
      <symbol id="sm-357">
         <name>_system_pre_init</name>
         <value>0x518b</value>
         <object_component_ref idref="oc-62"/>
      </symbol>
      <symbol id="sm-365">
         <name>rewind</name>
         <value>0x5171</value>
         <object_component_ref idref="oc-f7"/>
      </symbol>
      <symbol id="sm-36d">
         <name>main_func_sp</name>
         <value>0x20007df8</value>
         <object_component_ref idref="oc-7a"/>
      </symbol>
      <symbol id="sm-37d">
         <name>strcat</name>
         <value>0x4ff9</value>
         <object_component_ref idref="oc-10f"/>
      </symbol>
      <symbol id="sm-38d">
         <name>strchr</name>
         <value>0x50c5</value>
         <object_component_ref idref="oc-21e"/>
      </symbol>
      <symbol id="sm-39c">
         <name>strcmp</name>
         <value>0x5095</value>
         <object_component_ref idref="oc-218"/>
      </symbol>
      <symbol id="sm-3aa">
         <name>strcpy</name>
         <value>0x5105</value>
         <object_component_ref idref="oc-109"/>
      </symbol>
      <symbol id="sm-3b8">
         <name>strlen</name>
         <value>0x5119</value>
         <object_component_ref idref="oc-28a"/>
      </symbol>
      <symbol id="sm-3c8">
         <name>strncpy</name>
         <value>0x4f05</value>
         <object_component_ref idref="oc-224"/>
      </symbol>
      <symbol id="sm-3f0">
         <name>HOSTgetenv</name>
         <value>0x26e1</value>
         <object_component_ref idref="oc-321"/>
      </symbol>
      <symbol id="sm-3f1">
         <name>HOSTrename</name>
         <value>0x2589</value>
         <object_component_ref idref="oc-321"/>
      </symbol>
      <symbol id="sm-3f2">
         <name>HOSTclose</name>
         <value>0x271f</value>
         <object_component_ref idref="oc-321"/>
      </symbol>
      <symbol id="sm-3f3">
         <name>HOSTtime64</name>
         <value>0x2505</value>
         <object_component_ref idref="oc-321"/>
      </symbol>
      <symbol id="sm-3f4">
         <name>HOSTunlink</name>
         <value>0x24cd</value>
         <object_component_ref idref="oc-321"/>
      </symbol>
      <symbol id="sm-3f5">
         <name>HOSTlseek</name>
         <value>0x2685</value>
         <object_component_ref idref="oc-321"/>
      </symbol>
      <symbol id="sm-3f6">
         <name>HOSTopen</name>
         <value>0x2633</value>
         <object_component_ref idref="oc-321"/>
      </symbol>
      <symbol id="sm-3f7">
         <name>HOSTclock</name>
         <value>0x2757</value>
         <object_component_ref idref="oc-321"/>
      </symbol>
      <symbol id="sm-3f8">
         <name>HOSTwrite</name>
         <value>0x2481</value>
         <object_component_ref idref="oc-321"/>
      </symbol>
      <symbol id="sm-3f9">
         <name>HOSTread</name>
         <value>0x25e7</value>
         <object_component_ref idref="oc-321"/>
      </symbol>
      <symbol id="sm-3fa">
         <name>HOSTtime</name>
         <value>0x254f</value>
         <object_component_ref idref="oc-321"/>
      </symbol>
      <symbol id="sm-415">
         <name>__TI_readmsg</name>
         <value>0x4b17</value>
         <object_component_ref idref="oc-38f"/>
      </symbol>
      <symbol id="sm-416">
         <name>C$$IO$$</name>
         <value>0x4b13</value>
         <object_component_ref idref="oc-38f"/>
      </symbol>
      <symbol id="sm-417">
         <name>__CIOBUF_</name>
         <value>0x20007dfc</value>
         <object_component_ref idref="oc-3c3"/>
      </symbol>
      <symbol id="sm-418">
         <name>__TI_writemsg</name>
         <value>0x4ae5</value>
         <object_component_ref idref="oc-38f"/>
      </symbol>
      <symbol id="sm-431">
         <name>ungetc</name>
         <value>0x47b9</value>
         <object_component_ref idref="oc-1b3"/>
      </symbol>
      <symbol id="sm-44a">
         <name>__TI_wrt_ok</name>
         <value>0x4305</value>
         <object_component_ref idref="oc-252"/>
      </symbol>
      <symbol id="sm-44b">
         <name>__TI_rd_ok</name>
         <value>0x4367</value>
         <object_component_ref idref="oc-252"/>
      </symbol>
      <symbol id="sm-464">
         <name>_nop</name>
         <value>0x50eb</value>
         <object_component_ref idref="oc-17d"/>
      </symbol>
      <symbol id="sm-465">
         <name>_lock</name>
         <value>0x20007de8</value>
         <object_component_ref idref="oc-bd"/>
      </symbol>
      <symbol id="sm-466">
         <name>_unlock</name>
         <value>0x20007dec</value>
         <object_component_ref idref="oc-bd"/>
      </symbol>
      <symbol id="sm-467">
         <name>_register_lock</name>
         <value>0x50e3</value>
         <object_component_ref idref="oc-17d"/>
      </symbol>
      <symbol id="sm-468">
         <name>_register_unlock</name>
         <value>0x50dd</value>
         <object_component_ref idref="oc-17d"/>
      </symbol>
      <symbol id="sm-56f">
         <name>__TI_printfi</name>
         <value>0x1077</value>
         <object_component_ref idref="oc-1ea"/>
      </symbol>
      <symbol id="sm-607">
         <name>__TI_scanfi</name>
         <value>0x17f9</value>
         <object_component_ref idref="oc-1bf"/>
      </symbol>
      <symbol id="sm-61b">
         <name>_args_main</name>
         <value>0x5065</value>
         <object_component_ref idref="oc-6e"/>
      </symbol>
      <symbol id="sm-631">
         <name>atoi</name>
         <value>0x4d79</value>
         <object_component_ref idref="oc-290"/>
      </symbol>
      <symbol id="sm-656">
         <name>__TI_auto_init</name>
         <value>0x492d</value>
         <object_component_ref idref="oc-68"/>
      </symbol>
      <symbol id="sm-670">
         <name>copy_in</name>
         <value>0x4dc5</value>
         <object_component_ref idref="oc-a4"/>
      </symbol>
      <symbol id="sm-67b">
         <name>_ctypes_</name>
         <value>0x5190</value>
         <object_component_ref idref="oc-1c5"/>
      </symbol>
      <symbol id="sm-690">
         <name>__TI_tmpnams</name>
         <value>0x20007f1c</value>
      </symbol>
      <symbol id="sm-691">
         <name>__aeabi_stdout</name>
         <value>0x20007dc8</value>
         <object_component_ref idref="oc-199"/>
      </symbol>
      <symbol id="sm-692">
         <name>__aeabi_stderr</name>
         <value>0x20007dcc</value>
         <object_component_ref idref="oc-199"/>
      </symbol>
      <symbol id="sm-693">
         <name>__aeabi_stdin</name>
         <value>0x20007dc4</value>
         <object_component_ref idref="oc-199"/>
      </symbol>
      <symbol id="sm-694">
         <name>_ftable</name>
         <value>0x20007c00</value>
         <object_component_ref idref="oc-196"/>
      </symbol>
      <symbol id="sm-695">
         <name>__TI_ft_end</name>
         <value>0x20007dc0</value>
         <object_component_ref idref="oc-199"/>
      </symbol>
      <symbol id="sm-69d">
         <name>errno</name>
         <value>0x20007df0</value>
         <object_component_ref idref="oc-1a7"/>
      </symbol>
      <symbol id="sm-6b4">
         <name>__aeabi_dsub</name>
         <value>0x3459</value>
         <object_component_ref idref="oc-2e2"/>
      </symbol>
      <symbol id="sm-6b5">
         <name>__aeabi_dadd</name>
         <value>0x3463</value>
         <object_component_ref idref="oc-2e2"/>
      </symbol>
      <symbol id="sm-6d7">
         <name>__aeabi_cdcmpeq</name>
         <value>0x46ad</value>
         <object_component_ref idref="oc-2be"/>
      </symbol>
      <symbol id="sm-6d8">
         <name>__aeabi_cdcmple</name>
         <value>0x46ad</value>
         <object_component_ref idref="oc-2be"/>
      </symbol>
      <symbol id="sm-6d9">
         <name>__aeabi_cdrcmple</name>
         <value>0x4733</value>
         <object_component_ref idref="oc-2cd"/>
      </symbol>
      <symbol id="sm-6ed">
         <name>__aeabi_ddiv</name>
         <value>0x377d</value>
         <object_component_ref idref="oc-2c8"/>
      </symbol>
      <symbol id="sm-6f8">
         <name>__aeabi_dmul</name>
         <value>0x3e75</value>
         <object_component_ref idref="oc-2c3"/>
      </symbol>
      <symbol id="sm-702">
         <name>__aeabi_d2iz</name>
         <value>0x4e11</value>
         <object_component_ref idref="oc-2d2"/>
      </symbol>
      <symbol id="sm-70e">
         <name>__aeabi_d2f</name>
         <value>0x499d</value>
         <object_component_ref idref="oc-272"/>
      </symbol>
      <symbol id="sm-724">
         <name>getc</name>
         <value>0x461d</value>
         <object_component_ref idref="oc-1b9"/>
      </symbol>
      <symbol id="sm-725">
         <name>getchar</name>
         <value>0x4699</value>
         <object_component_ref idref="oc-1b9"/>
      </symbol>
      <symbol id="sm-726">
         <name>fgetc</name>
         <value>0x461d</value>
         <object_component_ref idref="oc-1b9"/>
      </symbol>
      <symbol id="sm-730">
         <name>__aeabi_i2d</name>
         <value>0x4f63</value>
         <object_component_ref idref="oc-2dd"/>
      </symbol>
      <symbol id="sm-73f">
         <name>ltoa</name>
         <value>0x4c79</value>
         <object_component_ref idref="oc-2d7"/>
      </symbol>
      <symbol id="sm-74f">
         <name>memccpy</name>
         <value>0x5017</value>
         <object_component_ref idref="oc-2f3"/>
      </symbol>
      <symbol id="sm-76a">
         <name>frexpl</name>
         <value>0x4c15</value>
         <object_component_ref idref="oc-2e7"/>
      </symbol>
      <symbol id="sm-76b">
         <name>frexp</name>
         <value>0x4c15</value>
         <object_component_ref idref="oc-2e7"/>
      </symbol>
      <symbol id="sm-788">
         <name>scalbn</name>
         <value>0x3f71</value>
         <object_component_ref idref="oc-2ed"/>
      </symbol>
      <symbol id="sm-789">
         <name>scalbnl</name>
         <value>0x3f71</value>
         <object_component_ref idref="oc-2ed"/>
      </symbol>
      <symbol id="sm-78a">
         <name>ldexpl</name>
         <value>0x3f71</value>
         <object_component_ref idref="oc-2ed"/>
      </symbol>
      <symbol id="sm-78b">
         <name>ldexp</name>
         <value>0x3f71</value>
         <object_component_ref idref="oc-2ed"/>
      </symbol>
      <symbol id="sm-7a7">
         <name>setvbuf</name>
         <value>0x4161</value>
         <object_component_ref idref="oc-24a"/>
      </symbol>
      <symbol id="sm-7b1">
         <name>_system_post_cinit</name>
         <value>0x360f</value>
         <object_component_ref idref="oc-aa"/>
      </symbol>
      <symbol id="sm-7c0">
         <name>strrchr</name>
         <value>0x50ad</value>
         <object_component_ref idref="oc-284"/>
      </symbol>
      <symbol id="sm-7fd">
         <name>strtold</name>
         <value>0x2ab1</value>
         <object_component_ref idref="oc-26c"/>
      </symbol>
      <symbol id="sm-7fe">
         <name>strtod</name>
         <value>0x2ab1</value>
         <object_component_ref idref="oc-26c"/>
      </symbol>
      <symbol id="sm-823">
         <name>strtol</name>
         <value>0x39e9</value>
         <object_component_ref idref="oc-277"/>
      </symbol>
      <symbol id="sm-84c">
         <name>strtoll</name>
         <value>0x2ee1</value>
         <object_component_ref idref="oc-27d"/>
      </symbol>
      <symbol id="sm-86d">
         <name>strtoul</name>
         <value>0x3c51</value>
         <object_component_ref idref="oc-260"/>
      </symbol>
      <symbol id="sm-893">
         <name>strtoull</name>
         <value>0x3611</value>
         <object_component_ref idref="oc-266"/>
      </symbol>
      <symbol id="sm-8af">
         <name>__aeabi_uldivmod</name>
         <value>0x2ced</value>
         <object_component_ref idref="oc-2b9"/>
      </symbol>
      <symbol id="sm-8c8">
         <name>__TI_buff_read</name>
         <value>0x43b1</value>
         <object_component_ref idref="oc-258"/>
      </symbol>
      <symbol id="sm-8d1">
         <name>__aeabi_lmul</name>
         <value>0x507d</value>
         <object_component_ref idref="oc-343"/>
      </symbol>
      <symbol id="sm-8db">
         <name>copysign</name>
         <value>0x50f1</value>
         <object_component_ref idref="oc-378"/>
      </symbol>
      <symbol id="sm-8dc">
         <name>copysignl</name>
         <value>0x50f1</value>
         <object_component_ref idref="oc-378"/>
      </symbol>
      <symbol id="sm-921">
         <name>ADCProcessorTrigger</name>
         <value>0x5033</value>
         <object_component_ref idref="oc-15e"/>
      </symbol>
      <symbol id="sm-922">
         <name>ADCSequenceEnable</name>
         <value>0x513f</value>
         <object_component_ref idref="oc-145"/>
      </symbol>
      <symbol id="sm-923">
         <name>ADCSequenceConfigure</name>
         <value>0x4e59</value>
         <object_component_ref idref="oc-139"/>
      </symbol>
      <symbol id="sm-924">
         <name>ADCSequenceStepConfigure</name>
         <value>0x4839</value>
         <object_component_ref idref="oc-13f"/>
      </symbol>
      <symbol id="sm-925">
         <name>ADCIntClear</name>
         <value>0x5167</value>
         <object_component_ref idref="oc-14b"/>
      </symbol>
      <symbol id="sm-926">
         <name>ADCIntStatus</name>
         <value>0x4f35</value>
         <object_component_ref idref="oc-164"/>
      </symbol>
      <symbol id="sm-927">
         <name>ADCSequenceDataGet</name>
         <value>0x4fdb</value>
         <object_component_ref idref="oc-16a"/>
      </symbol>
      <symbol id="sm-956">
         <name>GPIOPinTypeADC</name>
         <value>0x512d</value>
         <object_component_ref idref="oc-12d"/>
      </symbol>
      <symbol id="sm-957">
         <name>GPIOPinTypeGPIOOutput</name>
         <value>0x504b</value>
         <object_component_ref idref="oc-133"/>
      </symbol>
      <symbol id="sm-958">
         <name>GPIODirModeSet</name>
         <value>0x4f91</value>
         <object_component_ref idref="oc-1f6"/>
      </symbol>
      <symbol id="sm-959">
         <name>GPIOPinWrite</name>
         <value>0x5179</value>
         <object_component_ref idref="oc-151"/>
      </symbol>
      <symbol id="sm-95a">
         <name>GPIOPadConfigSet</name>
         <value>0x3b1d</value>
         <object_component_ref idref="oc-1fc"/>
      </symbol>
      <symbol id="sm-9b8">
         <name>SysCtlClockSet</name>
         <value>0x406d</value>
         <object_component_ref idref="oc-11b"/>
      </symbol>
      <symbol id="sm-9b9">
         <name>SysCtlDelay</name>
         <value>0x517f</value>
         <object_component_ref idref="oc-15d"/>
      </symbol>
      <symbol id="sm-9ba">
         <name>SysCtlPeripheralEnable</name>
         <value>0x4ed1</value>
         <object_component_ref idref="oc-121"/>
      </symbol>
      <symbol id="sm-9bb">
         <name>SysCtlClockGet</name>
         <value>0x3d65</value>
         <object_component_ref idref="oc-157"/>
      </symbol>
      <symbol id="sm-9bc">
         <name>SysCtlPeripheralReady</name>
         <value>0x4e99</value>
         <object_component_ref idref="oc-127"/>
      </symbol>
      <symbol id="sm-9be">
         <name>__TI_static_base__</name>
         <value>0x0</value>
      </symbol>
      <symbol id="sm-9c1">
         <name>SHT$$INIT_ARRAY$$Limit</name>
         <value>0x0</value>
      </symbol>
      <symbol id="sm-9c2">
         <name>SHT$$INIT_ARRAY$$Base</name>
         <value>0x0</value>
      </symbol>
      <symbol id="sm-9c3">
         <name>remove</name>
         <value>0x2835</value>
      </symbol>
   </symbol_table>
   <title>Link successful</title>
</link_info>
